2025-07-07 01:38:52.652  3181-3540  OplusPriva...Controller com.android.systemui                 D  resolveState ViewState(systemPrivacyEventIsActive=false, shadeExpanded=false, qsExpanded=false, rtl=false, rotation=0, height=12, x=48, y=66, cornerIndex=1, designatedCorner=android.widget.FrameLayout{ac3d622 G.E...... ......ID 0,0-12,12 #7f0a051b app:id/icons_container viewInfo = }, contentDescription=null, chipAnimationStart=false, preDraw=false) shouldShowDot false
2025-07-07 01:38:52.676  1623-3799  OplusHansManager        system_server                        I  uid=10285, pkg=com.gamma.scan F enter(), M stay=3
2025-07-07 01:38:52.683  1623-3799  OplusHansManager        system_server                        I  freeze uid: 10285 com.gamma.scan pids: [11400, 11483] IsolatedUid: [99074] scene: LcdOn
2025-07-07 01:38:52.685  9453-9453  IHansComunication       hans                                 D  HANS sendMessageToKernel: threadId = 506395081904, netLinkSetup = 1, type = PKG, targetUid = 10285, pkgCmd = ADD_ONE_UID
2025-07-07 01:38:52.909  3804-4107  CommonScen...-128-10039 com.oplus.nas                        D  transportLayerQosChange TransportLayerData{link_index=33, uid=10039, uplink_srtt=0, uplink_packets=0, uplink_retrans_packets=0, uplink_retrans_rate=0, downlink_srtt=0, downlink_packets=0, downlink_retrans_packets=0, downlink_retrans_rate=0, downlink_rate=0, uplink_udp_packets=0, downlink_udp_packets=0, uplink_tcp_rate=0, uplink_udp_rate=0, downlink_tcp_rate=0, downlink_udp_rate=0}
2025-07-07 01:38:52.909  3804-4107  CommonScen...-128-10039 com.oplus.nas                        D  ActiveState process message 2
2025-07-07 01:38:52.909  3804-4107  CommonScen...-128-10039 com.oplus.nas                        D  ActiveState EVENT_NETWORK_KPI_CHANGE
2025-07-07 01:38:52.909  3804-4107  CommonScen...-128-10039 com.oplus.nas                        D  transport layer data is invalid
2025-07-07 01:38:52.909  3804-4107  CommonScen...-128-10039 com.oplus.nas                        D  ActiveState EVENT_NETWORK_KPI_CHANGE score is invalid
2025-07-07 01:38:53.046  1306-1306  OplusPerfCount          surfaceflinger                       I  The num of client composition of  in last 60002 ms is: 87
2025-07-07 01:38:53.046  1306-1306  OplusPerfCount          surfaceflinger                       I  The num of blur fliter in last 60002 ms is: 105
2025-07-07 01:38:53.046  1306-1306  OplusPerfCount          surfaceflinger                       I  The layer number in last 60002ms is: 6 layer, 87 time, 
2025-07-07 01:38:53.253  1623-2747  JobScheduler.JobStatus  system_server                        W  Exempted app com.android.vending considered buggy
2025-07-07 01:38:53.253  1623-2747  JobScheduler.JobStatus  system_server                        W  Exempted app com.android.vending considered buggy
2025-07-07 01:38:53.253  1623-2747  JobScheduler.JobStatus  system_server                        W  Exempted app com.android.vending considered buggy
2025-07-07 01:38:53.253  1623-2747  JobScheduler.JobStatus  system_server                        W  Exempted app com.android.vending considered buggy
2025-07-07 01:38:53.253  1623-2747  JobScheduler.JobStatus  system_server                        W  Exempted app com.android.vending considered buggy
2025-07-07 01:38:53.253  1623-2747  JobScheduler.JobStatus  system_server                        W  Exempted app com.android.vending considered buggy
2025-07-07 01:38:53.254  1623-2747  JobScheduler.JobStatus  system_server                        W  Exempted app com.android.vending considered buggy
2025-07-07 01:38:53.254  1623-2747  JobScheduler.JobStatus  system_server                        W  Exempted app com.android.vending considered buggy
2025-07-07 01:38:53.254  1623-2747  JobScheduler.JobStatus  system_server                        W  Exempted app com.android.vending considered buggy
2025-07-07 01:38:53.254  1623-2747  JobScheduler.JobStatus  system_server                        W  Exempted app com.android.vending considered buggy
2025-07-07 01:38:53.254  1623-2747  JobScheduler.JobStatus  system_server                        W  Exempted app com.android.vending considered buggy
2025-07-07 01:38:53.254  1623-2747  JobScheduler.JobStatus  system_server                        W  Exempted app com.android.vending considered buggy
2025-07-07 01:38:53.254  1623-2747  JobScheduler.JobStatus  system_server                        W  Exempted app com.android.vending considered buggy
2025-07-07 01:38:53.255  1623-2747  JobScheduler.JobStatus  system_server                        W  Exempted app com.android.vending considered buggy
2025-07-07 01:38:53.255  1623-2747  JobScheduler.JobStatus  system_server                        W  Exempted app com.android.vending considered buggy
2025-07-07 01:38:53.255  1623-2747  JobScheduler.JobStatus  system_server                        W  Exempted app com.android.vending considered buggy
2025-07-07 01:38:53.255  1623-2747  JobScheduler.JobStatus  system_server                        W  Exempted app com.android.vending considered buggy
2025-07-07 01:38:53.255  1623-2747  JobScheduler.JobStatus  system_server                        W  Exempted app com.android.vending considered buggy
2025-07-07 01:38:53.255  1623-2747  JobScheduler.JobStatus  system_server                        W  Exempted app com.android.vending considered buggy
2025-07-07 01:38:53.255  1623-2747  JobScheduler.JobStatus  system_server                        W  Exempted app com.android.vending considered buggy
2025-07-07 01:38:53.255  1623-2747  JobScheduler.JobStatus  system_server                        W  Exempted app com.android.vending considered buggy
2025-07-07 01:38:53.255  1623-2747  JobScheduler.JobStatus  system_server                        W  Exempted app com.android.vending considered buggy
2025-07-07 01:38:53.255  1623-2747  JobScheduler.JobStatus  system_server                        W  Exempted app com.android.vending considered buggy
2025-07-07 01:38:53.255  1623-2747  JobScheduler.JobStatus  system_server                        W  Exempted app com.android.vending considered buggy
2025-07-07 01:38:53.255  1623-2747  JobScheduler.JobStatus  system_server                        W  Exempted app com.android.vending considered buggy
2025-07-07 01:38:53.256  1623-2747  JobScheduler.JobStatus  system_server                        W  Exempted app com.android.vending considered buggy
2025-07-07 01:38:53.256  1623-2747  JobScheduler.JobStatus  system_server                        W  Exempted app com.android.vending considered buggy
2025-07-07 01:38:53.256  1623-2747  JobScheduler.JobStatus  system_server                        W  Exempted app com.android.vending considered buggy
2025-07-07 01:38:53.256  1623-2747  JobScheduler.JobStatus  system_server                        W  Exempted app com.android.vending considered buggy
2025-07-07 01:38:53.256  1623-2747  JobScheduler.JobStatus  system_server                        W  Exempted app com.android.vending considered buggy
2025-07-07 01:38:53.256  1623-2747  JobScheduler.JobStatus  system_server                        W  Exempted app com.android.vending considered buggy
2025-07-07 01:38:53.256  1623-2747  JobScheduler.JobStatus  system_server                        W  Exempted app com.android.vending considered buggy
2025-07-07 01:38:53.256  1623-2747  JobScheduler.JobStatus  system_server                        W  Exempted app com.android.vending considered buggy
2025-07-07 01:38:53.256  1623-2747  JobScheduler.JobStatus  system_server                        W  Exempted app com.android.vending considered buggy
2025-07-07 01:38:53.256  1623-2747  JobScheduler.JobStatus  system_server                        W  Exempted app com.android.vending considered buggy
2025-07-07 01:38:53.256  1623-2747  JobScheduler.JobStatus  system_server                        W  Exempted app com.android.vending considered buggy
2025-07-07 01:38:53.257  1623-2747  JobScheduler.JobStatus  system_server                        W  Exempted app com.android.vending considered buggy
2025-07-07 01:38:53.257  1623-2747  JobScheduler.JobStatus  system_server                        W  Exempted app com.android.vending considered buggy
2025-07-07 01:38:53.257  1623-2747  JobScheduler.JobStatus  system_server                        W  Exempted app com.android.vending considered buggy
2025-07-07 01:38:53.257  1623-2747  JobScheduler.JobStatus  system_server                        W  Exempted app com.android.vending considered buggy
2025-07-07 01:38:53.264  1623-2344  OplusSmart...Controller system_server                        D  handleMessage MSG_LUX_CHANGED, mLux:18.205729 luxQueue=[18.205729, 18.205729, 18.205729, 18.205729, 18.205729, 18.205729, 18.205729, 18.205729, 18.205729, 18.205729]
2025-07-07 01:38:53.264  1623-2344  OplusSmart...Controller system_server                        D  drag strategy, originLux:18.205729 updateLux:18.205729 Coefficient:4.7524357 queue:[18.205729, 18.205729, 18.205729, 18.205729]
2025-07-07 01:38:53.476  1306-4410  SurfaceFlinger          surfaceflinger                       D  captureDisplay from pid 1306 uid -1 display 4630946198108318081
2025-07-07 01:38:53.540  1623-2924  WifiStaIfaceHidlImpl    system_server                        D  getCachedScanData is not implemented by HIDL
2025-07-07 01:38:53.688  9453-9453  IHansComunication       hans                                 D  HANS sendMessageToKernel: threadId = 506395081904, netLinkSetup = 1, type = FROZEN_TRANS, targetUid = 10285, pkgCmd = PKG_CMD_MAX
2025-07-07 01:38:53.931  3804-4107  CommonScen...-128-10039 com.oplus.nas                        D  transportLayerQosChange TransportLayerData{link_index=33, uid=10039, uplink_srtt=0, uplink_packets=0, uplink_retrans_packets=0, uplink_retrans_rate=0, downlink_srtt=0, downlink_packets=0, downlink_retrans_packets=0, downlink_retrans_rate=0, downlink_rate=0, uplink_udp_packets=0, downlink_udp_packets=0, uplink_tcp_rate=0, uplink_udp_rate=0, downlink_tcp_rate=0, downlink_udp_rate=0}
2025-07-07 01:38:53.932  3804-4107  CommonScen...-128-10039 com.oplus.nas                        D  ActiveState process message 2
2025-07-07 01:38:53.932  3804-4107  CommonScen...-128-10039 com.oplus.nas                        D  ActiveState EVENT_NETWORK_KPI_CHANGE
2025-07-07 01:38:53.932  3804-4107  CommonScen...-128-10039 com.oplus.nas                        D  transport layer data is invalid
2025-07-07 01:38:53.932  3804-4107  CommonScen...-128-10039 com.oplus.nas                        D  ActiveState EVENT_NETWORK_KPI_CHANGE score is invalid
2025-07-07 01:38:54.285  3181-3181  SystemUi--Keyguard      com.android.systemui                 I  KeyguardUtils-->density is 0 sInitialDisplayDensity:480
2025-07-07 01:38:54.955  3804-4107  CommonScen...-128-10039 com.oplus.nas                        D  transportLayerQosChange TransportLayerData{link_index=33, uid=10039, uplink_srtt=0, uplink_packets=0, uplink_retrans_packets=0, uplink_retrans_rate=0, downlink_srtt=0, downlink_packets=0, downlink_retrans_packets=0, downlink_retrans_rate=0, downlink_rate=0, uplink_udp_packets=0, downlink_udp_packets=0, uplink_tcp_rate=0, uplink_udp_rate=0, downlink_tcp_rate=0, downlink_udp_rate=0}
2025-07-07 01:38:54.955  3804-4107  CommonScen...-128-10039 com.oplus.nas                        D  ActiveState process message 2
2025-07-07 01:38:54.955  3804-4107  CommonScen...-128-10039 com.oplus.nas                        D  ActiveState EVENT_NETWORK_KPI_CHANGE
2025-07-07 01:38:54.956  3804-4107  CommonScen...-128-10039 com.oplus.nas                        D  transport layer data is invalid
2025-07-07 01:38:54.956  3804-4107  CommonScen...-128-10039 com.oplus.nas                        D  ActiveState EVENT_NETWORK_KPI_CHANGE score is invalid
2025-07-07 01:38:55.375  1623-2344  OplusSmart...Controller system_server                        D  handleMessage MSG_LUX_CHANGED, mLux:18.205729 luxQueue=[18.205729, 18.205729, 18.205729, 18.205729, 18.205729, 18.205729, 18.205729, 18.205729, 18.205729, 18.205729]
2025-07-07 01:38:55.375  1623-2344  OplusSmart...Controller system_server                        D  drag strategy, originLux:18.205729 updateLux:18.205729 Coefficient:4.7524357 queue:[18.205729, 18.205729, 18.205729, 18.205729]
2025-07-07 01:38:55.980  3804-4107  CommonScen...-128-10039 com.oplus.nas                        D  transportLayerQosChange TransportLayerData{link_index=33, uid=10039, uplink_srtt=0, uplink_packets=0, uplink_retrans_packets=0, uplink_retrans_rate=0, downlink_srtt=0, downlink_packets=0, downlink_retrans_packets=0, downlink_retrans_rate=0, downlink_rate=0, uplink_udp_packets=0, downlink_udp_packets=0, uplink_tcp_rate=0, uplink_udp_rate=0, downlink_tcp_rate=0, downlink_udp_rate=0}
2025-07-07 01:38:55.981  3804-4107  CommonScen...-128-10039 com.oplus.nas                        D  ActiveState process message 2
2025-07-07 01:38:55.981  3804-4107  CommonScen...-128-10039 com.oplus.nas                        D  ActiveState EVENT_NETWORK_KPI_CHANGE
2025-07-07 01:38:55.981  3804-4107  CommonScen...-128-10039 com.oplus.nas                        D  transport layer data is invalid
2025-07-07 01:38:55.981  3804-4107  CommonScen...-128-10039 com.oplus.nas                        D  ActiveState EVENT_NETWORK_KPI_CHANGE score is invalid
2025-07-07 01:38:56.073  1623-3049  OplusNetKit             system_server                        D  in getLpByInterface name from LP: [wlan0]
2025-07-07 01:38:56.090  1623-3049  OplusNetRttKit          system_server                        D  getIcmpEchoRtt each addr:192.168.1.1 Rtt: 8
2025-07-07 01:38:56.099  1623-3049  OplusNetRttKit          system_server                        D  getIcmpEchoRtt each addr:192.168.1.1 Rtt: 9
2025-07-07 01:38:56.106  1623-3049  OplusNetRttKit          system_server                        D  getIcmpEchoRtt each addr:192.168.1.1 Rtt: 7
2025-07-07 01:38:56.106  1623-3049  OplusNetRttKit          system_server                        D  getIcmpEchoRtt addr:192.168.1.1 avgRtt: 8
2025-07-07 01:38:56.577  1623-2924  WifiStaIfaceHidlImpl    system_server                        D  getCachedScanData is not implemented by HIDL
2025-07-07 01:38:56.888 20477-20576 ScreenStatusProducer    com.oplus.midas                      D  Current queue status: isIdle = true, isPolling = true
2025-07-07 01:38:57.004  3804-4107  CommonScen...-128-10039 com.oplus.nas                        D  transportLayerQosChange TransportLayerData{link_index=33, uid=10039, uplink_srtt=0, uplink_packets=0, uplink_retrans_packets=0, uplink_retrans_rate=0, downlink_srtt=0, downlink_packets=0, downlink_retrans_packets=0, downlink_retrans_rate=0, downlink_rate=0, uplink_udp_packets=0, downlink_udp_packets=0, uplink_tcp_rate=0, uplink_udp_rate=0, downlink_tcp_rate=0, downlink_udp_rate=0}
2025-07-07 01:38:57.004  3804-4107  CommonScen...-128-10039 com.oplus.nas                        D  ActiveState process message 2
2025-07-07 01:38:57.004  3804-4107  CommonScen...-128-10039 com.oplus.nas                        D  ActiveState EVENT_NETWORK_KPI_CHANGE
2025-07-07 01:38:57.004  3804-4107  CommonScen...-128-10039 com.oplus.nas                        D  transport layer data is invalid
2025-07-07 01:38:57.004  3804-4107  CommonScen...-128-10039 com.oplus.nas                        D  ActiveState EVENT_NETWORK_KPI_CHANGE score is invalid
2025-07-07 01:38:57.484  1623-2344  OplusSmart...Controller system_server                        D  handleMessage MSG_LUX_CHANGED, mLux:18.205729 luxQueue=[18.205729, 18.205729, 18.205729, 18.205729, 18.205729, 18.205729, 18.205729, 18.205729, 18.205729, 18.205729]
2025-07-07 01:38:57.484  1623-2344  OplusSmart...Controller system_server                        D  drag strategy, originLux:18.205729 updateLux:18.205729 Coefficient:4.7524357 queue:[18.205729, 18.205729, 18.205729, 18.205729]
2025-07-07 01:38:58.028  3804-4107  CommonScen...-128-10039 com.oplus.nas                        D  transportLayerQosChange TransportLayerData{link_index=33, uid=10039, uplink_srtt=0, uplink_packets=0, uplink_retrans_packets=0, uplink_retrans_rate=0, downlink_srtt=0, downlink_packets=0, downlink_retrans_packets=0, downlink_retrans_rate=0, downlink_rate=0, uplink_udp_packets=0, downlink_udp_packets=0, uplink_tcp_rate=0, uplink_udp_rate=0, downlink_tcp_rate=0, downlink_udp_rate=0}
2025-07-07 01:38:58.028  3804-4107  CommonScen...-128-10039 com.oplus.nas                        D  ActiveState process message 2
2025-07-07 01:38:58.028  3804-4107  CommonScen...-128-10039 com.oplus.nas                        D  ActiveState EVENT_NETWORK_KPI_CHANGE
2025-07-07 01:38:58.028  3804-4107  CommonScen...-128-10039 com.oplus.nas                        D  transport layer data is invalid
2025-07-07 01:38:58.028  3804-4107  CommonScen...-128-10039 com.oplus.nas                        D  ActiveState EVENT_NETWORK_KPI_CHANGE score is invalid
2025-07-07 01:38:58.294  3181-3181  SystemUi--Keyguard      com.android.systemui                 I  KeyguardUtils-->density is 0 sInitialDisplayDensity:480
2025-07-07 01:38:58.538  1306-4410  SurfaceFlinger          surfaceflinger                       D  captureDisplay from pid 1306 uid -1 display 4630946198108318081
2025-07-07 01:38:59.051  3804-4107  CommonScen...-128-10039 com.oplus.nas                        D  transportLayerQosChange TransportLayerData{link_index=33, uid=10039, uplink_srtt=0, uplink_packets=0, uplink_retrans_packets=0, uplink_retrans_rate=0, downlink_srtt=0, downlink_packets=0, downlink_retrans_packets=0, downlink_retrans_rate=0, downlink_rate=0, uplink_udp_packets=0, downlink_udp_packets=0, uplink_tcp_rate=0, uplink_udp_rate=0, downlink_tcp_rate=0, downlink_udp_rate=0}
2025-07-07 01:38:59.052  3804-4107  CommonScen...-128-10039 com.oplus.nas                        D  ActiveState process message 2
2025-07-07 01:38:59.052  3804-4107  CommonScen...-128-10039 com.oplus.nas                        D  ActiveState EVENT_NETWORK_KPI_CHANGE
2025-07-07 01:38:59.052  3804-4107  CommonScen...-128-10039 com.oplus.nas                        D  transport layer data is invalid
2025-07-07 01:38:59.052  3804-4107  CommonScen...-128-10039 com.oplus.nas                        D  ActiveState EVENT_NETWORK_KPI_CHANGE score is invalid
2025-07-07 01:38:59.596  1623-2344  OplusSmart...Controller system_server                        D  handleMessage MSG_LUX_CHANGED, mLux:18.205729 luxQueue=[18.205729, 18.205729, 18.205729, 18.205729, 18.205729, 18.205729, 18.205729, 18.205729, 18.205729, 18.205729]
2025-07-07 01:38:59.597  1623-2344  OplusSmart...Controller system_server                        D  drag strategy, originLux:18.205729 updateLux:18.205729 Coefficient:4.7524357 queue:[18.205729, 18.205729, 18.205729, 18.205729]
2025-07-07 01:38:59.615  1623-2924  WifiStaIfaceHidlImpl    system_server                        D  getCachedScanData is not implemented by HIDL
2025-07-07 01:39:00.001  1623-2840  AlarmManager            system_server                        V  sending alarm Alarm{c888aa4 type 3 origWhen 179552100 whenElapsed 179552100 android} uid 1000 whenElapsed 179552100 windowLength 0 maxWhenElapsed 179552100 repeatInterval 0 action null component null tag TIME_TICK flags 0x9 procName system_server
2025-07-07 01:39:00.016  6281-7098  PhoneUsageTime          com.oplus.battery                    D  affairType:231
2025-07-07 01:39:00.019  1623-1623  LightsServiceExtImpl    system_server                        D  currentTime is not belong to 700 - 2330
2025-07-07 01:39:00.022  3932-3932  SubsysBroadcastManager  com.oplus.subsys                     D  onReceive action:android.intent.action.TIME_TICK
2025-07-07 01:39:00.031  3932-3932  RadioMessenger          com.oplus.subsys                     D  handleMessage Request msgid 2151
2025-07-07 01:39:00.035  1623-3091  CommSceneService        system_server                        D  notify align tick changed state=1
2025-07-07 01:39:00.035  2112-2165  QmiVsClient             subsys_daemon                        D  getMotionState - enter
2025-07-07 01:39:00.036  1623-3091  CommSceneListener       system_server                        I  on scene=1006 state=1 pId=-1
2025-07-07 01:39:00.036  1623-3091  OSysNetControlService   system_server                        D  handle comm scene=1006 state=1 phoneId=-1
2025-07-07 01:39:00.036  1623-3091  OSysNetControlService   system_server                        D  condition id=1 state=false not match!
2025-07-07 01:39:00.036  1623-3091  OSysNetControlService   system_server                        D  condition id=2 state=false not match!
2025-07-07 01:39:00.037  6281-7098  PhoneScreenOnTime       com.oplus.battery                    D  affairType:231
2025-07-07 01:39:00.039  2112-2174  QmiVsClient             subsys_daemon                        D  getMotionState callback - enter
2025-07-07 01:39:00.039  2112-2174  QmiVsClient             subsys_daemon                        E  error : PARAM_CHECK_RESP_NO_RETURN 94
2025-07-07 01:39:00.039  2112-2174  QmiClient               subsys_daemon                        D  QmiErrorToRadioApiError qmiError 94, radio result 2
2025-07-07 01:39:00.040  2112-2165  VsProxy                 subsys_daemon                        D  handleMessage msg is 4001
2025-07-07 01:39:00.040  2112-2165  RadioProxy              subsys_daemon                        D  getMotionState : response cb for instance 0
2025-07-07 01:39:00.041  3932-22815 RadioProxyJ             com.oplus.subsys                     D  [PHONE0][3147]< getMotionStateResponse {}
2025-07-07 01:39:00.041  3932-3932  RadioMessenger          com.oplus.subsys                     D  handleMessage Response msgid 142
2025-07-07 01:39:00.042  3932-3932  ServiceMessengerHelper  com.oplus.subsys                     E  handleSendErrorResponse error 2
2025-07-07 01:39:00.044  3181-3181  SystemUi--Keyguard      com.android.systemui                 I  KeyguardUtils-->density is 0 sInitialDisplayDensity:480
2025-07-07 01:39:00.056  3181-3181  SingleClockView         com.android.systemui                 D  updateTime,  24hfmt=false, h=1, m=39
2025-07-07 01:39:00.063  3181-3181  SingleClockView         com.android.systemui                 D  updateTime,  24hfmt=false, h=1, m=39
2025-07-07 01:39:00.067  1623-6090  OplusCusto...gerService system_server                        E  isBiometricDisabled start
2025-07-07 01:39:00.076  3804-4107  CommonScen...-128-10039 com.oplus.nas                        D  transportLayerQosChange TransportLayerData{link_index=33, uid=10039, uplink_srtt=0, uplink_packets=0, uplink_retrans_packets=0, uplink_retrans_rate=0, downlink_srtt=0, downlink_packets=0, downlink_retrans_packets=0, downlink_retrans_rate=0, downlink_rate=0, uplink_udp_packets=0, downlink_udp_packets=0, uplink_tcp_rate=0, uplink_udp_rate=0, downlink_tcp_rate=0, downlink_udp_rate=0}
2025-07-07 01:39:00.077  3804-4107  CommonScen...-128-10039 com.oplus.nas                        D  ActiveState process message 2
2025-07-07 01:39:00.077  3804-4107  CommonScen...-128-10039 com.oplus.nas                        D  ActiveState EVENT_NETWORK_KPI_CHANGE
2025-07-07 01:39:00.077  3804-4107  CommonScen...-128-10039 com.oplus.nas                        D  transport layer data is invalid
2025-07-07 01:39:00.077  3804-4107  CommonScen...-128-10039 com.oplus.nas                        D  ActiveState EVENT_NETWORK_KPI_CHANGE score is invalid
2025-07-07 01:39:00.095  3181-3181  SystemUi--Keyguard      com.android.systemui                 I  KeyguardUtils-->density is 0 sInitialDisplayDensity:480
2025-07-07 01:39:01.099  3804-4107  CommonScen...-128-10039 com.oplus.nas                        D  transportLayerQosChange TransportLayerData{link_index=33, uid=10039, uplink_srtt=0, uplink_packets=0, uplink_retrans_packets=0, uplink_retrans_rate=0, downlink_srtt=0, downlink_packets=0, downlink_retrans_packets=0, downlink_retrans_rate=0, downlink_rate=0, uplink_udp_packets=0, downlink_udp_packets=0, uplink_tcp_rate=0, uplink_udp_rate=0, downlink_tcp_rate=0, downlink_udp_rate=0}
2025-07-07 01:39:01.099  3804-4107  CommonScen...-128-10039 com.oplus.nas                        D  ActiveState process message 2
2025-07-07 01:39:01.099  3804-4107  CommonScen...-128-10039 com.oplus.nas                        D  ActiveState EVENT_NETWORK_KPI_CHANGE
2025-07-07 01:39:01.099  3804-4107  CommonScen...-128-10039 com.oplus.nas                        D  transport layer data is invalid
2025-07-07 01:39:01.099  3804-4107  CommonScen...-128-10039 com.oplus.nas                        D  ActiveState EVENT_NETWORK_KPI_CHANGE score is invalid
2025-07-07 01:39:01.706  1623-2344  OplusSmart...Controller system_server                        D  handleMessage MSG_LUX_CHANGED, mLux:18.205729 luxQueue=[18.205729, 18.205729, 18.205729, 18.205729, 18.205729, 18.205729, 18.205729, 18.205729, 18.205729, 18.205729]
2025-07-07 01:39:01.706  1623-2344  OplusSmart...Controller system_server                        D  drag strategy, originLux:18.205729 updateLux:18.205729 Coefficient:4.7524357 queue:[18.205729, 18.205729, 18.205729, 18.205729]
2025-07-07 01:39:02.123  3804-4107  CommonScen...-128-10039 com.oplus.nas                        D  transportLayerQosChange TransportLayerData{link_index=33, uid=10039, uplink_srtt=0, uplink_packets=0, uplink_retrans_packets=0, uplink_retrans_rate=0, downlink_srtt=0, downlink_packets=0, downlink_retrans_packets=0, downlink_retrans_rate=0, downlink_rate=0, uplink_udp_packets=0, downlink_udp_packets=0, uplink_tcp_rate=0, uplink_udp_rate=0, downlink_tcp_rate=0, downlink_udp_rate=0}
2025-07-07 01:39:02.124  3804-4107  CommonScen...-128-10039 com.oplus.nas                        D  ActiveState process message 2
2025-07-07 01:39:02.124  3804-4107  CommonScen...-128-10039 com.oplus.nas                        D  ActiveState EVENT_NETWORK_KPI_CHANGE
2025-07-07 01:39:02.124  3804-4107  CommonScen...-128-10039 com.oplus.nas                        D  transport layer data is invalid
2025-07-07 01:39:02.124  3804-4107  CommonScen...-128-10039 com.oplus.nas                        D  ActiveState EVENT_NETWORK_KPI_CHANGE score is invalid
2025-07-07 01:39:02.311  3181-3181  SystemUi--Keyguard      com.android.systemui                 I  KeyguardUtils-->density is 0 sInitialDisplayDensity:480
2025-07-07 01:39:02.640  1623-2924  WifiStaIfaceHidlImpl    system_server                        D  getCachedScanData is not implemented by HIDL
2025-07-07 01:39:03.042  1623-2332  ProcessCpu...kerExtImpl system_server                        D  mContext is already set, return now! 
2025-07-07 01:39:03.047  1623-2323  BatteryExt...tatsWorker system_server                        W  error reading Bluetooth stats: 9
2025-07-07 01:39:03.064  3932-3932  RadioMessenger          com.oplus.subsys                     D  handleMessage Request msgid 2220
2025-07-07 01:39:03.064  3932-3932  RadioMessenger          com.oplus.subsys                     D  handleSetSyncWithAp: -1, syncFlag: 1
2025-07-07 01:39:03.065  3932-3932  QtiRadioService         com.oplus.subsys                     D  setSyncWithAp
2025-07-07 01:39:03.065  2112-2160  RadioService            subsys_daemon                        D  setSyncWithAp with instance 0
2025-07-07 01:39:03.066  2112-2174  QmiClient               subsys_daemon                        D  qmiServiceEventCallback recv msg id 1085
2025-07-07 01:39:03.066  2112-2160  VendorService           subsys_daemon                        D  VendorService::setSyncWithAp
2025-07-07 01:39:03.066  2112-2174  QmiVsClient             subsys_daemon                        D  enter - onQmiServiceEventCallback msgId 1085
2025-07-07 01:39:03.066  2112-2174  QmiVsClientEvent        subsys_daemon                        D  qmiVsClientNotifyNecEvent - RADIO_EVENT_NEC_IND
2025-07-07 01:39:03.067  2112-2165  QmiVsClient             subsys_daemon                        D  setSyncWithAp - enter
2025-07-07 01:39:03.067  2112-2165  QmiVsClient             subsys_daemon                        E  sendAsyncRequest QMI_VS_SET_SYNC_WITH_AP_REQ_MSG_V01 ret 0
2025-07-07 01:39:03.067  2112-2165  VsProxy                 subsys_daemon                        D  handleMessage msg is 2403
2025-07-07 01:39:03.067  2112-2165  VsProxy                 subsys_daemon                        D  handleNecInd for instance 0
2025-07-07 01:39:03.068  2112-2165  VsProxy                 subsys_daemon                        D  handleMessage msg is 4001
2025-07-07 01:39:03.068  3932-22815 SubsysRadioIndication   com.oplus.subsys                     D  radioNecInd 
2025-07-07 01:39:03.069  1623-2924  WifiStaIfaceHidlImpl    system_server                        D  getCachedScanData is not implemented by HIDL
2025-07-07 01:39:03.072  3804-4111  SubsysCallManager       com.oplus.nas                        D  handleMessage what:102
2025-07-07 01:39:03.072  3804-4111  SubsysCallManager       com.oplus.nas                        D  parseMdmInfoData len:376
2025-07-07 01:39:03.072  3804-4111  SubsysCallManager       com.oplus.nas                        D  onMdmEvent moduleId:6,eventId:4
2025-07-07 01:39:03.072  3804-4111  ModemDataAnalysis       com.oplus.nas                        D  phoneId = 0, moduleId = 6, onEvent...4, version = 0, size:364
2025-07-07 01:39:03.072  3804-4111  ModemDataAnalysis       com.oplus.nas                        D  isCallNeedsEventId needs = false
2025-07-07 01:39:03.072  1623-6090  TelephonyManager        system_server                        D  requestModemActivityInfo: Sending result to app: ModemActivityInfo{ mTimestamp=179555171 mSleepTimeMs=150977053 mIdleTimeMs=20987785 mActivityStatsTechSpecificInfo=[{mRat=UNKNOWN,mFrequencyRange=UNKNOWN,mTxTimeMs[]=[0, 0, 0, 0, 0],mRxTimeMs=7573137}]}
2025-07-07 01:39:03.073  2112-2165  RadioProxy              subsys_daemon                        D  setSyncWithAp : response cb for instance 0
2025-07-07 01:39:03.074  2112-2112  RadioServiceResponse    subsys_daemon                        D  RadioServiceResponse::setSyncWithApResponse
2025-07-07 01:39:03.074  3821-4054  ModemAciService         com.oplus.nhs                        I  handleMessage:5
2025-07-07 01:39:03.074  3932-22815 SubsysRadioResponse     com.oplus.subsys                     D  setSyncWithApResponse info.error = 0
2025-07-07 01:39:03.074  3821-4054  ModemAciService         com.oplus.nhs                        E  CatchException oemModemAci2OplusModemAci():java.lang.IndexOutOfBoundsException: Index 91 out of bounds for length 91
2025-07-07 01:39:03.074  3932-22815 RadioProxyJ             com.oplus.subsys                     D  [PHONE0][3148]< setSyncWithApResponse 
2025-07-07 01:39:03.074  3821-4054  ModemAciService         com.oplus.nhs                        I  sendSettleObj2Statsd over!
2025-07-07 01:39:03.074  3932-3932  RadioMessenger          com.oplus.subsys                     D  handleMessage Response msgid 210
2025-07-07 01:39:03.076  3821-4054  ModemAciService         com.oplus.nhs                        I  UMF LO,DC: OplusModemActivityInfo{ date=07-07 01:39:03.074 modemPowermA[]=[9.83,9.83,9.83] sleepTimeMs=79772 idleTimeMs=18225 rxTimeMs=2744 5gRxTimeMs=0 txTimeMs[]=[0, 0, 0, 0, 0] 5gTxTimeMsSIM1=[0, 0, 0, 0, 0, 0, 0, 0] 5gTxTimeMsSIM2=[0, 0, 0, 0, 0, 0, 0, 0] 5gTxTimeSum[]=[0, 0] techTimeMs[]=[0, 0, 0, 0, 0, 0, 0, 0, 0] rrcConn10sC[]=[0, 0] rrcConn20sC[]=[0, 0] rrcConnMore20sC[]=[0, 0] rrcConnC[]=[0, 0] csChangedC[]=[0, 0] psChangedC[]=[0, 0] iRatC[]=[0, 0] cellUpdateC[]=[0, 0] nwSrchC[]=[0, 0] nwSrchT[]=[0, 0] lteRrcConnT[]=[0, 0] psRegT[]=[0, 100] csRegT[]=[0, 100] psNoRegT[]=[100, 0] csNoRegT[]=[100, 0] sigGrid0T[]=[0, 0] endcActT[]=[0, 0] saActT[]=[0, 0] gpsTimeMs=0 wlanTimeMs=0 regReqFbC[]=[0, 0] regReqTransAcqDbC[]=[0, 0] saRrcConn10sC[]=[0, 0] saRrcConn20sC[]=[0, 0] saRrcConnMore20sC[]=[0, 0] saRrcConnC[]=[0, 0] lteHoC[]=[0, 0] saHoC[]=[0, 0] saRrcConnT[]=[0, 0] sensorStationaryC=0 sensorStationaryT=0 modemStationaryC=0 modemStationaryT=0}
2025-07-07 01:39:03.147  3804-4107  CommonScen...-128-10039 com.oplus.nas                        D  transportLayerQosChange TransportLayerData{link_index=33, uid=10039, uplink_srtt=0, uplink_packets=0, uplink_retrans_packets=0, uplink_retrans_rate=0, downlink_srtt=0, downlink_packets=0, downlink_retrans_packets=0, downlink_retrans_rate=0, downlink_rate=0, uplink_udp_packets=0, downlink_udp_packets=0, uplink_tcp_rate=0, uplink_udp_rate=0, downlink_tcp_rate=0, downlink_udp_rate=0}
2025-07-07 01:39:03.147  3804-4107  CommonScen...-128-10039 com.oplus.nas                        D  ActiveState process message 2
2025-07-07 01:39:03.147  3804-4107  CommonScen...-128-10039 com.oplus.nas                        D  ActiveState EVENT_NETWORK_KPI_CHANGE
2025-07-07 01:39:03.147  3804-4107  CommonScen...-128-10039 com.oplus.nas                        D  transport layer data is invalid
2025-07-07 01:39:03.147  3804-4107  CommonScen...-128-10039 com.oplus.nas                        D  ActiveState EVENT_NETWORK_KPI_CHANGE score is invalid
2025-07-07 01:39:03.186   952-17286 TetherController        netd                                 E  property_get sys.radio.data.modem_share_flag return 0, 1!
2025-07-07 01:39:03.208  1623-2323  KernelCpuU...TimeReader system_server                        D  Removing uids 99108-99108
2025-07-07 01:39:03.351  1623-2830  SensorService           system_server                        D  0xb40000780ab4fd00 addFd fd=968
2025-07-07 01:39:03.605  1306-4410  SurfaceFlinger          surfaceflinger                       D  captureDisplay from pid 1306 uid -1 display 4630946198108318081
2025-07-07 01:39:04.172  3804-4107  CommonScen...-128-10039 com.oplus.nas                        D  transportLayerQosChange TransportLayerData{link_index=33, uid=10039, uplink_srtt=0, uplink_packets=0, uplink_retrans_packets=0, uplink_retrans_rate=0, downlink_srtt=0, downlink_packets=0, downlink_retrans_packets=0, downlink_retrans_rate=0, downlink_rate=0, uplink_udp_packets=0, downlink_udp_packets=0, uplink_tcp_rate=0, uplink_udp_rate=0, downlink_tcp_rate=0, downlink_udp_rate=0}
2025-07-07 01:39:04.172  3804-4107  CommonScen...-128-10039 com.oplus.nas                        D  ActiveState process message 2
2025-07-07 01:39:04.172  3804-4107  CommonScen...-128-10039 com.oplus.nas                        D  ActiveState EVENT_NETWORK_KPI_CHANGE
2025-07-07 01:39:04.172  3804-4107  CommonScen...-128-10039 com.oplus.nas                        D  transport layer data is invalid
2025-07-07 01:39:04.172  3804-4107  CommonScen...-128-10039 com.oplus.nas                        D  ActiveState EVENT_NETWORK_KPI_CHANGE score is invalid
2025-07-07 01:39:05.196  3758-3758  OplusTelep...Controller com.android.phone                    D  onSignalStrengthChanged: SignalStrength=SignalStrength:{mCdma=CellSignalStrengthCdma: cdmaDbm=2147483647 cdmaEcio=2147483647 evdoDbm=2147483647 evdoEcio=2147483647 evdoSnr=2147483647 level=0,mGsm=CellSignalStrengthGsm: rssi=2147483647 ber=2147483647 mTa=2147483647 mLevel=0,mWcdma=CellSignalStrengthWcdma: ss=2147483647 ber=2147483647 rscp=2147483647 ecno=2147483647 level=0,mTdscdma=CellSignalStrengthTdscdma: rssi=2147483647 ber=2147483647 rscp=2147483647 level=0,mLte=CellSignalStrengthLte: rssi=-69 rsrp=-97 rsrq=-8 rssnr=22 cqiTableIndex=2147483647 cqi=2147483647 ta=2147483647 level=4 parametersUseForLevel=0,mNr=CellSignalStrengthNr:{ csiRsrp = 2147483647 csiRsrq = 2147483647 csiCqiTableIndex = 2147483647 csiCqiReport = [] ssRsrp = 2147483647 ssRsrq = 2147483647 ssSinr = 2147483647 level = 0 parametersUseForLevel = 0 timingAdvance = 2147483647 },primary=CellSignalStrengthLte}
2025-07-07 01:39:05.199  3804-4107  CommonScen...-128-10039 com.oplus.nas                        D  transportLayerQosChange TransportLayerData{link_index=33, uid=10039, uplink_srtt=0, uplink_packets=0, uplink_retrans_packets=0, uplink_retrans_rate=0, downlink_srtt=0, downlink_packets=0, downlink_retrans_packets=0, downlink_retrans_rate=0, downlink_rate=0, uplink_udp_packets=0, downlink_udp_packets=0, uplink_tcp_rate=0, uplink_udp_rate=0, downlink_tcp_rate=0, downlink_udp_rate=0}
2025-07-07 01:39:05.200  3804-4107  CommonScen...-128-10039 com.oplus.nas                        D  ActiveState process message 2
2025-07-07 01:39:05.200  3804-4107  CommonScen...-128-10039 com.oplus.nas                        D  ActiveState EVENT_NETWORK_KPI_CHANGE
2025-07-07 01:39:05.200  3804-4107  CommonScen...-128-10039 com.oplus.nas                        D  transport layer data is invalid
2025-07-07 01:39:05.200  3804-4107  CommonScen...-128-10039 com.oplus.nas                        D  ActiveState EVENT_NETWORK_KPI_CHANGE score is invalid
2025-07-07 01:39:05.681  1623-2924  WifiStaIfaceHidlImpl    system_server                        D  getCachedScanData is not implemented by HIDL
2025-07-07 01:39:05.925  1623-2340  OplusSmart...Controller system_server                        I  deltaLux = 0.023780823, scale = 1.0
2025-07-07 01:39:05.926  1623-2344  OplusSmart...Controller system_server                        D  handleMessage MSG_LUX_CHANGED, mLux:18.181948 luxQueue=[18.181948, 18.181948, 18.181948, 18.181948, 18.181948, 18.181948, 18.181948, 18.181948, 18.181948, 18.181948, 18.181948]
2025-07-07 01:39:05.926  1623-2344  OplusSmart...Controller system_server                        D  drag strategy, originLux:18.181948 updateLux:18.199785 Coefficient:4.7524357 queue:[18.205729, 18.205729, 18.205729, 18.181948]
2025-07-07 01:39:06.221  3804-4107  CommonScen...-128-10039 com.oplus.nas                        D  transportLayerQosChange TransportLayerData{link_index=33, uid=10039, uplink_srtt=0, uplink_packets=0, uplink_retrans_packets=0, uplink_retrans_rate=0, downlink_srtt=0, downlink_packets=0, downlink_retrans_packets=0, downlink_retrans_rate=0, downlink_rate=0, uplink_udp_packets=0, downlink_udp_packets=0, uplink_tcp_rate=0, uplink_udp_rate=0, downlink_tcp_rate=0, downlink_udp_rate=0}
2025-07-07 01:39:06.222  3804-4107  CommonScen...-128-10039 com.oplus.nas                        D  ActiveState process message 2
2025-07-07 01:39:06.222  3804-4107  CommonScen...-128-10039 com.oplus.nas                        D  ActiveState EVENT_NETWORK_KPI_CHANGE
2025-07-07 01:39:06.222  3804-4107  CommonScen...-128-10039 com.oplus.nas                        D  transport layer data is invalid
2025-07-07 01:39:06.222  3804-4107  CommonScen...-128-10039 com.oplus.nas                        D  ActiveState EVENT_NETWORK_KPI_CHANGE score is invalid
2025-07-07 01:39:06.318  3181-3181  SystemUi--Keyguard      com.android.systemui                 I  KeyguardUtils-->density is 0 sInitialDisplayDensity:480
2025-07-07 01:39:07.245  3804-4107  CommonScen...-128-10039 com.oplus.nas                        D  transportLayerQosChange TransportLayerData{link_index=33, uid=10039, uplink_srtt=0, uplink_packets=0, uplink_retrans_packets=0, uplink_retrans_rate=0, downlink_srtt=0, downlink_packets=0, downlink_retrans_packets=0, downlink_retrans_rate=0, downlink_rate=0, uplink_udp_packets=0, downlink_udp_packets=0, uplink_tcp_rate=0, uplink_udp_rate=0, downlink_tcp_rate=0, downlink_udp_rate=0}
2025-07-07 01:39:07.245  3804-4107  CommonScen...-128-10039 com.oplus.nas                        D  ActiveState process message 2
2025-07-07 01:39:07.245  3804-4107  CommonScen...-128-10039 com.oplus.nas                        D  ActiveState EVENT_NETWORK_KPI_CHANGE
2025-07-07 01:39:07.245  3804-4107  CommonScen...-128-10039 com.oplus.nas                        D  transport layer data is invalid
2025-07-07 01:39:07.245  3804-4107  CommonScen...-128-10039 com.oplus.nas                        D  ActiveState EVENT_NETWORK_KPI_CHANGE score is invalid
2025-07-07 01:39:07.640  3758-3758  OplusTelep...Controller com.android.phone                    D  onSignalStrengthChanged: SignalStrength=SignalStrength:{mCdma=CellSignalStrengthCdma: cdmaDbm=2147483647 cdmaEcio=2147483647 evdoDbm=2147483647 evdoEcio=2147483647 evdoSnr=2147483647 level=0,mGsm=CellSignalStrengthGsm: rssi=2147483647 ber=2147483647 mTa=2147483647 mLevel=0,mWcdma=CellSignalStrengthWcdma: ss=2147483647 ber=2147483647 rscp=2147483647 ecno=2147483647 level=0,mTdscdma=CellSignalStrengthTdscdma: rssi=2147483647 ber=2147483647 rscp=2147483647 level=0,mLte=CellSignalStrengthLte: rssi=-65 rsrp=-98 rsrq=-12 rssnr=20 cqiTableIndex=2147483647 cqi=2147483647 ta=2147483647 level=4 parametersUseForLevel=0,mNr=CellSignalStrengthNr:{ csiRsrp = 2147483647 csiRsrq = 2147483647 csiCqiTableIndex = 2147483647 csiCqiReport = [] ssRsrp = 2147483647 ssRsrq = 2147483647 ssSinr = 2147483647 level = 0 parametersUseForLevel = 0 timingAdvance = 2147483647 },primary=CellSignalStrengthLte}
2025-07-07 01:39:08.035  1623-2344  OplusSmart...Controller system_server                        D  handleMessage MSG_LUX_CHANGED, mLux:18.181948 luxQueue=[18.181948, 18.181948, 18.181948, 18.181948, 18.181948, 18.181948, 18.181948, 18.181948, 18.181948, 18.181948]
2025-07-07 01:39:08.036  1623-2344  OplusSmart...Controller system_server                        D  drag strategy, originLux:18.181948 updateLux:18.193842 Coefficient:4.7524357 queue:[18.205729, 18.205729, 18.181948, 18.181948]
2025-07-07 01:39:08.268  3804-4107  CommonScen...-128-10039 com.oplus.nas                        D  transportLayerQosChange TransportLayerData{link_index=33, uid=10039, uplink_srtt=0, uplink_packets=0, uplink_retrans_packets=0, uplink_retrans_rate=0, downlink_srtt=0, downlink_packets=0, downlink_retrans_packets=0, downlink_retrans_rate=0, downlink_rate=0, uplink_udp_packets=0, downlink_udp_packets=0, uplink_tcp_rate=0, uplink_udp_rate=0, downlink_tcp_rate=0, downlink_udp_rate=0}
2025-07-07 01:39:08.268  3804-4107  CommonScen...-128-10039 com.oplus.nas                        D  ActiveState process message 2
2025-07-07 01:39:08.268  3804-4107  CommonScen...-128-10039 com.oplus.nas                        D  ActiveState EVENT_NETWORK_KPI_CHANGE
2025-07-07 01:39:08.268  3804-4107  CommonScen...-128-10039 com.oplus.nas                        D  transport layer data is invalid
2025-07-07 01:39:08.268  3804-4107  CommonScen...-128-10039 com.oplus.nas                        D  ActiveState EVENT_NETWORK_KPI_CHANGE score is invalid
2025-07-07 01:39:08.665  1306-4410  SurfaceFlinger          surfaceflinger                       D  captureDisplay from pid 1306 uid -1 display 4630946198108318081
2025-07-07 01:39:08.720  1623-2924  WifiStaIfaceHidlImpl    system_server                        D  getCachedScanData is not implemented by HIDL
2025-07-07 01:39:08.829  1306-4410  SurfaceFlinger          surfaceflinger                       D  captureDisplay from pid 1306 uid -1 display 4630946198108318081
2025-07-07 01:39:09.292  3804-4107  CommonScen...-128-10039 com.oplus.nas                        D  transportLayerQosChange TransportLayerData{link_index=33, uid=10039, uplink_srtt=0, uplink_packets=0, uplink_retrans_packets=0, uplink_retrans_rate=0, downlink_srtt=0, downlink_packets=0, downlink_retrans_packets=0, downlink_retrans_rate=0, downlink_rate=0, uplink_udp_packets=0, downlink_udp_packets=0, uplink_tcp_rate=0, uplink_udp_rate=0, downlink_tcp_rate=0, downlink_udp_rate=0}
2025-07-07 01:39:09.292  3804-4107  CommonScen...-128-10039 com.oplus.nas                        D  ActiveState process message 2
2025-07-07 01:39:09.292  3804-4107  CommonScen...-128-10039 com.oplus.nas                        D  ActiveState EVENT_NETWORK_KPI_CHANGE
2025-07-07 01:39:09.292  3804-4107  CommonScen...-128-10039 com.oplus.nas                        D  transport layer data is invalid
2025-07-07 01:39:09.292  3804-4107  CommonScen...-128-10039 com.oplus.nas                        D  ActiveState EVENT_NETWORK_KPI_CHANGE score is invalid
2025-07-07 01:39:10.315  3804-4107  CommonScen...-128-10039 com.oplus.nas                        D  transportLayerQosChange TransportLayerData{link_index=33, uid=10039, uplink_srtt=0, uplink_packets=0, uplink_retrans_packets=0, uplink_retrans_rate=0, downlink_srtt=0, downlink_packets=0, downlink_retrans_packets=0, downlink_retrans_rate=0, downlink_rate=0, uplink_udp_packets=0, downlink_udp_packets=0, uplink_tcp_rate=0, uplink_udp_rate=0, downlink_tcp_rate=0, downlink_udp_rate=0}
2025-07-07 01:39:10.315  3804-4107  CommonScen...-128-10039 com.oplus.nas                        D  ActiveState process message 2
2025-07-07 01:39:10.315  3804-4107  CommonScen...-128-10039 com.oplus.nas                        D  ActiveState EVENT_NETWORK_KPI_CHANGE
2025-07-07 01:39:10.315  3804-4107  CommonScen...-128-10039 com.oplus.nas                        D  transport layer data is invalid
2025-07-07 01:39:10.315  3804-4107  CommonScen...-128-10039 com.oplus.nas                        D  ActiveState EVENT_NETWORK_KPI_CHANGE score is invalid
2025-07-07 01:39:10.316  3758-3758  OplusTelep...Controller com.android.phone                    D  onSignalStrengthChanged: SignalStrength=SignalStrength:{mCdma=CellSignalStrengthCdma: cdmaDbm=2147483647 cdmaEcio=2147483647 evdoDbm=2147483647 evdoEcio=2147483647 evdoSnr=2147483647 level=0,mGsm=CellSignalStrengthGsm: rssi=2147483647 ber=2147483647 mTa=2147483647 mLevel=0,mWcdma=CellSignalStrengthWcdma: ss=2147483647 ber=2147483647 rscp=2147483647 ecno=2147483647 level=0,mTdscdma=CellSignalStrengthTdscdma: rssi=2147483647 ber=2147483647 rscp=2147483647 level=0,mLte=CellSignalStrengthLte: rssi=-69 rsrp=-97 rsrq=-9 rssnr=20 cqiTableIndex=2147483647 cqi=2147483647 ta=2147483647 level=4 parametersUseForLevel=0,mNr=CellSignalStrengthNr:{ csiRsrp = 2147483647 csiRsrq = 2147483647 csiCqiTableIndex = 2147483647 csiCqiReport = [] ssRsrp = 2147483647 ssRsrq = 2147483647 ssSinr = 2147483647 level = 0 parametersUseForLevel = 0 timingAdvance = 2147483647 },primary=CellSignalStrengthLte}
2025-07-07 01:39:10.342  3181-3181  SystemUi--Keyguard      com.android.systemui                 I  KeyguardUtils-->density is 0 sInitialDisplayDensity:480
2025-07-07 01:39:10.989  1623-2340  OplusSmart...Controller system_server                        I  deltaLux = 0.011892319, scale = 1.0
2025-07-07 01:39:10.991  1623-2344  OplusSmart...Controller system_server                        D  handleMessage MSG_LUX_CHANGED, mLux:18.170055 luxQueue=[18.170057, 18.170057, 18.170057, 18.170057, 18.170057, 18.170057, 18.170057, 18.170057, 18.170057, 18.170057, 18.170057]
2025-07-07 01:39:10.991  1623-2344  OplusSmart...Controller system_server                        D  drag strategy, originLux:18.170055 updateLux:18.184925 Coefficient:4.7524357 queue:[18.205729, 18.181948, 18.181948, 18.170055]
2025-07-07 01:39:11.343  3804-4107  CommonScen...-128-10039 com.oplus.nas                        D  transportLayerQosChange TransportLayerData{link_index=33, uid=10039, uplink_srtt=0, uplink_packets=0, uplink_retrans_packets=0, uplink_retrans_rate=0, downlink_srtt=0, downlink_packets=0, downlink_retrans_packets=0, downlink_retrans_rate=0, downlink_rate=0, uplink_udp_packets=0, downlink_udp_packets=0, uplink_tcp_rate=0, uplink_udp_rate=0, downlink_tcp_rate=0, downlink_udp_rate=0}
2025-07-07 01:39:11.343  3804-4107  CommonScen...-128-10039 com.oplus.nas                        D  ActiveState process message 2
2025-07-07 01:39:11.343  3804-4107  CommonScen...-128-10039 com.oplus.nas                        D  ActiveState EVENT_NETWORK_KPI_CHANGE
2025-07-07 01:39:11.344  3804-4107  CommonScen...-128-10039 com.oplus.nas                        D  transport layer data is invalid
2025-07-07 01:39:11.344  3804-4107  CommonScen...-128-10039 com.oplus.nas                        D  ActiveState EVENT_NETWORK_KPI_CHANGE score is invalid
2025-07-07 01:39:11.767  1623-2924  WifiStaIfaceHidlImpl    system_server                        D  getCachedScanData is not implemented by HIDL
2025-07-07 01:39:11.831  1623-2344  OplusSmart...Controller system_server                        D  handleMessage MSG_LUX_CHANGED, mLux:18.170057 luxQueue=[18.170057, 18.170057, 18.170057, 18.170057]
2025-07-07 01:39:11.831  1623-2344  OplusSmart...Controller system_server                        D  drag strategy, originLux:18.170057 updateLux:18.176003 Coefficient:4.7524357 queue:[18.181948, 18.181948, 18.170055, 18.170057]
2025-07-07 01:39:12.364  3804-4107  CommonScen...-128-10039 com.oplus.nas                        D  transportLayerQosChange TransportLayerData{link_index=33, uid=10039, uplink_srtt=0, uplink_packets=0, uplink_retrans_packets=0, uplink_retrans_rate=0, downlink_srtt=0, downlink_packets=0, downlink_retrans_packets=0, downlink_retrans_rate=0, downlink_rate=0, uplink_udp_packets=0, downlink_udp_packets=0, uplink_tcp_rate=0, uplink_udp_rate=0, downlink_tcp_rate=0, downlink_udp_rate=0}
2025-07-07 01:39:12.364  3804-4107  CommonScen...-128-10039 com.oplus.nas                        D  ActiveState process message 2
2025-07-07 01:39:12.364  3804-4107  CommonScen...-128-10039 com.oplus.nas                        D  ActiveState EVENT_NETWORK_KPI_CHANGE
2025-07-07 01:39:12.364  3804-4107  CommonScen...-128-10039 com.oplus.nas                        D  transport layer data is invalid
2025-07-07 01:39:12.364  3804-4107  CommonScen...-128-10039 com.oplus.nas                        D  ActiveState EVENT_NETWORK_KPI_CHANGE score is invalid
2025-07-07 01:39:13.155  1623-1623  ResourceTimer           system_server                        I  GetResourceValue count=162783 pvalues=12000,47000,62000,130000
2025-07-07 01:39:13.156  1623-1623  ResourceTimer           system_server                        I  RetrieveAttributes count=18276 pvalues=5000,14000,25000,66000
2025-07-07 01:39:13.388  3804-4107  CommonScen...-128-10039 com.oplus.nas                        D  transportLayerQosChange TransportLayerData{link_index=33, uid=10039, uplink_srtt=0, uplink_packets=0, uplink_retrans_packets=0, uplink_retrans_rate=0, downlink_srtt=0, downlink_packets=0, downlink_retrans_packets=0, downlink_retrans_rate=0, downlink_rate=0, uplink_udp_packets=0, downlink_udp_packets=0, uplink_tcp_rate=0, uplink_udp_rate=0, downlink_tcp_rate=0, downlink_udp_rate=0}
