2025-07-07 01:38:23.219  3804-4107  CommonScen...-128-10039 com.oplus.nas                        D  ActiveState EVENT_DNS_CHECK_RESULT dns check delay=100
2025-07-07 01:38:24.235  3804-4107  CommonScen...-128-10039 com.oplus.nas                        D  transportLayerQosChange TransportLayerData{link_index=33, uid=10039, uplink_srtt=0, uplink_packets=0, uplink_retrans_packets=0, uplink_retrans_rate=0, downlink_srtt=0, downlink_packets=0, downlink_retrans_packets=0, downlink_retrans_rate=0, downlink_rate=0, uplink_udp_packets=0, downlink_udp_packets=0, uplink_tcp_rate=0, uplink_udp_rate=0, downlink_tcp_rate=0, downlink_udp_rate=0}
2025-07-07 01:38:24.235  3804-4107  CommonScen...-128-10039 com.oplus.nas                        D  ActiveState process message 2
2025-07-07 01:38:24.235  3804-4107  CommonScen...-128-10039 com.oplus.nas                        D  ActiveState EVENT_NETWORK_KPI_CHANGE
2025-07-07 01:38:24.235  3804-4107  CommonScen...-128-10039 com.oplus.nas                        D  transport layer data is invalid
2025-07-07 01:38:24.235  3804-4107  CommonScen...-128-10039 com.oplus.nas                        D  ActiveState EVENT_NETWORK_KPI_CHANGE score is invalid
2025-07-07 01:38:24.947  6023-7326  bavy                    com....android.googlequicksearchbox  I  (REDACTED) getHotwordActive::active query: %s, watch: %s, devices connected: %s
2025-07-07 01:38:25.260  3804-4107  CommonScen...-128-10039 com.oplus.nas                        D  transportLayerQosChange TransportLayerData{link_index=33, uid=10039, uplink_srtt=0, uplink_packets=0, uplink_retrans_packets=0, uplink_retrans_rate=0, downlink_srtt=0, downlink_packets=0, downlink_retrans_packets=0, downlink_retrans_rate=0, downlink_rate=0, uplink_udp_packets=0, downlink_udp_packets=0, uplink_tcp_rate=0, uplink_udp_rate=0, downlink_tcp_rate=0, downlink_udp_rate=0}
2025-07-07 01:38:25.262  3804-4107  CommonScen...-128-10039 com.oplus.nas                        D  ActiveState process message 2
2025-07-07 01:38:25.262  3804-4107  CommonScen...-128-10039 com.oplus.nas                        D  ActiveState EVENT_NETWORK_KPI_CHANGE
2025-07-07 01:38:25.262  3804-4107  CommonScen...-128-10039 com.oplus.nas                        D  transport layer data is invalid
2025-07-07 01:38:25.262  3804-4107  CommonScen...-128-10039 com.oplus.nas                        D  ActiveState EVENT_NETWORK_KPI_CHANGE score is invalid
2025-07-07 01:38:25.409  1623-2340  OplusSmart...Controller system_server                        I  deltaLux = 9.6321106E-4, scale = 1.0
2025-07-07 01:38:25.410  1623-2344  OplusSmart...Controller system_server                        D  handleMessage MSG_LUX_CHANGED, mLux:18.25329 luxQueue=[18.25329, 18.25329, 18.25329, 18.25329, 18.25329, 18.25329, 18.25329, 18.25329, 18.25329, 18.25329, 18.25329]
2025-07-07 01:38:25.410  1623-2344  OplusSmart...Controller system_server                        D  drag strategy, originLux:18.25329 updateLux:18.254496 Coefficient:4.7524357 queue:[18.256182, 18.254253, 18.254253, 18.25329]
2025-07-07 01:38:26.187  1623-2924  WifiStaIfaceHidlImpl    system_server                        D  getCachedScanData is not implemented by HIDL
2025-07-07 01:38:26.194  3181-3181  SystemUi--Keyguard      com.android.systemui                 I  KeyguardUtils-->density is 0 sInitialDisplayDensity:480
2025-07-07 01:38:26.283  3804-4107  CommonScen...-128-10039 com.oplus.nas                        D  transportLayerQosChange TransportLayerData{link_index=33, uid=10039, uplink_srtt=0, uplink_packets=0, uplink_retrans_packets=0, uplink_retrans_rate=0, downlink_srtt=0, downlink_packets=0, downlink_retrans_packets=0, downlink_retrans_rate=0, downlink_rate=0, uplink_udp_packets=0, downlink_udp_packets=0, uplink_tcp_rate=0, uplink_udp_rate=0, downlink_tcp_rate=0, downlink_udp_rate=0}
2025-07-07 01:38:26.284  3804-4107  CommonScen...-128-10039 com.oplus.nas                        D  ActiveState process message 2
2025-07-07 01:38:26.284  3804-4107  CommonScen...-128-10039 com.oplus.nas                        D  ActiveState EVENT_NETWORK_KPI_CHANGE
2025-07-07 01:38:26.284  3804-4107  CommonScen...-128-10039 com.oplus.nas                        D  transport layer data is invalid
2025-07-07 01:38:26.284  3804-4107  CommonScen...-128-10039 com.oplus.nas                        D  ActiveState EVENT_NETWORK_KPI_CHANGE score is invalid
2025-07-07 01:38:26.888 20477-20576 ScreenStatusProducer    com.oplus.midas                      D  Current queue status: isIdle = true, isPolling = true
2025-07-07 01:38:27.261  1623-3799  OplusHansManager        system_server                        I  uid=10271, pkg=ridmik.keyboard cannot transition from R to M, importance=input
2025-07-07 01:38:27.307  3804-4107  CommonScen...-128-10039 com.oplus.nas                        D  transportLayerQosChange TransportLayerData{link_index=33, uid=10039, uplink_srtt=0, uplink_packets=0, uplink_retrans_packets=0, uplink_retrans_rate=0, downlink_srtt=0, downlink_packets=0, downlink_retrans_packets=0, downlink_retrans_rate=0, downlink_rate=0, uplink_udp_packets=0, downlink_udp_packets=0, uplink_tcp_rate=0, uplink_udp_rate=0, downlink_tcp_rate=0, downlink_udp_rate=0}
2025-07-07 01:38:27.308  3804-4107  CommonScen...-128-10039 com.oplus.nas                        D  ActiveState process message 2
2025-07-07 01:38:27.308  3804-4107  CommonScen...-128-10039 com.oplus.nas                        D  ActiveState EVENT_NETWORK_KPI_CHANGE
2025-07-07 01:38:27.308  3804-4107  CommonScen...-128-10039 com.oplus.nas                        D  transport layer data is invalid
2025-07-07 01:38:27.308  3804-4107  CommonScen...-128-10039 com.oplus.nas                        D  ActiveState EVENT_NETWORK_KPI_CHANGE score is invalid
2025-07-07 01:38:27.517  1623-2344  OplusSmart...Controller system_server                        D  handleMessage MSG_LUX_CHANGED, mLux:18.25329 luxQueue=[18.25329, 18.25329, 18.25329, 18.25329, 18.25329, 18.25329, 18.25329, 18.25329, 18.25329, 18.25329]
2025-07-07 01:38:27.517  1623-2344  OplusSmart...Controller system_server                        D  drag strategy, originLux:18.25329 updateLux:18.253773 Coefficient:4.7524357 queue:[18.254253, 18.254253, 18.25329, 18.25329]
2025-07-07 01:38:28.148  1306-4410  SurfaceFlinger          surfaceflinger                       D  captureDisplay from pid 1306 uid -1 display 4630946198108318081
2025-07-07 01:38:28.205 20477-2419  ShellSubsc...rkerThread com.oplus.midas                      D  the first 8 bytes empty, and RestData length > 8 
2025-07-07 01:38:28.332  3804-4107  CommonScen...-128-10039 com.oplus.nas                        D  transportLayerQosChange TransportLayerData{link_index=33, uid=10039, uplink_srtt=0, uplink_packets=0, uplink_retrans_packets=0, uplink_retrans_rate=0, downlink_srtt=0, downlink_packets=0, downlink_retrans_packets=0, downlink_retrans_rate=0, downlink_rate=0, uplink_udp_packets=0, downlink_udp_packets=0, uplink_tcp_rate=0, uplink_udp_rate=0, downlink_tcp_rate=0, downlink_udp_rate=0}
2025-07-07 01:38:28.332  3804-4107  CommonScen...-128-10039 com.oplus.nas                        D  ActiveState process message 2
2025-07-07 01:38:28.332  3804-4107  CommonScen...-128-10039 com.oplus.nas                        D  ActiveState EVENT_NETWORK_KPI_CHANGE
2025-07-07 01:38:28.332  3804-4107  CommonScen...-128-10039 com.oplus.nas                        D  transport layer data is invalid
2025-07-07 01:38:28.332  3804-4107  CommonScen...-128-10039 com.oplus.nas                        D  ActiveState EVENT_NETWORK_KPI_CHANGE score is invalid
2025-07-07 01:38:29.225  1623-2924  WifiStaIfaceHidlImpl    system_server                        D  getCachedScanData is not implemented by HIDL
2025-07-07 01:38:29.357  3804-4107  CommonScen...-128-10039 com.oplus.nas                        D  transportLayerQosChange TransportLayerData{link_index=33, uid=10039, uplink_srtt=0, uplink_packets=0, uplink_retrans_packets=0, uplink_retrans_rate=0, downlink_srtt=0, downlink_packets=0, downlink_retrans_packets=0, downlink_retrans_rate=0, downlink_rate=0, uplink_udp_packets=0, downlink_udp_packets=0, uplink_tcp_rate=0, uplink_udp_rate=0, downlink_tcp_rate=0, downlink_udp_rate=0}
2025-07-07 01:38:29.357  3804-4107  CommonScen...-128-10039 com.oplus.nas                        D  ActiveState process message 2
2025-07-07 01:38:29.357  3804-4107  CommonScen...-128-10039 com.oplus.nas                        D  ActiveState EVENT_NETWORK_KPI_CHANGE
2025-07-07 01:38:29.357  3804-4107  CommonScen...-128-10039 com.oplus.nas                        D  transport layer data is invalid
2025-07-07 01:38:29.357  3804-4107  CommonScen...-128-10039 com.oplus.nas                        D  ActiveState EVENT_NETWORK_KPI_CHANGE score is invalid
2025-07-07 01:38:29.629  1623-2344  OplusSmart...Controller system_server                        D  handleMessage MSG_LUX_CHANGED, mLux:18.25329 luxQueue=[18.25329, 18.25329, 18.25329, 18.25329, 18.25329, 18.25329, 18.25329, 18.25329, 18.25329, 18.25329]
2025-07-07 01:38:29.629  1623-2344  OplusSmart...Controller system_server                        D  drag strategy, originLux:18.25329 updateLux:18.25353 Coefficient:4.7524357 queue:[18.254253, 18.25329, 18.25329, 18.25329]
2025-07-07 01:38:30.202  3181-3181  SystemUi--Keyguard      com.android.systemui                 I  KeyguardUtils-->density is 0 sInitialDisplayDensity:480
2025-07-07 01:38:30.381  3804-4107  CommonScen...-128-10039 com.oplus.nas                        D  transportLayerQosChange TransportLayerData{link_index=33, uid=10039, uplink_srtt=0, uplink_packets=0, uplink_retrans_packets=0, uplink_retrans_rate=0, downlink_srtt=0, downlink_packets=0, downlink_retrans_packets=0, downlink_retrans_rate=0, downlink_rate=0, uplink_udp_packets=0, downlink_udp_packets=0, uplink_tcp_rate=0, uplink_udp_rate=0, downlink_tcp_rate=0, downlink_udp_rate=0}
2025-07-07 01:38:30.382  3804-4107  CommonScen...-128-10039 com.oplus.nas                        D  ActiveState process message 2
2025-07-07 01:38:30.382  3804-4107  CommonScen...-128-10039 com.oplus.nas                        D  ActiveState EVENT_NETWORK_KPI_CHANGE
2025-07-07 01:38:30.382  3804-4107  CommonScen...-128-10039 com.oplus.nas                        D  transport layer data is invalid
2025-07-07 01:38:30.382  3804-4107  CommonScen...-128-10039 com.oplus.nas                        D  ActiveState EVENT_NETWORK_KPI_CHANGE score is invalid
2025-07-07 01:38:31.405  3804-4107  CommonScen...-128-10039 com.oplus.nas                        D  transportLayerQosChange TransportLayerData{link_index=33, uid=10039, uplink_srtt=0, uplink_packets=0, uplink_retrans_packets=0, uplink_retrans_rate=0, downlink_srtt=0, downlink_packets=0, downlink_retrans_packets=0, downlink_retrans_rate=0, downlink_rate=0, uplink_udp_packets=0, downlink_udp_packets=0, uplink_tcp_rate=0, uplink_udp_rate=0, downlink_tcp_rate=0, downlink_udp_rate=0}
2025-07-07 01:38:31.406  3804-4107  CommonScen...-128-10039 com.oplus.nas                        D  ActiveState process message 2
2025-07-07 01:38:31.406  3804-4107  CommonScen...-128-10039 com.oplus.nas                        D  ActiveState EVENT_NETWORK_KPI_CHANGE
2025-07-07 01:38:31.406  3804-4107  CommonScen...-128-10039 com.oplus.nas                        D  transport layer data is invalid
2025-07-07 01:38:31.406  3804-4107  CommonScen...-128-10039 com.oplus.nas                        D  ActiveState EVENT_NETWORK_KPI_CHANGE score is invalid
2025-07-07 01:38:31.738  1623-2344  OplusSmart...Controller system_server                        D  handleMessage MSG_LUX_CHANGED, mLux:18.25329 luxQueue=[18.25329, 18.25329, 18.25329, 18.25329, 18.25329, 18.25329, 18.25329, 18.25329, 18.25329, 18.25329]
2025-07-07 01:38:31.738  1623-2344  OplusSmart...Controller system_server                        D  drag strategy, originLux:18.25329 updateLux:18.25329 Coefficient:4.7524357 queue:[18.25329, 18.25329, 18.25329, 18.25329]
2025-07-07 01:38:32.264  1623-2924  WifiStaIfaceHidlImpl    system_server                        D  getCachedScanData is not implemented by HIDL
2025-07-07 01:38:32.428  3804-4107  CommonScen...-128-10039 com.oplus.nas                        D  transportLayerQosChange TransportLayerData{link_index=33, uid=10039, uplink_srtt=0, uplink_packets=0, uplink_retrans_packets=0, uplink_retrans_rate=0, downlink_srtt=0, downlink_packets=0, downlink_retrans_packets=0, downlink_retrans_rate=0, downlink_rate=0, uplink_udp_packets=0, downlink_udp_packets=0, uplink_tcp_rate=0, uplink_udp_rate=0, downlink_tcp_rate=0, downlink_udp_rate=0}
2025-07-07 01:38:32.429  3804-4107  CommonScen...-128-10039 com.oplus.nas                        D  ActiveState process message 2
2025-07-07 01:38:32.429  3804-4107  CommonScen...-128-10039 com.oplus.nas                        D  ActiveState EVENT_NETWORK_KPI_CHANGE
2025-07-07 01:38:32.429  3804-4107  CommonScen...-128-10039 com.oplus.nas                        D  transport layer data is invalid
2025-07-07 01:38:32.429  3804-4107  CommonScen...-128-10039 com.oplus.nas                        D  ActiveState EVENT_NETWORK_KPI_CHANGE score is invalid
2025-07-07 01:38:33.214  1306-4410  SurfaceFlinger          surfaceflinger                       D  captureDisplay from pid 1306 uid -1 display 4630946198108318081
2025-07-07 01:38:33.243  1623-2830  SensorService           system_server                        D  0xb40000780ab4fd00 addFd fd=968
2025-07-07 01:38:33.424  1623-2830  FusionLightExtImpl      system_server                        D  processRawLux stop to shot
2025-07-07 01:38:33.426  1623-2830  FusionLightExtImpl      system_server                        D  processRawLux ShotOnce, after outEvent->light = 18.253290, comp_lux = 46.959171, RGB(27.000000, 55.000000, 22.000000), C = 2.000000, threshold = 1000, mBrightLevel = 1741
2025-07-07 01:38:33.452  3804-4107  CommonScen...-128-10039 com.oplus.nas                        D  transportLayerQosChange TransportLayerData{link_index=33, uid=10039, uplink_srtt=0, uplink_packets=0, uplink_retrans_packets=0, uplink_retrans_rate=0, downlink_srtt=0, downlink_packets=0, downlink_retrans_packets=0, downlink_retrans_rate=0, downlink_rate=0, uplink_udp_packets=0, downlink_udp_packets=0, uplink_tcp_rate=0, uplink_udp_rate=0, downlink_tcp_rate=0, downlink_udp_rate=0}
2025-07-07 01:38:33.453  3804-4107  CommonScen...-128-10039 com.oplus.nas                        D  ActiveState process message 2
2025-07-07 01:38:33.453  3804-4107  CommonScen...-128-10039 com.oplus.nas                        D  ActiveState EVENT_NETWORK_KPI_CHANGE
2025-07-07 01:38:33.453  3804-4107  CommonScen...-128-10039 com.oplus.nas                        D  transport layer data is invalid
2025-07-07 01:38:33.453  3804-4107  CommonScen...-128-10039 com.oplus.nas                        D  ActiveState EVENT_NETWORK_KPI_CHANGE score is invalid
2025-07-07 01:38:33.849  1623-2344  OplusSmart...Controller system_server                        D  handleMessage MSG_LUX_CHANGED, mLux:18.25329 luxQueue=[18.25329, 18.25329, 18.25329, 18.25329, 18.25329, 18.25329, 18.25329, 18.25329, 18.25329, 18.25329]
2025-07-07 01:38:33.849  1623-2344  OplusSmart...Controller system_server                        D  drag strategy, originLux:18.25329 updateLux:18.25329 Coefficient:4.7524357 queue:[18.25329, 18.25329, 18.25329, 18.25329]
2025-07-07 01:38:33.943 27323-27455 DaemonObserver          com.oplus.metis                      D  handleMessage: 1
2025-07-07 01:38:33.947 27323-27455 ActivityThread          com.oplus.metis                      E  Failed to find provider info for com.oplus.dmp.daemon.provider
2025-07-07 01:38:33.948 27323-27455 DaemonObserver          com.oplus.metis                      E  call Dmp:remote failed: Acquired ContentProviderClient is null
2025-07-07 01:38:33.948 27323-27455 DmpStatistics           com.oplus.metis                      I  statistic for: exception
2025-07-07 01:38:33.951 27323-27455 ActivityThread          com.oplus.metis                      E  Failed to find provider info for com.oplus.dmp.daemon.provider
2025-07-07 01:38:33.951 27323-27455 m0                      com.oplus.metis                      E  call(method[onStatistic] arg[exception]) dmp fail: remote failed: Acquired ContentProviderClient is null
2025-07-07 01:38:34.221  3181-3181  SystemUi--Keyguard      com.android.systemui                 I  KeyguardUtils-->density is 0 sInitialDisplayDensity:480
2025-07-07 01:38:34.475  3804-4107  CommonScen...-128-10039 com.oplus.nas                        D  transportLayerQosChange TransportLayerData{link_index=33, uid=10039, uplink_srtt=0, uplink_packets=0, uplink_retrans_packets=0, uplink_retrans_rate=0, downlink_srtt=0, downlink_packets=0, downlink_retrans_packets=0, downlink_retrans_rate=0, downlink_rate=0, uplink_udp_packets=0, downlink_udp_packets=0, uplink_tcp_rate=0, uplink_udp_rate=0, downlink_tcp_rate=0, downlink_udp_rate=0}
2025-07-07 01:38:34.475  3804-4107  CommonScen...-128-10039 com.oplus.nas                        D  ActiveState process message 2
2025-07-07 01:38:34.475  3804-4107  CommonScen...-128-10039 com.oplus.nas                        D  ActiveState EVENT_NETWORK_KPI_CHANGE
2025-07-07 01:38:34.475  3804-4107  CommonScen...-128-10039 com.oplus.nas                        D  transport layer data is invalid
2025-07-07 01:38:34.475  3804-4107  CommonScen...-128-10039 com.oplus.nas                        D  ActiveState EVENT_NETWORK_KPI_CHANGE score is invalid
2025-07-07 01:38:35.299  1623-2924  WifiStaIfaceHidlImpl    system_server                        D  getCachedScanData is not implemented by HIDL
2025-07-07 01:38:35.501  3804-4107  CommonScen...-128-10039 com.oplus.nas                        D  transportLayerQosChange TransportLayerData{link_index=33, uid=10039, uplink_srtt=0, uplink_packets=0, uplink_retrans_packets=0, uplink_retrans_rate=0, downlink_srtt=0, downlink_packets=0, downlink_retrans_packets=0, downlink_retrans_rate=0, downlink_rate=0, uplink_udp_packets=0, downlink_udp_packets=0, uplink_tcp_rate=0, uplink_udp_rate=0, downlink_tcp_rate=0, downlink_udp_rate=0}
2025-07-07 01:38:35.501  3804-4107  CommonScen...-128-10039 com.oplus.nas                        D  ActiveState process message 2
2025-07-07 01:38:35.501  3804-4107  CommonScen...-128-10039 com.oplus.nas                        D  ActiveState EVENT_NETWORK_KPI_CHANGE
2025-07-07 01:38:35.501  3804-4107  CommonScen...-128-10039 com.oplus.nas                        D  transport layer data is invalid
2025-07-07 01:38:35.501  3804-4107  CommonScen...-128-10039 com.oplus.nas                        D  ActiveState EVENT_NETWORK_KPI_CHANGE score is invalid
2025-07-07 01:38:35.961  1623-2344  OplusSmart...Controller system_server                        D  handleMessage MSG_LUX_CHANGED, mLux:18.25329 luxQueue=[18.25329, 18.25329, 18.25329, 18.25329, 18.25329, 18.25329, 18.25329, 18.25329, 18.25329, 18.25329]
2025-07-07 01:38:35.961  1623-2344  OplusSmart...Controller system_server                        D  drag strategy, originLux:18.25329 updateLux:18.25329 Coefficient:4.7524357 queue:[18.25329, 18.25329, 18.25329, 18.25329]
2025-07-07 01:38:36.524  3804-4107  CommonScen...-128-10039 com.oplus.nas                        D  transportLayerQosChange TransportLayerData{link_index=33, uid=10039, uplink_srtt=0, uplink_packets=0, uplink_retrans_packets=0, uplink_retrans_rate=0, downlink_srtt=0, downlink_packets=0, downlink_retrans_packets=0, downlink_retrans_rate=0, downlink_rate=0, uplink_udp_packets=0, downlink_udp_packets=0, uplink_tcp_rate=0, uplink_udp_rate=0, downlink_tcp_rate=0, downlink_udp_rate=0}
2025-07-07 01:38:36.524  3804-4107  CommonScen...-128-10039 com.oplus.nas                        D  ActiveState process message 2
2025-07-07 01:38:36.524  3804-4107  CommonScen...-128-10039 com.oplus.nas                        D  ActiveState EVENT_NETWORK_KPI_CHANGE
2025-07-07 01:38:36.524  3804-4107  CommonScen...-128-10039 com.oplus.nas                        D  transport layer data is invalid
2025-07-07 01:38:36.524  3804-4107  CommonScen...-128-10039 com.oplus.nas                        D  ActiveState EVENT_NETWORK_KPI_CHANGE score is invalid
2025-07-07 01:38:37.548  3804-4107  CommonScen...-128-10039 com.oplus.nas                        D  transportLayerQosChange TransportLayerData{link_index=33, uid=10039, uplink_srtt=0, uplink_packets=0, uplink_retrans_packets=0, uplink_retrans_rate=0, downlink_srtt=0, downlink_packets=0, downlink_retrans_packets=0, downlink_retrans_rate=0, downlink_rate=0, uplink_udp_packets=0, downlink_udp_packets=0, uplink_tcp_rate=0, uplink_udp_rate=0, downlink_tcp_rate=0, downlink_udp_rate=0}
2025-07-07 01:38:37.549  3804-4107  CommonScen...-128-10039 com.oplus.nas                        D  ActiveState process message 2
2025-07-07 01:38:37.549  3804-4107  CommonScen...-128-10039 com.oplus.nas                        D  ActiveState EVENT_NETWORK_KPI_CHANGE
2025-07-07 01:38:37.549  3804-4107  CommonScen...-128-10039 com.oplus.nas                        D  transport layer data is invalid
2025-07-07 01:38:37.549  3804-4107  CommonScen...-128-10039 com.oplus.nas                        D  ActiveState EVENT_NETWORK_KPI_CHANGE score is invalid
2025-07-07 01:38:38.069  1623-2344  OplusSmart...Controller system_server                        D  handleMessage MSG_LUX_CHANGED, mLux:18.25329 luxQueue=[18.25329, 18.25329, 18.25329, 18.25329, 18.25329, 18.25329, 18.25329, 18.25329, 18.25329, 18.25329]
2025-07-07 01:38:38.069  1623-2344  OplusSmart...Controller system_server                        D  drag strategy, originLux:18.25329 updateLux:18.25329 Coefficient:4.7524357 queue:[18.25329, 18.25329, 18.25329, 18.25329]
2025-07-07 01:38:38.229  3181-3181  SystemUi--Keyguard      com.android.systemui                 I  KeyguardUtils-->density is 0 sInitialDisplayDensity:480
2025-07-07 01:38:38.277  1306-4410  SurfaceFlinger          surfaceflinger                       D  captureDisplay from pid 1306 uid -1 display 4630946198108318081
2025-07-07 01:38:38.343  1623-2924  WifiStaIfaceHidlImpl    system_server                        D  getCachedScanData is not implemented by HIDL
2025-07-07 01:38:38.435  1306-4410  SurfaceFlinger          surfaceflinger                       D  captureDisplay from pid 1306 uid -1 display 4630946198108318081
2025-07-07 01:38:38.573  3804-4107  CommonScen...-128-10039 com.oplus.nas                        D  transportLayerQosChange TransportLayerData{link_index=33, uid=10039, uplink_srtt=0, uplink_packets=0, uplink_retrans_packets=0, uplink_retrans_rate=0, downlink_srtt=0, downlink_packets=0, downlink_retrans_packets=0, downlink_retrans_rate=0, downlink_rate=0, uplink_udp_packets=0, downlink_udp_packets=0, uplink_tcp_rate=0, uplink_udp_rate=0, downlink_tcp_rate=0, downlink_udp_rate=0}
2025-07-07 01:38:38.573  3804-4107  CommonScen...-128-10039 com.oplus.nas                        D  ActiveState process message 2
2025-07-07 01:38:38.573  3804-4107  CommonScen...-128-10039 com.oplus.nas                        D  ActiveState EVENT_NETWORK_KPI_CHANGE
2025-07-07 01:38:38.573  3804-4107  CommonScen...-128-10039 com.oplus.nas                        D  transport layer data is invalid
2025-07-07 01:38:38.573  3804-4107  CommonScen...-128-10039 com.oplus.nas                        D  ActiveState EVENT_NETWORK_KPI_CHANGE score is invalid
2025-07-07 01:38:39.595  3804-4107  CommonScen...-128-10039 com.oplus.nas                        D  transportLayerQosChange TransportLayerData{link_index=33, uid=10039, uplink_srtt=0, uplink_packets=0, uplink_retrans_packets=0, uplink_retrans_rate=0, downlink_srtt=0, downlink_packets=0, downlink_retrans_packets=0, downlink_retrans_rate=0, downlink_rate=0, uplink_udp_packets=0, downlink_udp_packets=0, uplink_tcp_rate=0, uplink_udp_rate=0, downlink_tcp_rate=0, downlink_udp_rate=0}
2025-07-07 01:38:39.595  3804-4107  CommonScen...-128-10039 com.oplus.nas                        D  ActiveState process message 2
2025-07-07 01:38:39.595  3804-4107  CommonScen...-128-10039 com.oplus.nas                        D  ActiveState EVENT_NETWORK_KPI_CHANGE
2025-07-07 01:38:39.595  3804-4107  CommonScen...-128-10039 com.oplus.nas                        D  transport layer data is invalid
2025-07-07 01:38:39.595  3804-4107  CommonScen...-128-10039 com.oplus.nas                        D  ActiveState EVENT_NETWORK_KPI_CHANGE score is invalid
2025-07-07 01:38:40.601  1623-2340  OplusSmart...Controller system_server                        I  deltaLux = 0.047561646, scale = 1.0
2025-07-07 01:38:40.603  1623-2344  OplusSmart...Controller system_server                        D  handleMessage MSG_LUX_CHANGED, mLux:18.205729 luxQueue=[18.205729, 18.205729, 18.205729, 18.205729, 18.205729, 18.205729, 18.205729, 18.205729, 18.205729, 18.205729, 18.205729]
2025-07-07 01:38:40.603  1623-2344  OplusSmart...Controller system_server                        D  drag strategy, originLux:18.205729 updateLux:18.241411 Coefficient:4.7524357 queue:[18.25329, 18.25329, 18.25329, 18.205729]
2025-07-07 01:38:40.620  3804-4107  CommonScen...-128-10039 com.oplus.nas                        D  transportLayerQosChange TransportLayerData{link_index=33, uid=10039, uplink_srtt=0, uplink_packets=0, uplink_retrans_packets=0, uplink_retrans_rate=0, downlink_srtt=0, downlink_packets=0, downlink_retrans_packets=0, downlink_retrans_rate=0, downlink_rate=0, uplink_udp_packets=0, downlink_udp_packets=0, uplink_tcp_rate=0, uplink_udp_rate=0, downlink_tcp_rate=0, downlink_udp_rate=0}
2025-07-07 01:38:40.621  3804-4107  CommonScen...-128-10039 com.oplus.nas                        D  ActiveState process message 2
2025-07-07 01:38:40.621  3804-4107  CommonScen...-128-10039 com.oplus.nas                        D  ActiveState EVENT_NETWORK_KPI_CHANGE
2025-07-07 01:38:40.621  3804-4107  CommonScen...-128-10039 com.oplus.nas                        D  transport layer data is invalid
2025-07-07 01:38:40.621  3804-4107  CommonScen...-128-10039 com.oplus.nas                        D  ActiveState EVENT_NETWORK_KPI_CHANGE score is invalid
2025-07-07 01:38:41.381  1623-2924  WifiStaIfaceHidlImpl    system_server                        D  getCachedScanData is not implemented by HIDL
2025-07-07 01:38:41.643  3804-4107  CommonScen...-128-10039 com.oplus.nas                        D  transportLayerQosChange TransportLayerData{link_index=33, uid=10039, uplink_srtt=0, uplink_packets=0, uplink_retrans_packets=0, uplink_retrans_rate=0, downlink_srtt=0, downlink_packets=0, downlink_retrans_packets=0, downlink_retrans_rate=0, downlink_rate=0, uplink_udp_packets=0, downlink_udp_packets=0, uplink_tcp_rate=0, uplink_udp_rate=0, downlink_tcp_rate=0, downlink_udp_rate=0}
2025-07-07 01:38:41.643  3804-4107  CommonScen...-128-10039 com.oplus.nas                        D  ActiveState process message 2
2025-07-07 01:38:41.643  3804-4107  CommonScen...-128-10039 com.oplus.nas                        D  ActiveState EVENT_NETWORK_KPI_CHANGE
2025-07-07 01:38:41.643  3804-4107  CommonScen...-128-10039 com.oplus.nas                        D  transport layer data is invalid
2025-07-07 01:38:41.644  3804-4107  CommonScen...-128-10039 com.oplus.nas                        D  ActiveState EVENT_NETWORK_KPI_CHANGE score is invalid
2025-07-07 01:38:42.244  3181-3181  SystemUi--Keyguard      com.android.systemui                 I  KeyguardUtils-->density is 0 sInitialDisplayDensity:480
2025-07-07 01:38:42.668  3804-4107  CommonScen...-128-10039 com.oplus.nas                        D  transportLayerQosChange TransportLayerData{link_index=33, uid=10039, uplink_srtt=41, uplink_packets=3, uplink_retrans_packets=0, uplink_retrans_rate=0, downlink_srtt=0, downlink_packets=3, downlink_retrans_packets=0, downlink_retrans_rate=0, downlink_rate=0, uplink_udp_packets=0, downlink_udp_packets=0, uplink_tcp_rate=240, uplink_udp_rate=0, downlink_tcp_rate=225, downlink_udp_rate=0}
2025-07-07 01:38:42.669  3804-4107  CommonScen...-128-10039 com.oplus.nas                        D  ActiveState process message 2
2025-07-07 01:38:42.669  3804-4107  CommonScen...-128-10039 com.oplus.nas                        D  ActiveState EVENT_NETWORK_KPI_CHANGE
2025-07-07 01:38:42.669  3804-4107  CommonScen...-128-10039 com.oplus.nas                        D  scenarios low package
2025-07-07 01:38:42.669  3804-4107  CommonScen...-128-10039 com.oplus.nas                        D  ActiveState EVENT_NETWORK_KPI_CHANGE score is invalid
2025-07-07 01:38:42.712  1623-2344  OplusSmart...Controller system_server                        D  handleMessage MSG_LUX_CHANGED, mLux:18.205729 luxQueue=[18.205729, 18.205729, 18.205729, 18.205729, 18.205729, 18.205729, 18.205729, 18.205729, 18.205729, 18.205729]
2025-07-07 01:38:42.712  1623-2344  OplusSmart...Controller system_server                        D  drag strategy, originLux:18.205729 updateLux:18.229525 Coefficient:4.7524357 queue:[18.25329, 18.25329, 18.205729, 18.205729]
2025-07-07 01:38:43.346  1306-4410  SurfaceFlinger          surfaceflinger                       D  captureDisplay from pid 1306 uid -1 display 4630946198108318081
2025-07-07 01:38:43.693  3804-4107  CommonScen...-128-10039 com.oplus.nas                        D  transportLayerQosChange TransportLayerData{link_index=33, uid=10039, uplink_srtt=0, uplink_packets=0, uplink_retrans_packets=0, uplink_retrans_rate=0, downlink_srtt=0, downlink_packets=0, downlink_retrans_packets=0, downlink_retrans_rate=0, downlink_rate=0, uplink_udp_packets=0, downlink_udp_packets=0, uplink_tcp_rate=0, uplink_udp_rate=0, downlink_tcp_rate=0, downlink_udp_rate=0}
2025-07-07 01:38:43.693  3804-4107  CommonScen...-128-10039 com.oplus.nas                        D  ActiveState process message 2
2025-07-07 01:38:43.693  3804-4107  CommonScen...-128-10039 com.oplus.nas                        D  ActiveState EVENT_NETWORK_KPI_CHANGE
2025-07-07 01:38:43.693  3804-4107  CommonScen...-128-10039 com.oplus.nas                        D  transport layer data is invalid
2025-07-07 01:38:43.693  3804-4107  CommonScen...-128-10039 com.oplus.nas                        D  ActiveState EVENT_NETWORK_KPI_CHANGE score is invalid
2025-07-07 01:38:44.425  1623-2924  WifiStaIfaceHidlImpl    system_server                        D  getCachedScanData is not implemented by HIDL
2025-07-07 01:38:44.716  3804-4107  CommonScen...-128-10039 com.oplus.nas                        D  transportLayerQosChange TransportLayerData{link_index=33, uid=10039, uplink_srtt=0, uplink_packets=0, uplink_retrans_packets=0, uplink_retrans_rate=0, downlink_srtt=0, downlink_packets=0, downlink_retrans_packets=0, downlink_retrans_rate=0, downlink_rate=0, uplink_udp_packets=0, downlink_udp_packets=0, uplink_tcp_rate=0, uplink_udp_rate=0, downlink_tcp_rate=0, downlink_udp_rate=0}
2025-07-07 01:38:44.716  3804-4107  CommonScen...-128-10039 com.oplus.nas                        D  ActiveState process message 2
2025-07-07 01:38:44.716  3804-4107  CommonScen...-128-10039 com.oplus.nas                        D  ActiveState EVENT_NETWORK_KPI_CHANGE
2025-07-07 01:38:44.716  3804-4107  CommonScen...-128-10039 com.oplus.nas                        D  transport layer data is invalid
2025-07-07 01:38:44.716  3804-4107  CommonScen...-128-10039 com.oplus.nas                        D  ActiveState EVENT_NETWORK_KPI_CHANGE score is invalid
2025-07-07 01:38:44.824  1623-2344  OplusSmart...Controller system_server                        D  handleMessage MSG_LUX_CHANGED, mLux:18.205729 luxQueue=[18.205729, 18.205729, 18.205729, 18.205729, 18.205729, 18.205729, 18.205729, 18.205729, 18.205729, 18.205729]
2025-07-07 01:38:44.825  1623-2344  OplusSmart...Controller system_server                        D  drag strategy, originLux:18.205729 updateLux:18.21763 Coefficient:4.7524357 queue:[18.25329, 18.205729, 18.205729, 18.205729]
2025-07-07 01:38:44.965  1623-2829  SensorService           system_server                        D  wrote all events from cache size=235 
2025-07-07 01:38:44.965  1623-2829  SensorService           system_server                        D  removeFd fd=968
2025-07-07 01:38:44.985  1623-3802  OplusHansManager        system_server                        I  unfreeze uid: 10195 com.lemon.lvoverseas pids: [19095, 19011, 19858] reason: Packet scene: LcdOn
2025-07-07 01:38:44.991  1623-3799  OplusHansManager        system_server                        I  uid=10195, pkg=com.lemon.lvoverseas F exit(), F stay=25, reason=Packet
2025-07-07 01:38:45.016  1623-6250  ProcessStats            system_server                        W  Tracking association SourceState{1a962ad com.lemon.lvoverseas/10195 ImpFg #389335} whose proc state 5 is better than process ProcessState{66370ba com.lemon.lvoverseas:push/10195 pkg=com.lemon.lvoverseas} proc state 8 (95 skipped)
2025-07-07 01:38:45.025  1623-3802  OplusHansManager        system_server                        I  unfreeze uid: 10285 com.gamma.scan pids: [11400, 11483] reason: AsyncBinder scene: LcdOn
2025-07-07 01:38:45.028  1623-3799  OplusHansManager        system_server                        I  uid=10285, pkg=com.gamma.scan F exit(), F stay=23, reason=AsyncBinder
2025-07-07 01:38:45.042  1623-3802  OplusHansManager        system_server                        I  unfreeze uid: 10399 com.imo.android.imoim pids: [16697, 17058] reason: AsyncBinder scene: LcdOn
2025-07-07 01:38:45.043  1623-3799  OplusHansManager        system_server                        I  uid=10399, pkg=com.imo.android.imoim F exit(), F stay=23, reason=AsyncBinder
2025-07-07 01:38:45.742  3804-4107  CommonScen...-128-10039 com.oplus.nas                        D  transportLayerQosChange TransportLayerData{link_index=33, uid=10039, uplink_srtt=0, uplink_packets=0, uplink_retrans_packets=0, uplink_retrans_rate=0, downlink_srtt=0, downlink_packets=0, downlink_retrans_packets=0, downlink_retrans_rate=0, downlink_rate=0, uplink_udp_packets=0, downlink_udp_packets=0, uplink_tcp_rate=0, uplink_udp_rate=0, downlink_tcp_rate=0, downlink_udp_rate=0}
2025-07-07 01:38:45.743  3804-4107  CommonScen...-128-10039 com.oplus.nas                        D  ActiveState process message 2
2025-07-07 01:38:45.743  3804-4107  CommonScen...-128-10039 com.oplus.nas                        D  ActiveState EVENT_NETWORK_KPI_CHANGE
2025-07-07 01:38:45.743  3804-4107  CommonScen...-128-10039 com.oplus.nas                        D  transport layer data is invalid
2025-07-07 01:38:45.743  3804-4107  CommonScen...-128-10039 com.oplus.nas                        D  ActiveState EVENT_NETWORK_KPI_CHANGE score is invalid
2025-07-07 01:38:46.255  3181-3181  SystemUi--Keyguard      com.android.systemui                 I  KeyguardUtils-->density is 0 sInitialDisplayDensity:480
2025-07-07 01:38:46.548  1623-3799  OplusHansManager        system_server                        I  uid=10285, pkg=com.gamma.scan can not transition from M to F. reason: AsyncBinder
2025-07-07 01:38:46.551  1623-3799  OplusHansManager        system_server                        I  uid=10399, pkg=com.imo.android.imoim can not transition from M to F. reason: AsyncBinder
2025-07-07 01:38:46.765  3804-4107  CommonScen...-128-10039 com.oplus.nas                        D  transportLayerQosChange TransportLayerData{link_index=33, uid=10039, uplink_srtt=0, uplink_packets=0, uplink_retrans_packets=0, uplink_retrans_rate=0, downlink_srtt=0, downlink_packets=0, downlink_retrans_packets=0, downlink_retrans_rate=0, downlink_rate=0, uplink_udp_packets=0, downlink_udp_packets=0, uplink_tcp_rate=0, uplink_udp_rate=0, downlink_tcp_rate=0, downlink_udp_rate=0}
2025-07-07 01:38:46.766  3804-4107  CommonScen...-128-10039 com.oplus.nas                        D  ActiveState process message 2
2025-07-07 01:38:46.766  3804-4107  CommonScen...-128-10039 com.oplus.nas                        D  ActiveState EVENT_NETWORK_KPI_CHANGE
2025-07-07 01:38:46.766  3804-4107  CommonScen...-128-10039 com.oplus.nas                        D  transport layer data is invalid
2025-07-07 01:38:46.766  3804-4107  CommonScen...-128-10039 com.oplus.nas                        D  ActiveState EVENT_NETWORK_KPI_CHANGE score is invalid
2025-07-07 01:38:46.935  1623-2344  OplusSmart...Controller system_server                        D  handleMessage MSG_LUX_CHANGED, mLux:18.205729 luxQueue=[18.205729, 18.205729, 18.205729, 18.205729, 18.205729, 18.205729, 18.205729, 18.205729, 18.205729, 18.205729]
2025-07-07 01:38:46.935  1623-2344  OplusSmart...Controller system_server                        D  drag strategy, originLux:18.205729 updateLux:18.205729 Coefficient:4.7524357 queue:[18.205729, 18.205729, 18.205729, 18.205729]
2025-07-07 01:38:47.458  1623-2924  WifiStaIfaceHidlImpl    system_server                        D  getCachedScanData is not implemented by HIDL
2025-07-07 01:38:47.794  3804-4107  CommonScen...-128-10039 com.oplus.nas                        D  transportLayerQosChange TransportLayerData{link_index=33, uid=10039, uplink_srtt=0, uplink_packets=0, uplink_retrans_packets=0, uplink_retrans_rate=0, downlink_srtt=0, downlink_packets=0, downlink_retrans_packets=0, downlink_retrans_rate=0, downlink_rate=0, uplink_udp_packets=0, downlink_udp_packets=0, uplink_tcp_rate=0, uplink_udp_rate=0, downlink_tcp_rate=0, downlink_udp_rate=0}
2025-07-07 01:38:47.795  3804-4107  CommonScen...-128-10039 com.oplus.nas                        D  ActiveState process message 2
2025-07-07 01:38:47.795  3804-4107  CommonScen...-128-10039 com.oplus.nas                        D  ActiveState EVENT_NETWORK_KPI_CHANGE
2025-07-07 01:38:47.795  3804-4107  CommonScen...-128-10039 com.oplus.nas                        D  transport layer data is invalid
2025-07-07 01:38:47.795  3804-4107  CommonScen...-128-10039 com.oplus.nas                        D  ActiveState EVENT_NETWORK_KPI_CHANGE score is invalid
2025-07-07 01:38:48.065  1623-3799  OplusHansManager        system_server                        I  uid=10399, pkg=com.imo.android.imoim F enter(), M stay=3
2025-07-07 01:38:48.080  1623-3799  OplusHansManager        system_server                        I  freeze uid: 10399 com.imo.android.imoim pids: [16697, 17058] IsolatedUid: [99110] scene: LcdOn
2025-07-07 01:38:48.083  9453-9453  IHansComunication       hans                                 D  HANS sendMessageToKernel: threadId = 506395081904, netLinkSetup = 1, type = PKG, targetUid = 10399, pkgCmd = ADD_ONE_UID
2025-07-07 01:38:48.100  1623-3802  OplusHansManager        system_server                        I  unfreeze uid: 10399 com.imo.android.imoim pids: [16697, 17058] reason: AsyncBinder scene: LcdOn
2025-07-07 01:38:48.109  1623-3799  OplusHansManager        system_server                        I  uid=10285, pkg=com.gamma.scan F enter(), M stay=3
2025-07-07 01:38:48.124  1623-3799  OplusHansManager        system_server                        I  freeze uid: 10285 com.gamma.scan pids: [11400, 11483] IsolatedUid: [99074] scene: LcdOn
2025-07-07 01:38:48.124  1623-3799  OplusHansManager        system_server                        I  uid=10399, pkg=com.imo.android.imoim F exit(), F stay=0, reason=AsyncBinder
2025-07-07 01:38:48.125  9453-9453  IHansComunication       hans                                 D  HANS sendMessageToKernel: threadId = 506395081904, netLinkSetup = 1, type = PKG, targetUid = 10285, pkgCmd = ADD_ONE_UID
2025-07-07 01:38:48.409  1306-4410  SurfaceFlinger          surfaceflinger                       D  captureDisplay from pid 1306 uid -1 display 4630946198108318081
2025-07-07 01:38:48.813  3804-4107  CommonScen...-128-10039 com.oplus.nas                        D  transportLayerQosChange TransportLayerData{link_index=33, uid=10039, uplink_srtt=0, uplink_packets=0, uplink_retrans_packets=0, uplink_retrans_rate=0, downlink_srtt=0, downlink_packets=0, downlink_retrans_packets=0, downlink_retrans_rate=0, downlink_rate=0, uplink_udp_packets=0, downlink_udp_packets=0, uplink_tcp_rate=0, uplink_udp_rate=0, downlink_tcp_rate=0, downlink_udp_rate=0}
2025-07-07 01:38:48.813  3804-4107  CommonScen...-128-10039 com.oplus.nas                        D  ActiveState process message 2
2025-07-07 01:38:48.813  3804-4107  CommonScen...-128-10039 com.oplus.nas                        D  ActiveState EVENT_NETWORK_KPI_CHANGE
2025-07-07 01:38:48.813  3804-4107  CommonScen...-128-10039 com.oplus.nas                        D  transport layer data is invalid
2025-07-07 01:38:48.814  3804-4107  CommonScen...-128-10039 com.oplus.nas                        D  ActiveState EVENT_NETWORK_KPI_CHANGE score is invalid
2025-07-07 01:38:49.043  1623-2344  OplusSmart...Controller system_server                        D  handleMessage MSG_LUX_CHANGED, mLux:18.205729 luxQueue=[18.205729, 18.205729, 18.205729, 18.205729, 18.205729, 18.205729, 18.205729, 18.205729, 18.205729, 18.205729]
2025-07-07 01:38:49.043  1623-2344  OplusSmart...Controller system_server                        D  drag strategy, originLux:18.205729 updateLux:18.205729 Coefficient:4.7524357 queue:[18.205729, 18.205729, 18.205729, 18.205729]
2025-07-07 01:38:49.084  9453-9453  IHansComunication       hans                                 D  HANS sendMessageToKernel: threadId = 506395081904, netLinkSetup = 1, type = FROZEN_TRANS, targetUid = 10399, pkgCmd = PKG_CMD_MAX
2025-07-07 01:38:49.125  9453-9453  IHansComunication       hans                                 D  HANS sendMessageToKernel: threadId = 506395081904, netLinkSetup = 1, type = FROZEN_TRANS, targetUid = 10285, pkgCmd = PKG_CMD_MAX
2025-07-07 01:38:49.158  3758-3758  OplusTelep...Controller com.android.phone                    D  onSignalStrengthChanged: SignalStrength=SignalStrength:{mCdma=CellSignalStrengthCdma: cdmaDbm=2147483647 cdmaEcio=2147483647 evdoDbm=2147483647 evdoEcio=2147483647 evdoSnr=2147483647 level=0,mGsm=CellSignalStrengthGsm: rssi=2147483647 ber=2147483647 mTa=2147483647 mLevel=0,mWcdma=CellSignalStrengthWcdma: ss=2147483647 ber=2147483647 rscp=2147483647 ecno=2147483647 level=0,mTdscdma=CellSignalStrengthTdscdma: rssi=2147483647 ber=2147483647 rscp=2147483647 level=0,mLte=CellSignalStrengthLte: rssi=-67 rsrp=-96 rsrq=-9 rssnr=21 cqiTableIndex=2147483647 cqi=2147483647 ta=2147483647 level=4 parametersUseForLevel=0,mNr=CellSignalStrengthNr:{ csiRsrp = 2147483647 csiRsrq = 2147483647 csiCqiTableIndex = 2147483647 csiCqiReport = [] ssRsrp = 2147483647 ssRsrq = 2147483647 ssSinr = 2147483647 level = 0 parametersUseForLevel = 0 timingAdvance = 2147483647 },primary=CellSignalStrengthLte}
2025-07-07 01:38:49.629  1623-3799  OplusHansManager        system_server                        I  uid=10399, pkg=com.imo.android.imoim can not transition from M to F. reason: AsyncBinder
2025-07-07 01:38:49.645  1623-3802  OplusHansManager        system_server                        I  unfreeze uid: 10285 com.gamma.scan pids: [11400, 11483] reason: AsyncBinder scene: LcdOn
2025-07-07 01:38:49.648  1623-3799  OplusHansManager        system_server                        I  uid=10285, pkg=com.gamma.scan F exit(), F stay=1, reason=AsyncBinder
2025-07-07 01:38:49.836  3804-4107  CommonScen...-128-10039 com.oplus.nas                        D  transportLayerQosChange TransportLayerData{link_index=33, uid=10039, uplink_srtt=0, uplink_packets=0, uplink_retrans_packets=0, uplink_retrans_rate=0, downlink_srtt=0, downlink_packets=0, downlink_retrans_packets=0, downlink_retrans_rate=0, downlink_rate=0, uplink_udp_packets=0, downlink_udp_packets=0, uplink_tcp_rate=0, uplink_udp_rate=0, downlink_tcp_rate=0, downlink_udp_rate=0}
2025-07-07 01:38:49.836  3804-4107  CommonScen...-128-10039 com.oplus.nas                        D  ActiveState process message 2
2025-07-07 01:38:49.836  3804-4107  CommonScen...-128-10039 com.oplus.nas                        D  ActiveState EVENT_NETWORK_KPI_CHANGE
2025-07-07 01:38:49.836  3804-4107  CommonScen...-128-10039 com.oplus.nas                        D  transport layer data is invalid
2025-07-07 01:38:49.836  3804-4107  CommonScen...-128-10039 com.oplus.nas                        D  ActiveState EVENT_NETWORK_KPI_CHANGE score is invalid
2025-07-07 01:38:49.999  1623-3799  OplusHansManager        system_server                        I  uid=10195, pkg=com.lemon.lvoverseas F enter(), M stay=5
2025-07-07 01:38:50.016  1623-3799  OplusHansManager        system_server                        I  freeze uid: 10195 com.lemon.lvoverseas pids: [19095, 19011, 19858] IsolatedUid: [99056] scene: LcdOn
2025-07-07 01:38:50.017  9453-9453  IHansComunication       hans                                 D  HANS sendMessageToKernel: threadId = 506395081904, netLinkSetup = 1, type = PKG, targetUid = 10195, pkgCmd = ADD_ONE_UID
2025-07-07 01:38:50.267  3181-3181  SystemUi--Keyguard      com.android.systemui                 I  KeyguardUtils-->density is 0 sInitialDisplayDensity:480
2025-07-07 01:38:50.496  1623-2924  WifiStaIfaceHidlImpl    system_server                        D  getCachedScanData is not implemented by HIDL
2025-07-07 01:38:50.860  3804-4107  CommonScen...-128-10039 com.oplus.nas                        D  transportLayerQosChange TransportLayerData{link_index=33, uid=10039, uplink_srtt=0, uplink_packets=0, uplink_retrans_packets=0, uplink_retrans_rate=0, downlink_srtt=0, downlink_packets=0, downlink_retrans_packets=0, downlink_retrans_rate=0, downlink_rate=0, uplink_udp_packets=0, downlink_udp_packets=0, uplink_tcp_rate=0, uplink_udp_rate=0, downlink_tcp_rate=0, downlink_udp_rate=0}
2025-07-07 01:38:50.860  3804-4107  CommonScen...-128-10039 com.oplus.nas                        D  ActiveState process message 2
2025-07-07 01:38:50.860  3804-4107  CommonScen...-128-10039 com.oplus.nas                        D  ActiveState EVENT_NETWORK_KPI_CHANGE
2025-07-07 01:38:50.860  3804-4107  CommonScen...-128-10039 com.oplus.nas                        D  transport layer data is invalid
2025-07-07 01:38:50.860  3804-4107  CommonScen...-128-10039 com.oplus.nas                        D  ActiveState EVENT_NETWORK_KPI_CHANGE score is invalid
2025-07-07 01:38:51.020  9453-9453  IHansComunication       hans                                 D  HANS sendMessageToKernel: threadId = 506395081904, netLinkSetup = 1, type = FROZEN_TRANS, targetUid = 10195, pkgCmd = PKG_CMD_MAX
2025-07-07 01:38:51.155  1623-2344  OplusSmart...Controller system_server                        D  handleMessage MSG_LUX_CHANGED, mLux:18.205729 luxQueue=[18.205729, 18.205729, 18.205729, 18.205729, 18.205729, 18.205729, 18.205729, 18.205729, 18.205729, 18.205729]
2025-07-07 01:38:51.155  1623-2344  OplusSmart...Controller system_server                        D  drag strategy, originLux:18.205729 updateLux:18.205729 Coefficient:4.7524357 queue:[18.205729, 18.205729, 18.205729, 18.205729]
2025-07-07 01:38:51.157  1623-3799  OplusHansManager        system_server                        I  uid=10285, pkg=com.gamma.scan can not transition from M to F. reason: AsyncBinder
2025-07-07 01:38:51.164  1623-3799  OplusHansManager        system_server                        I  uid=10399, pkg=com.imo.android.imoim F enter(), M stay=3
2025-07-07 01:38:51.174  1623-3799  OplusHansManager        system_server                        I  freeze uid: 10399 com.imo.android.imoim pids: [16697, 17058] IsolatedUid: [99110] scene: LcdOn
2025-07-07 01:38:51.175  9453-9453  IHansComunication       hans                                 D  HANS sendMessageToKernel: threadId = 506395081904, netLinkSetup = 1, type = PKG, targetUid = 10399, pkgCmd = ADD_ONE_UID
2025-07-07 01:38:51.883  3804-4107  CommonScen...-128-10039 com.oplus.nas                        D  transportLayerQosChange TransportLayerData{link_index=33, uid=10039, uplink_srtt=0, uplink_packets=0, uplink_retrans_packets=0, uplink_retrans_rate=0, downlink_srtt=0, downlink_packets=0, downlink_retrans_packets=0, downlink_retrans_rate=0, downlink_rate=0, uplink_udp_packets=0, downlink_udp_packets=0, uplink_tcp_rate=0, uplink_udp_rate=0, downlink_tcp_rate=0, downlink_udp_rate=0}
2025-07-07 01:38:51.884  3804-4107  CommonScen...-128-10039 com.oplus.nas                        D  ActiveState process message 2
2025-07-07 01:38:51.884  3804-4107  CommonScen...-128-10039 com.oplus.nas                        D  ActiveState EVENT_NETWORK_KPI_CHANGE
2025-07-07 01:38:51.884  3804-4107  CommonScen...-128-10039 com.oplus.nas                        D  transport layer data is invalid
2025-07-07 01:38:51.884  3804-4107  CommonScen...-128-10039 com.oplus.nas                        D  ActiveState EVENT_NETWORK_KPI_CHANGE score is invalid
2025-07-07 01:38:52.179  9453-9453  IHansComunication       hans                                 D  HANS sendMessageToKernel: threadId = 506395081904, netLinkSetup = 1, type = FROZEN_TRANS, targetUid = 10399, pkgCmd = PKG_CMD_MAX
2025-07-07 01:38:52.401  3758-3758  OplusTelep...Controller com.android.phone                    D  onSignalStrengthChanged: SignalStrength=SignalStrength:{mCdma=CellSignalStrengthCdma: cdmaDbm=2147483647 cdmaEcio=2147483647 evdoDbm=2147483647 evdoEcio=2147483647 evdoSnr=2147483647 level=0,mGsm=CellSignalStrengthGsm: rssi=2147483647 ber=2147483647 mTa=2147483647 mLevel=0,mWcdma=CellSignalStrengthWcdma: ss=2147483647 ber=2147483647 rscp=2147483647 ecno=2147483647 level=0,mTdscdma=CellSignalStrengthTdscdma: rssi=2147483647 ber=2147483647 rscp=2147483647 level=0,mLte=CellSignalStrengthLte: rssi=-69 rsrp=-99 rsrq=-9 rssnr=21 cqiTableIndex=2147483647 cqi=2147483647 ta=2147483647 level=3 parametersUseForLevel=0,mNr=CellSignalStrengthNr:{ csiRsrp = 2147483647 csiRsrq = 2147483647 csiCqiTableIndex = 2147483647 csiCqiReport = [] ssRsrp = 2147483647 ssRsrq = 2147483647 ssSinr = 2147483647 level = 0 parametersUseForLevel = 0 timingAdvance = 2147483647 },primary=CellSignalStrengthLte}
2025-07-07 01:38:52.651  3181-3181  OplusPriva...Controller com.android.systemui                 D  scheduleUpdate: 
2025-07-07 01:38:52.652  3181-3540  OplusPriva...Controller com.android.systemui                 D  processNextViewState: 
