2025-07-07 01:38:04.293  1623-3802  OplusHansManager        system_server                        I  unfreeze uid: 10399 com.imo.android.imoim pids: [16697, 17058] reason: AsyncBinder scene: LcdOn
2025-07-07 01:38:04.298  1623-3799  OplusHansManager        system_server                        I  uid=10399, pkg=com.imo.android.imoim F exit(), F stay=2, reason=AsyncBinder
2025-07-07 01:38:04.300  1623-2344  OplusSmart...Controller system_server                        D  handleMessage MSG_LUX_CHANGED, mLux:18.267746 luxQueue=[18.267746, 18.267746, 18.267746, 18.267746, 18.267746, 18.267746, 18.267746, 18.267746, 18.267746, 18.267746]
2025-07-07 01:38:04.301  1623-2344  OplusSmart...Controller system_server                        D  drag strategy, originLux:18.267746 updateLux:18.32338 Coefficient:4.7524357 queue:[18.489271, 18.267746, 18.267746, 18.267746]
2025-07-07 01:38:04.781  3804-4107  CommonScen...-128-10039 com.oplus.nas                        D  transportLayerQosChange TransportLayerData{link_index=33, uid=10039, uplink_srtt=0, uplink_packets=0, uplink_retrans_packets=0, uplink_retrans_rate=0, downlink_srtt=0, downlink_packets=0, downlink_retrans_packets=0, downlink_retrans_rate=0, downlink_rate=0, uplink_udp_packets=0, downlink_udp_packets=0, uplink_tcp_rate=0, uplink_udp_rate=0, downlink_tcp_rate=0, downlink_udp_rate=0}
2025-07-07 01:38:04.781  3804-4107  CommonScen...-128-10039 com.oplus.nas                        D  ActiveState process message 2
2025-07-07 01:38:04.781  3804-4107  CommonScen...-128-10039 com.oplus.nas                        D  ActiveState EVENT_NETWORK_KPI_CHANGE
2025-07-07 01:38:04.781  3804-4107  CommonScen...-128-10039 com.oplus.nas                        D  transport layer data is invalid
2025-07-07 01:38:04.781  3804-4107  CommonScen...-128-10039 com.oplus.nas                        D  ActiveState EVENT_NETWORK_KPI_CHANGE score is invalid
2025-07-07 01:38:04.943  1623-2924  WifiStaIfaceHidlImpl    system_server                        D  getCachedScanData is not implemented by HIDL
2025-07-07 01:38:05.765  1623-3799  OplusHansManager        system_server                        I  uid=10195, pkg=com.lemon.lvoverseas can not transition from M to F. reason: AsyncBinder
2025-07-07 01:38:05.793  1623-3799  OplusHansManager        system_server                        I  uid=10285, pkg=com.gamma.scan can not transition from M to F. reason: AsyncBinder
2025-07-07 01:38:05.808  1623-3799  OplusHansManager        system_server                        I  uid=10399, pkg=com.imo.android.imoim can not transition from M to F. reason: AsyncBinder
2025-07-07 01:38:05.810  3804-4107  CommonScen...-128-10039 com.oplus.nas                        D  transportLayerQosChange TransportLayerData{link_index=33, uid=10039, uplink_srtt=0, uplink_packets=0, uplink_retrans_packets=0, uplink_retrans_rate=0, downlink_srtt=0, downlink_packets=0, downlink_retrans_packets=0, downlink_retrans_rate=0, downlink_rate=0, uplink_udp_packets=0, downlink_udp_packets=0, uplink_tcp_rate=0, uplink_udp_rate=0, downlink_tcp_rate=0, downlink_udp_rate=0}
2025-07-07 01:38:05.810  3804-4107  CommonScen...-128-10039 com.oplus.nas                        D  ActiveState process message 2
2025-07-07 01:38:05.810  3804-4107  CommonScen...-128-10039 com.oplus.nas                        D  ActiveState EVENT_NETWORK_KPI_CHANGE
2025-07-07 01:38:05.810  3804-4107  CommonScen...-128-10039 com.oplus.nas                        D  transport layer data is invalid
2025-07-07 01:38:05.810  3804-4107  CommonScen...-128-10039 com.oplus.nas                        D  ActiveState EVENT_NETWORK_KPI_CHANGE score is invalid
2025-07-07 01:38:06.125  3181-3181  SystemUi--Keyguard      com.android.systemui                 I  KeyguardUtils-->density is 0 sInitialDisplayDensity:480
2025-07-07 01:38:06.309  3758-3758  OplusTelep...Controller com.android.phone                    D  onSignalStrengthChanged: SignalStrength=SignalStrength:{mCdma=CellSignalStrengthCdma: cdmaDbm=2147483647 cdmaEcio=2147483647 evdoDbm=2147483647 evdoEcio=2147483647 evdoSnr=2147483647 level=0,mGsm=CellSignalStrengthGsm: rssi=2147483647 ber=2147483647 mTa=2147483647 mLevel=0,mWcdma=CellSignalStrengthWcdma: ss=2147483647 ber=2147483647 rscp=2147483647 ecno=2147483647 level=0,mTdscdma=CellSignalStrengthTdscdma: rssi=2147483647 ber=2147483647 rscp=2147483647 level=0,mLte=CellSignalStrengthLte: rssi=-67 rsrp=-99 rsrq=-10 rssnr=18 cqiTableIndex=2147483647 cqi=2147483647 ta=2147483647 level=3 parametersUseForLevel=0,mNr=CellSignalStrengthNr:{ csiRsrp = 2147483647 csiRsrq = 2147483647 csiCqiTableIndex = 2147483647 csiCqiReport = [] ssRsrp = 2147483647 ssRsrq = 2147483647 ssSinr = 2147483647 level = 0 parametersUseForLevel = 0 timingAdvance = 2147483647 },primary=CellSignalStrengthLte}
2025-07-07 01:38:06.413  1623-2344  OplusSmart...Controller system_server                        D  handleMessage MSG_LUX_CHANGED, mLux:18.267746 luxQueue=[18.267746, 18.267746, 18.267746, 18.267746, 18.267746, 18.267746, 18.267746, 18.267746, 18.267746, 18.267746]
2025-07-07 01:38:06.413  1623-2344  OplusSmart...Controller system_server                        D  drag strategy, originLux:18.267746 updateLux:18.267746 Coefficient:4.7524357 queue:[18.267746, 18.267746, 18.267746, 18.267746]
2025-07-07 01:38:06.829  3804-4107  CommonScen...-128-10039 com.oplus.nas                        D  transportLayerQosChange TransportLayerData{link_index=33, uid=10039, uplink_srtt=0, uplink_packets=0, uplink_retrans_packets=0, uplink_retrans_rate=0, downlink_srtt=0, downlink_packets=0, downlink_retrans_packets=0, downlink_retrans_rate=0, downlink_rate=0, uplink_udp_packets=0, downlink_udp_packets=0, uplink_tcp_rate=0, uplink_udp_rate=0, downlink_tcp_rate=0, downlink_udp_rate=0}
2025-07-07 01:38:06.829  3804-4107  CommonScen...-128-10039 com.oplus.nas                        D  ActiveState process message 2
2025-07-07 01:38:06.829  3804-4107  CommonScen...-128-10039 com.oplus.nas                        D  ActiveState EVENT_NETWORK_KPI_CHANGE
2025-07-07 01:38:06.829  3804-4107  CommonScen...-128-10039 com.oplus.nas                        D  transport layer data is invalid
2025-07-07 01:38:06.829  3804-4107  CommonScen...-128-10039 com.oplus.nas                        D  ActiveState EVENT_NETWORK_KPI_CHANGE score is invalid
2025-07-07 01:38:07.283  1623-3799  OplusHansManager        system_server                        I  uid=10195, pkg=com.lemon.lvoverseas F enter(), M stay=3
2025-07-07 01:38:07.301  1623-3799  OplusHansManager        system_server                        I  freeze uid: 10195 com.lemon.lvoverseas pids: [19095, 19011, 19858] IsolatedUid: [99056] scene: LcdOn
2025-07-07 01:38:07.303  9453-9453  IHansComunication       hans                                 D  HANS sendMessageToKernel: threadId = 506395081904, netLinkSetup = 1, type = PKG, targetUid = 10195, pkgCmd = ADD_ONE_UID
2025-07-07 01:38:07.308 10785-10785 BoundBrokerSvc          com.google.android.gms.persistent    D  onUnbind: Intent { act=com.google.android.gms.auth.aang.events.services.START dat=chimera-action:/... cmp=com.google.android.gms/.chimera.PersistentApiService mCallingUid=10234 }
2025-07-07 01:38:07.315  1623-3799  OplusHansManager        system_server                        I  uid=10285, pkg=com.gamma.scan F enter(), M stay=3
2025-07-07 01:38:07.318 18782-18782 BoundBrokerSvc          com.google.android.gms               D  onUnbind: Intent { act=com.google.android.gms.semanticlocationhistory.zeroparty.service.START dat=chimera-action:/... cmp=com.google.android.gms/.chimera.GmsApiService mCallingUid=10102 }
2025-07-07 01:38:07.321  1623-3799  OplusHansManager        system_server                        I  freeze uid: 10285 com.gamma.scan pids: [11400, 11483] IsolatedUid: [99074] scene: LcdOn
2025-07-07 01:38:07.322  9453-9453  IHansComunication       hans                                 D  HANS sendMessageToKernel: threadId = 506395081904, netLinkSetup = 1, type = PKG, targetUid = 10285, pkgCmd = ADD_ONE_UID
2025-07-07 01:38:07.328  1623-3799  OplusHansManager        system_server                        I  uid=10399, pkg=com.imo.android.imoim F enter(), M stay=3
2025-07-07 01:38:07.334  1623-3799  OplusHansManager        system_server                        I  freeze uid: 10399 com.imo.android.imoim pids: [16697, 17058] IsolatedUid: [99110] scene: LcdOn
2025-07-07 01:38:07.336  9453-9453  IHansComunication       hans                                 D  HANS sendMessageToKernel: threadId = 506395081904, netLinkSetup = 1, type = PKG, targetUid = 10399, pkgCmd = ADD_ONE_UID
2025-07-07 01:38:07.852  3804-4107  CommonScen...-128-10039 com.oplus.nas                        D  transportLayerQosChange TransportLayerData{link_index=33, uid=10039, uplink_srtt=0, uplink_packets=0, uplink_retrans_packets=0, uplink_retrans_rate=0, downlink_srtt=0, downlink_packets=0, downlink_retrans_packets=0, downlink_retrans_rate=0, downlink_rate=0, uplink_udp_packets=0, downlink_udp_packets=0, uplink_tcp_rate=0, uplink_udp_rate=0, downlink_tcp_rate=0, downlink_udp_rate=0}
2025-07-07 01:38:07.852  3804-4107  CommonScen...-128-10039 com.oplus.nas                        D  ActiveState process message 2
2025-07-07 01:38:07.852  3804-4107  CommonScen...-128-10039 com.oplus.nas                        D  ActiveState EVENT_NETWORK_KPI_CHANGE
2025-07-07 01:38:07.852  3804-4107  CommonScen...-128-10039 com.oplus.nas                        D  transport layer data is invalid
2025-07-07 01:38:07.852  3804-4107  CommonScen...-128-10039 com.oplus.nas                        D  ActiveState EVENT_NETWORK_KPI_CHANGE score is invalid
2025-07-07 01:38:07.890  1306-4410  SurfaceFlinger          surfaceflinger                       D  captureDisplay from pid 1306 uid -1 display 4630946198108318081
2025-07-07 01:38:07.975  1623-2924  WifiStaIfaceHidlImpl    system_server                        D  getCachedScanData is not implemented by HIDL
2025-07-07 01:38:08.055  1306-4410  SurfaceFlinger          surfaceflinger                       D  captureDisplay from pid 1306 uid -1 display 4630946198108318081
2025-07-07 01:38:08.099  1306-4410  SurfaceFlinger          surfaceflinger                       D  captureDisplay from pid 1306 uid -1 display 4630946198108318081
2025-07-07 01:38:08.206 20477-2419  ShellSubsc...rkerThread com.oplus.midas                      D  the first 8 bytes empty, and RestData length > 8 
2025-07-07 01:38:08.312  9453-9453  IHansComunication       hans                                 D  HANS sendMessageToKernel: threadId = 506395081904, netLinkSetup = 1, type = FROZEN_TRANS, targetUid = 10195, pkgCmd = PKG_CMD_MAX
2025-07-07 01:38:08.323  9453-9453  IHansComunication       hans                                 D  HANS sendMessageToKernel: threadId = 506395081904, netLinkSetup = 1, type = FROZEN_TRANS, targetUid = 10285, pkgCmd = PKG_CMD_MAX
2025-07-07 01:38:08.337  9453-9453  IHansComunication       hans                                 D  HANS sendMessageToKernel: threadId = 506395081904, netLinkSetup = 1, type = FROZEN_TRANS, targetUid = 10399, pkgCmd = PKG_CMD_MAX
2025-07-07 01:38:08.462 10785-10785 BoundBrokerSvc          com.google.android.gms.persistent    D  onUnbind: Intent { act=com.google.android.gms.libs.gmscorelogger.service.START dat=chimera-action:/... cmp=com.google.android.gms/.chimera.PersistentDirectBootAwareApiService mCallingUid=10102 }
2025-07-07 01:38:08.762  1623-2840  AlarmManager            system_server                        V  sending alarm Alarm{b8a6c8d type 2 origWhen 179481019 whenElapsed 179481019 android} uid 1000 whenElapsed 179481019 windowLength 19842 maxWhenElapsed 179500861 repeatInterval 0 action null component null tag *job.deadline* flags 0x0 procName system_server
2025-07-07 01:38:08.875  3804-4107  CommonScen...-128-10039 com.oplus.nas                        D  transportLayerQosChange TransportLayerData{link_index=33, uid=10039, uplink_srtt=0, uplink_packets=0, uplink_retrans_packets=0, uplink_retrans_rate=0, downlink_srtt=0, downlink_packets=0, downlink_retrans_packets=0, downlink_retrans_rate=0, downlink_rate=0, uplink_udp_packets=0, downlink_udp_packets=0, uplink_tcp_rate=0, uplink_udp_rate=0, downlink_tcp_rate=0, downlink_udp_rate=0}
2025-07-07 01:38:08.876  3804-4107  CommonScen...-128-10039 com.oplus.nas                        D  ActiveState process message 2
2025-07-07 01:38:08.876  3804-4107  CommonScen...-128-10039 com.oplus.nas                        D  ActiveState EVENT_NETWORK_KPI_CHANGE
2025-07-07 01:38:08.876  3804-4107  CommonScen...-128-10039 com.oplus.nas                        D  transport layer data is invalid
2025-07-07 01:38:08.876  3804-4107  CommonScen...-128-10039 com.oplus.nas                        D  ActiveState EVENT_NETWORK_KPI_CHANGE score is invalid
2025-07-07 01:38:09.901  3804-4107  CommonScen...-128-10039 com.oplus.nas                        D  transportLayerQosChange TransportLayerData{link_index=33, uid=10039, uplink_srtt=0, uplink_packets=0, uplink_retrans_packets=0, uplink_retrans_rate=0, downlink_srtt=0, downlink_packets=0, downlink_retrans_packets=0, downlink_retrans_rate=0, downlink_rate=0, uplink_udp_packets=0, downlink_udp_packets=0, uplink_tcp_rate=0, uplink_udp_rate=0, downlink_tcp_rate=0, downlink_udp_rate=0}
2025-07-07 01:38:09.901  3804-4107  CommonScen...-128-10039 com.oplus.nas                        D  ActiveState process message 2
2025-07-07 01:38:09.901  3804-4107  CommonScen...-128-10039 com.oplus.nas                        D  ActiveState EVENT_NETWORK_KPI_CHANGE
2025-07-07 01:38:09.901  3804-4107  CommonScen...-128-10039 com.oplus.nas                        D  transport layer data is invalid
2025-07-07 01:38:09.901  3804-4107  CommonScen...-128-10039 com.oplus.nas                        D  ActiveState EVENT_NETWORK_KPI_CHANGE score is invalid
2025-07-07 01:38:10.133  3181-3181  SystemUi--Keyguard      com.android.systemui                 I  KeyguardUtils-->density is 0 sInitialDisplayDensity:480
2025-07-07 01:38:10.210  1623-2340  OplusSmart...Controller system_server                        I  deltaLux = 0.007709503, scale = 1.0
2025-07-07 01:38:10.211  1623-2344  OplusSmart...Controller system_server                        D  handleMessage MSG_LUX_CHANGED, mLux:18.260036 luxQueue=[18.260036, 18.260036, 18.260036, 18.260036, 18.260036, 18.260036, 18.260036, 18.260036, 18.260036, 18.260036, 18.260036]
2025-07-07 01:38:10.212  1623-2344  OplusSmart...Controller system_server                        D  drag strategy, originLux:18.260036 updateLux:18.26582 Coefficient:4.7524357 queue:[18.267746, 18.267746, 18.267746, 18.260036]
2025-07-07 01:38:10.924  3804-4107  CommonScen...-128-10039 com.oplus.nas                        D  transportLayerQosChange TransportLayerData{link_index=33, uid=10039, uplink_srtt=0, uplink_packets=0, uplink_retrans_packets=0, uplink_retrans_rate=0, downlink_srtt=0, downlink_packets=0, downlink_retrans_packets=0, downlink_retrans_rate=0, downlink_rate=0, uplink_udp_packets=0, downlink_udp_packets=0, uplink_tcp_rate=0, uplink_udp_rate=0, downlink_tcp_rate=0, downlink_udp_rate=0}
2025-07-07 01:38:10.924  3804-4107  CommonScen...-128-10039 com.oplus.nas                        D  ActiveState process message 2
2025-07-07 01:38:10.924  3804-4107  CommonScen...-128-10039 com.oplus.nas                        D  ActiveState EVENT_NETWORK_KPI_CHANGE
2025-07-07 01:38:10.924  3804-4107  CommonScen...-128-10039 com.oplus.nas                        D  transport layer data is invalid
2025-07-07 01:38:10.924  3804-4107  CommonScen...-128-10039 com.oplus.nas                        D  ActiveState EVENT_NETWORK_KPI_CHANGE score is invalid
2025-07-07 01:38:11.019  1623-2924  WifiStaIfaceHidlImpl    system_server                        D  getCachedScanData is not implemented by HIDL
2025-07-07 01:38:11.948  3804-4107  CommonScen...-128-10039 com.oplus.nas                        D  transportLayerQosChange TransportLayerData{link_index=33, uid=10039, uplink_srtt=0, uplink_packets=0, uplink_retrans_packets=0, uplink_retrans_rate=0, downlink_srtt=0, downlink_packets=0, downlink_retrans_packets=0, downlink_retrans_rate=0, downlink_rate=0, uplink_udp_packets=0, downlink_udp_packets=0, uplink_tcp_rate=0, uplink_udp_rate=0, downlink_tcp_rate=0, downlink_udp_rate=0}
2025-07-07 01:38:11.949  3804-4107  CommonScen...-128-10039 com.oplus.nas                        D  ActiveState process message 2
2025-07-07 01:38:11.949  3804-4107  CommonScen...-128-10039 com.oplus.nas                        D  ActiveState EVENT_NETWORK_KPI_CHANGE
2025-07-07 01:38:11.949  3804-4107  CommonScen...-128-10039 com.oplus.nas                        D  transport layer data is invalid
2025-07-07 01:38:11.949  3804-4107  CommonScen...-128-10039 com.oplus.nas                        D  ActiveState EVENT_NETWORK_KPI_CHANGE score is invalid
2025-07-07 01:38:12.323  1623-2344  OplusSmart...Controller system_server                        D  handleMessage MSG_LUX_CHANGED, mLux:18.260036 luxQueue=[18.260036, 18.260036, 18.260036, 18.260036, 18.260036, 18.260036, 18.260036, 18.260036, 18.260036, 18.260036]
2025-07-07 01:38:12.323  1623-2344  OplusSmart...Controller system_server                        D  drag strategy, originLux:18.260036 updateLux:18.263891 Coefficient:4.7524357 queue:[18.267746, 18.267746, 18.260036, 18.260036]
2025-07-07 01:38:12.957  1306-4410  SurfaceFlinger          surfaceflinger                       D  captureDisplay from pid 1306 uid -1 display 4630946198108318081
2025-07-07 01:38:12.972  3804-4107  CommonScen...-128-10039 com.oplus.nas                        D  transportLayerQosChange TransportLayerData{link_index=33, uid=10039, uplink_srtt=44, uplink_packets=2, uplink_retrans_packets=0, uplink_retrans_rate=0, downlink_srtt=0, downlink_packets=1, downlink_retrans_packets=0, downlink_retrans_rate=0, downlink_rate=0, uplink_udp_packets=0, downlink_udp_packets=0, uplink_tcp_rate=150, uplink_udp_rate=0, downlink_tcp_rate=98, downlink_udp_rate=0}
2025-07-07 01:38:12.972  3804-4107  CommonScen...-128-10039 com.oplus.nas                        D  ActiveState process message 2
2025-07-07 01:38:12.972  3804-4107  CommonScen...-128-10039 com.oplus.nas                        D  ActiveState EVENT_NETWORK_KPI_CHANGE
2025-07-07 01:38:12.972  3804-4107  CommonScen...-128-10039 com.oplus.nas                        D  scenarios low package
2025-07-07 01:38:12.972  3804-4107  CommonScen...-128-10039 com.oplus.nas                        D  ActiveState EVENT_NETWORK_KPI_CHANGE score is invalid
2025-07-07 01:38:13.071  1306-4410  SurfaceFlinger          surfaceflinger                       D  captureDisplay from pid 1306 uid -1 display 4630946198108318081
2025-07-07 01:38:13.161  1981-2056  LocSvc_xtra2            xtra-daemon                          E  resolve:1145] DNS resolution on path1.xtracloud.net failed with ret code 7 No address associated with hostname
2025-07-07 01:38:13.177 20119-11179 AudioManagerExtImpl     com.facebook.orca                    D  getStreamVolume packageName=com.facebook.orca, index=16, streamType=1
2025-07-07 01:38:13.180  3758-4297  OplusCellu...workConfig com.android.phone                    D  getDnsQueryPriority value=http://www.google.com/generate_204
2025-07-07 01:38:13.181  3804-4107  CommonScen...-128-10039 com.oplus.nas                        D  trigger ourself dns check requestId1 4373
2025-07-07 01:38:13.211  3804-10593 System.err              com.oplus.nas                        W  android.system.ErrnoException: setsockopt failed: EPERM (Operation not permitted)
2025-07-07 01:38:13.212  3804-10593 System.err              com.oplus.nas                        W  	at libcore.io.Linux.setsockoptIfreq(Native Method)
2025-07-07 01:38:13.212  3804-10593 System.err              com.oplus.nas                        W  	at libcore.io.ForwardingOs.setsockoptIfreq(ForwardingOs.java:779)
2025-07-07 01:38:13.212  3804-10593 System.err              com.oplus.nas                        W  	at libcore.io.ForwardingOs.setsockoptIfreq(ForwardingOs.java:779)
2025-07-07 01:38:13.212  3804-10593 System.err              com.oplus.nas                        W  	at android.system.Os.setsockoptIfreq(Os.java:782)
2025-07-07 01:38:13.212  3804-10593 System.err              com.oplus.nas                        W  	at android.net.util.SocketUtils.bindSocketToInterface(SocketUtils.java:54)
2025-07-07 01:38:13.212  3804-10593 System.err              com.oplus.nas                        W  	at com.oplus.nas.network.comm.c.a(SourceFile:44)
2025-07-07 01:38:13.212  3804-10593 System.err              com.oplus.nas                        W  	at com.oplus.nas.network.comm.i.run(SourceFile:5)
2025-07-07 01:38:13.212  3804-10593 System.err              com.oplus.nas                        W  	at java.util.concurrent.Executors$RunnableAdapter.call(Executors.java:524)
2025-07-07 01:38:13.212  3804-10593 System.err              com.oplus.nas                        W  	at java.util.concurrent.FutureTask.run(FutureTask.java:317)
2025-07-07 01:38:13.212  3804-10593 System.err              com.oplus.nas                        W  	at java.util.concurrent.ScheduledThreadPoolExecutor$ScheduledFutureTask.run(ScheduledThreadPoolExecutor.java:348)
2025-07-07 01:38:13.212  3804-10593 System.err              com.oplus.nas                        W  	at java.util.concurrent.ThreadPoolExecutor.runWorker(ThreadPoolExecutor.java:1156)
2025-07-07 01:38:13.212  3804-10593 System.err              com.oplus.nas                        W  	at java.util.concurrent.ThreadPoolExecutor$Worker.run(ThreadPoolExecutor.java:651)
2025-07-07 01:38:13.212  3804-10593 System.err              com.oplus.nas                        W  	at java.lang.Thread.run(Thread.java:1119)
2025-07-07 01:38:13.213  3804-4107  CommonScen...-128-10039 com.oplus.nas                        D  ActiveState process message 3
2025-07-07 01:38:13.213  3804-4107  CommonScen...-128-10039 com.oplus.nas                        D  ActiveState EVENT_DNS_CHECK_RESULT dns check delay=100
2025-07-07 01:38:13.996  3804-4107  CommonScen...-128-10039 com.oplus.nas                        D  transportLayerQosChange TransportLayerData{link_index=33, uid=10039, uplink_srtt=0, uplink_packets=0, uplink_retrans_packets=0, uplink_retrans_rate=0, downlink_srtt=0, downlink_packets=0, downlink_retrans_packets=0, downlink_retrans_rate=0, downlink_rate=0, uplink_udp_packets=0, downlink_udp_packets=0, uplink_tcp_rate=0, uplink_udp_rate=0, downlink_tcp_rate=0, downlink_udp_rate=0}
2025-07-07 01:38:13.996  3804-4107  CommonScen...-128-10039 com.oplus.nas                        D  ActiveState process message 2
2025-07-07 01:38:13.996  3804-4107  CommonScen...-128-10039 com.oplus.nas                        D  ActiveState EVENT_NETWORK_KPI_CHANGE
2025-07-07 01:38:13.996  3804-4107  CommonScen...-128-10039 com.oplus.nas                        D  transport layer data is invalid
2025-07-07 01:38:13.996  3804-4107  CommonScen...-128-10039 com.oplus.nas                        D  ActiveState EVENT_NETWORK_KPI_CHANGE score is invalid
2025-07-07 01:38:14.057  1623-2924  WifiStaIfaceHidlImpl    system_server                        D  getCachedScanData is not implemented by HIDL
2025-07-07 01:38:14.141  3181-3181  SystemUi--Keyguard      com.android.systemui                 I  KeyguardUtils-->density is 0 sInitialDisplayDensity:480
2025-07-07 01:38:14.872  1623-3802  OplusHansManager        system_server                        I  unfreeze uid: 10195 com.lemon.lvoverseas pids: [19095, 19011, 19858] reason: Packet scene: LcdOn
2025-07-07 01:38:14.875  1623-3799  OplusHansManager        system_server                        I  uid=10195, pkg=com.lemon.lvoverseas F exit(), F stay=7, reason=Packet
2025-07-07 01:38:14.894  1623-3963  ProcessStats            system_server                        W  Tracking association SourceState{1a962ad com.lemon.lvoverseas/10195 ImpFg #389298} whose proc state 5 is better than process ProcessState{66370ba com.lemon.lvoverseas:push/10195 pkg=com.lemon.lvoverseas} proc state 8 (101 skipped)
2025-07-07 01:38:14.900  1623-3802  OplusHansManager        system_server                        I  unfreeze uid: 10285 com.gamma.scan pids: [11400, 11483] reason: AsyncBinder scene: LcdOn
2025-07-07 01:38:14.901  1623-3799  OplusHansManager        system_server                        I  uid=10285, pkg=com.gamma.scan F exit(), F stay=7, reason=AsyncBinder
2025-07-07 01:38:14.906  1623-3802  OplusHansManager        system_server                        I  unfreeze uid: 10399 com.imo.android.imoim pids: [16697, 17058] reason: AsyncBinder scene: LcdOn
2025-07-07 01:38:14.907  1623-3799  OplusHansManager        system_server                        I  uid=10399, pkg=com.imo.android.imoim F exit(), F stay=7, reason=AsyncBinder
2025-07-07 01:38:15.020  3804-4107  CommonScen...-128-10039 com.oplus.nas                        D  transportLayerQosChange TransportLayerData{link_index=33, uid=10039, uplink_srtt=0, uplink_packets=0, uplink_retrans_packets=0, uplink_retrans_rate=0, downlink_srtt=0, downlink_packets=0, downlink_retrans_packets=0, downlink_retrans_rate=0, downlink_rate=0, uplink_udp_packets=0, downlink_udp_packets=0, uplink_tcp_rate=0, uplink_udp_rate=0, downlink_tcp_rate=0, downlink_udp_rate=0}
2025-07-07 01:38:15.020  3804-4107  CommonScen...-128-10039 com.oplus.nas                        D  ActiveState process message 2
2025-07-07 01:38:15.020  3804-4107  CommonScen...-128-10039 com.oplus.nas                        D  ActiveState EVENT_NETWORK_KPI_CHANGE
2025-07-07 01:38:15.020  3804-4107  CommonScen...-128-10039 com.oplus.nas                        D  transport layer data is invalid
2025-07-07 01:38:15.020  3804-4107  CommonScen...-128-10039 com.oplus.nas                        D  ActiveState EVENT_NETWORK_KPI_CHANGE score is invalid
2025-07-07 01:38:15.279  1623-2340  OplusSmart...Controller system_server                        I  deltaLux = 0.0038547516, scale = 1.0
2025-07-07 01:38:15.280  1623-2344  OplusSmart...Controller system_server                        D  handleMessage MSG_LUX_CHANGED, mLux:18.256182 luxQueue=[18.256182, 18.256182, 18.256182, 18.256182, 18.256182, 18.256182, 18.256182, 18.256182, 18.256182, 18.256182, 18.256182]
2025-07-07 01:38:15.280  1623-2344  OplusSmart...Controller system_server                        D  drag strategy, originLux:18.256182 updateLux:18.261 Coefficient:4.7524357 queue:[18.267746, 18.260036, 18.260036, 18.256182]
2025-07-07 01:38:16.044  3804-4107  CommonScen...-128-10039 com.oplus.nas                        D  transportLayerQosChange TransportLayerData{link_index=33, uid=10039, uplink_srtt=0, uplink_packets=0, uplink_retrans_packets=0, uplink_retrans_rate=0, downlink_srtt=0, downlink_packets=0, downlink_retrans_packets=0, downlink_retrans_rate=0, downlink_rate=0, uplink_udp_packets=0, downlink_udp_packets=0, uplink_tcp_rate=0, uplink_udp_rate=0, downlink_tcp_rate=0, downlink_udp_rate=0}
2025-07-07 01:38:16.045  3804-4107  CommonScen...-128-10039 com.oplus.nas                        D  ActiveState process message 2
2025-07-07 01:38:16.045  3804-4107  CommonScen...-128-10039 com.oplus.nas                        D  ActiveState EVENT_NETWORK_KPI_CHANGE
2025-07-07 01:38:16.045  3804-4107  CommonScen...-128-10039 com.oplus.nas                        D  transport layer data is invalid
2025-07-07 01:38:16.045  3804-4107  CommonScen...-128-10039 com.oplus.nas                        D  ActiveState EVENT_NETWORK_KPI_CHANGE score is invalid
2025-07-07 01:38:16.412  1623-3799  OplusHansManager        system_server                        I  uid=10285, pkg=com.gamma.scan can not transition from M to F. reason: AsyncBinder
2025-07-07 01:38:16.420  1623-3799  OplusHansManager        system_server                        I  uid=10399, pkg=com.imo.android.imoim can not transition from M to F. reason: AsyncBinder
2025-07-07 01:38:17.068  3804-4107  CommonScen...-128-10039 com.oplus.nas                        D  transportLayerQosChange TransportLayerData{link_index=33, uid=10039, uplink_srtt=0, uplink_packets=0, uplink_retrans_packets=0, uplink_retrans_rate=0, downlink_srtt=0, downlink_packets=0, downlink_retrans_packets=0, downlink_retrans_rate=0, downlink_rate=0, uplink_udp_packets=0, downlink_udp_packets=0, uplink_tcp_rate=0, uplink_udp_rate=0, downlink_tcp_rate=0, downlink_udp_rate=0}
2025-07-07 01:38:17.069  3804-4107  CommonScen...-128-10039 com.oplus.nas                        D  ActiveState process message 2
2025-07-07 01:38:17.069  3804-4107  CommonScen...-128-10039 com.oplus.nas                        D  ActiveState EVENT_NETWORK_KPI_CHANGE
2025-07-07 01:38:17.069  3804-4107  CommonScen...-128-10039 com.oplus.nas                        D  transport layer data is invalid
2025-07-07 01:38:17.069  3804-4107  CommonScen...-128-10039 com.oplus.nas                        D  ActiveState EVENT_NETWORK_KPI_CHANGE score is invalid
2025-07-07 01:38:17.091  1623-2924  WifiStaIfaceHidlImpl    system_server                        D  getCachedScanData is not implemented by HIDL
2025-07-07 01:38:17.388  1623-2344  OplusSmart...Controller system_server                        D  handleMessage MSG_LUX_CHANGED, mLux:18.256182 luxQueue=[18.256182, 18.256182, 18.256182, 18.256182, 18.256182, 18.256182, 18.256182, 18.256182, 18.256182, 18.256182]
2025-07-07 01:38:17.388  1623-2344  OplusSmart...Controller system_server                        D  drag strategy, originLux:18.256182 updateLux:18.25811 Coefficient:4.7524357 queue:[18.260036, 18.260036, 18.256182, 18.256182]
2025-07-07 01:38:17.484  1996-2070  theia_kevent            oplus_theia                          I  TheiaKeventThread recv type=3, tag=CriticalLog, event_id=Theia, payload:event_id: 1283. loginfo: 2. pid: 16455. extrainfo: init process block for more than 30s, block_count is 1, len=106
2025-07-07 01:38:17.484  1996-2070  theia_kevent            oplus_theia                          D  TheiaKeventThread hook recv
2025-07-07 01:38:17.484  1996-2070  oplus_theia             oplus_theia                          I  TheiaRecvKeventFunc called
2025-07-07 01:38:17.484  1996-2070  oplus_theia             oplus_theia                          I  oplus_theia handleKernelSendTheiaEvent
2025-07-07 01:38:17.484  1996-2070  oplus_theia             oplus_theia                          I  oplus_theia handleKernelSendEvent got message:event_id: 1283. loginfo: 2. pid: 16455. extrainfo: init process block for more than 30s, block_count is 1
2025-07-07 01:38:17.484  1996-2070  oplus_theia             oplus_theia                          I  oplus_theia kernelSendTheiaEvent key-value ret = 2
2025-07-07 01:38:17.485  1996-2070  oplus_theia             oplus_theia                          I  oplus_theia handleKernelSendEvent got data, key:event_id: value:1283
2025-07-07 01:38:17.485  1996-2070  oplus_theia             oplus_theia                          I  oplus_theia kernelSendTheiaEvent key-value ret = 2
2025-07-07 01:38:17.485  1996-2070  oplus_theia             oplus_theia                          I  oplus_theia handleKernelSendEvent got data, key:loginfo: value:2
2025-07-07 01:38:17.485  1996-2070  oplus_theia             oplus_theia                          I  oplus_theia kernelSendTheiaEvent key-value ret = 2
2025-07-07 01:38:17.485  1996-2070  oplus_theia             oplus_theia                          I  oplus_theia handleKernelSendEvent got data, key:pid: value:16455
2025-07-07 01:38:17.485  1996-2070  oplus_theia             oplus_theia                          I  oplus_theia kernelSendTheiaEvent key-value ret = 2
2025-07-07 01:38:17.485  1996-2070  oplus_theia             oplus_theia                          I  oplus_theia handleKernelSendEvent got data, key:extrainfo: value:init
2025-07-07 01:38:17.485  1996-2070  TheiaBinder             oplus_theia                          I  [generateTheiaTimestamp]: generateTheiaTimestamp start.
2025-07-07 01:38:17.485  1996-2070  TheiaBinder             oplus_theia                          I  [generateTheiaTimestamp]: 2025-07-07 01:38:17 485.
2025-07-07 01:38:17.485  1996-2070  TheiaBinder             oplus_theia                          I  buildNewTheiaEvent eventId: 0x503 is Disable! value: 0
2025-07-07 01:38:17.485  1996-2070  theia_kevent            oplus_theia                          D  TheiaKeventThread hook ret=1
2025-07-07 01:38:17.485  1996-2070  theia_kevent            oplus_theia                          I  TheiaKeventThread recvKevent
2025-07-07 01:38:17.932  1623-3799  OplusHansManager        system_server                        I  uid=10285, pkg=com.gamma.scan F enter(), M stay=3
2025-07-07 01:38:17.941  1623-3799  OplusHansManager        system_server                        I  freeze uid: 10285 com.gamma.scan pids: [11400, 11483] IsolatedUid: [99074] scene: LcdOn
2025-07-07 01:38:17.943  9453-9453  IHansComunication       hans                                 D  HANS sendMessageToKernel: threadId = 506395081904, netLinkSetup = 1, type = PKG, targetUid = 10285, pkgCmd = ADD_ONE_UID
2025-07-07 01:38:17.950  1623-3799  OplusHansManager        system_server                        I  uid=10399, pkg=com.imo.android.imoim F enter(), M stay=3
2025-07-07 01:38:17.957  1623-3799  OplusHansManager        system_server                        I  freeze uid: 10399 com.imo.android.imoim pids: [16697, 17058] IsolatedUid: [99110] scene: LcdOn
2025-07-07 01:38:17.959  9453-9453  IHansComunication       hans                                 D  HANS sendMessageToKernel: threadId = 506395081904, netLinkSetup = 1, type = PKG, targetUid = 10399, pkgCmd = ADD_ONE_UID
2025-07-07 01:38:18.002  1623-3802  OplusHansManager        system_server                        I  unfreeze uid: 10285 com.gamma.scan pids: [11400, 11483] reason: AsyncBinder scene: LcdOn
2025-07-07 01:38:18.004  1623-3799  OplusHansManager        system_server                        I  uid=10285, pkg=com.gamma.scan F exit(), F stay=0, reason=AsyncBinder
2025-07-07 01:38:18.008  1623-3802  OplusHansManager        system_server                        I  unfreeze uid: 10399 com.imo.android.imoim pids: [16697, 17058] reason: AsyncBinder scene: LcdOn
2025-07-07 01:38:18.014  1623-3799  OplusHansManager        system_server                        I  uid=10399, pkg=com.imo.android.imoim F exit(), F stay=0, reason=AsyncBinder
2025-07-07 01:38:18.018  1306-4410  SurfaceFlinger          surfaceflinger                       D  captureDisplay from pid 1306 uid -1 display 4630946198108318081
2025-07-07 01:38:18.079  1306-4410  SurfaceFlinger          surfaceflinger                       D  captureDisplay from pid 1306 uid -1 display 4630946198108318081
2025-07-07 01:38:18.091  3804-4107  CommonScen...-128-10039 com.oplus.nas                        D  transportLayerQosChange TransportLayerData{link_index=33, uid=10039, uplink_srtt=0, uplink_packets=0, uplink_retrans_packets=0, uplink_retrans_rate=0, downlink_srtt=0, downlink_packets=0, downlink_retrans_packets=0, downlink_retrans_rate=0, downlink_rate=0, uplink_udp_packets=0, downlink_udp_packets=0, uplink_tcp_rate=0, uplink_udp_rate=0, downlink_tcp_rate=0, downlink_udp_rate=0}
2025-07-07 01:38:18.091  3804-4107  CommonScen...-128-10039 com.oplus.nas                        D  ActiveState process message 2
2025-07-07 01:38:18.091  3804-4107  CommonScen...-128-10039 com.oplus.nas                        D  ActiveState EVENT_NETWORK_KPI_CHANGE
2025-07-07 01:38:18.091  3804-4107  CommonScen...-128-10039 com.oplus.nas                        D  transport layer data is invalid
2025-07-07 01:38:18.091  3804-4107  CommonScen...-128-10039 com.oplus.nas                        D  ActiveState EVENT_NETWORK_KPI_CHANGE score is invalid
2025-07-07 01:38:18.165  3181-3181  SystemUi--Keyguard      com.android.systemui                 I  KeyguardUtils-->density is 0 sInitialDisplayDensity:480
2025-07-07 01:38:18.187  1306-4410  SurfaceFlinger          surfaceflinger                       D  captureDisplay from pid 1306 uid -1 display 4630946198108318081
2025-07-07 01:38:18.205 20477-2419  ShellSubsc...rkerThread com.oplus.midas                      D  the first 8 bytes empty, and RestData length > 8 
2025-07-07 01:38:18.944  9453-9453  IHansComunication       hans                                 D  HANS sendMessageToKernel: threadId = 506395081904, netLinkSetup = 1, type = FROZEN_TRANS, targetUid = 10285, pkgCmd = PKG_CMD_MAX
2025-07-07 01:38:18.960  9453-9453  IHansComunication       hans                                 D  HANS sendMessageToKernel: threadId = 506395081904, netLinkSetup = 1, type = FROZEN_TRANS, targetUid = 10399, pkgCmd = PKG_CMD_MAX
2025-07-07 01:38:19.115  3804-4107  CommonScen...-128-10039 com.oplus.nas                        D  transportLayerQosChange TransportLayerData{link_index=33, uid=10039, uplink_srtt=0, uplink_packets=0, uplink_retrans_packets=0, uplink_retrans_rate=0, downlink_srtt=0, downlink_packets=0, downlink_retrans_packets=0, downlink_retrans_rate=0, downlink_rate=0, uplink_udp_packets=0, downlink_udp_packets=0, uplink_tcp_rate=0, uplink_udp_rate=0, downlink_tcp_rate=0, downlink_udp_rate=0}
2025-07-07 01:38:19.115  3804-4107  CommonScen...-128-10039 com.oplus.nas                        D  ActiveState process message 2
2025-07-07 01:38:19.115  3804-4107  CommonScen...-128-10039 com.oplus.nas                        D  ActiveState EVENT_NETWORK_KPI_CHANGE
2025-07-07 01:38:19.115  3804-4107  CommonScen...-128-10039 com.oplus.nas                        D  transport layer data is invalid
2025-07-07 01:38:19.115  3804-4107  CommonScen...-128-10039 com.oplus.nas                        D  ActiveState EVENT_NETWORK_KPI_CHANGE score is invalid
2025-07-07 01:38:19.513  1623-3799  OplusHansManager        system_server                        I  uid=10285, pkg=com.gamma.scan can not transition from M to F. reason: AsyncBinder
2025-07-07 01:38:19.520  1623-3799  OplusHansManager        system_server                        I  uid=10399, pkg=com.imo.android.imoim can not transition from M to F. reason: AsyncBinder
2025-07-07 01:38:19.883  1623-3799  OplusHansManager        system_server                        I  uid=10195, pkg=com.lemon.lvoverseas F enter(), M stay=5
2025-07-07 01:38:19.900  1623-3799  OplusHansManager        system_server                        I  freeze uid: 10195 com.lemon.lvoverseas pids: [19095, 19011, 19858] IsolatedUid: [99056] scene: LcdOn
2025-07-07 01:38:19.902  9453-9453  IHansComunication       hans                                 D  HANS sendMessageToKernel: threadId = 506395081904, netLinkSetup = 1, type = PKG, targetUid = 10195, pkgCmd = ADD_ONE_UID
2025-07-07 01:38:20.120  1623-2924  WifiStaIfaceHidlImpl    system_server                        D  getCachedScanData is not implemented by HIDL
2025-07-07 01:38:20.139  3804-4107  CommonScen...-128-10039 com.oplus.nas                        D  transportLayerQosChange TransportLayerData{link_index=33, uid=10039, uplink_srtt=0, uplink_packets=0, uplink_retrans_packets=0, uplink_retrans_rate=0, downlink_srtt=0, downlink_packets=0, downlink_retrans_packets=0, downlink_retrans_rate=0, downlink_rate=0, uplink_udp_packets=0, downlink_udp_packets=0, uplink_tcp_rate=0, uplink_udp_rate=0, downlink_tcp_rate=0, downlink_udp_rate=0}
2025-07-07 01:38:20.139  3804-4107  CommonScen...-128-10039 com.oplus.nas                        D  ActiveState process message 2
2025-07-07 01:38:20.139  3804-4107  CommonScen...-128-10039 com.oplus.nas                        D  ActiveState EVENT_NETWORK_KPI_CHANGE
2025-07-07 01:38:20.139  3804-4107  CommonScen...-128-10039 com.oplus.nas                        D  transport layer data is invalid
2025-07-07 01:38:20.139  3804-4107  CommonScen...-128-10039 com.oplus.nas                        D  ActiveState EVENT_NETWORK_KPI_CHANGE score is invalid
2025-07-07 01:38:20.344  1623-2340  OplusSmart...Controller system_server                        I  deltaLux = 0.0019283295, scale = 1.0
2025-07-07 01:38:20.345  1623-2344  OplusSmart...Controller system_server                        D  handleMessage MSG_LUX_CHANGED, mLux:18.254253 luxQueue=[18.254253, 18.254253, 18.254253, 18.254253, 18.254253, 18.254253, 18.254253, 18.254253, 18.254253, 18.254253, 18.254253]
2025-07-07 01:38:20.346  1623-2344  OplusSmart...Controller system_server                        D  drag strategy, originLux:18.254253 updateLux:18.256662 Coefficient:4.7524357 queue:[18.260036, 18.256182, 18.256182, 18.254253]
2025-07-07 01:38:20.903  9453-9453  IHansComunication       hans                                 D  HANS sendMessageToKernel: threadId = 506395081904, netLinkSetup = 1, type = FROZEN_TRANS, targetUid = 10195, pkgCmd = PKG_CMD_MAX
2025-07-07 01:38:21.031  1623-3799  OplusHansManager        system_server                        I  uid=10285, pkg=com.gamma.scan F enter(), M stay=3
2025-07-07 01:38:21.045  1623-3799  OplusHansManager        system_server                        I  freeze uid: 10285 com.gamma.scan pids: [11400, 11483] IsolatedUid: [99074] scene: LcdOn
2025-07-07 01:38:21.049  9453-9453  IHansComunication       hans                                 D  HANS sendMessageToKernel: threadId = 506395081904, netLinkSetup = 1, type = PKG, targetUid = 10285, pkgCmd = ADD_ONE_UID
2025-07-07 01:38:21.054  1623-3799  OplusHansManager        system_server                        I  uid=10399, pkg=com.imo.android.imoim F enter(), M stay=3
2025-07-07 01:38:21.063  1623-3799  OplusHansManager        system_server                        I  freeze uid: 10399 com.imo.android.imoim pids: [16697, 17058] IsolatedUid: [99110] scene: LcdOn
2025-07-07 01:38:21.064  9453-9453  IHansComunication       hans                                 D  HANS sendMessageToKernel: threadId = 506395081904, netLinkSetup = 1, type = PKG, targetUid = 10399, pkgCmd = ADD_ONE_UID
2025-07-07 01:38:21.165  3804-4107  CommonScen...-128-10039 com.oplus.nas                        D  transportLayerQosChange TransportLayerData{link_index=33, uid=10039, uplink_srtt=0, uplink_packets=0, uplink_retrans_packets=0, uplink_retrans_rate=0, downlink_srtt=0, downlink_packets=0, downlink_retrans_packets=0, downlink_retrans_rate=0, downlink_rate=0, uplink_udp_packets=0, downlink_udp_packets=0, uplink_tcp_rate=0, uplink_udp_rate=0, downlink_tcp_rate=0, downlink_udp_rate=0}
2025-07-07 01:38:21.165  3804-4107  CommonScen...-128-10039 com.oplus.nas                        D  ActiveState process message 2
2025-07-07 01:38:21.165  3804-4107  CommonScen...-128-10039 com.oplus.nas                        D  ActiveState EVENT_NETWORK_KPI_CHANGE
2025-07-07 01:38:21.165  3804-4107  CommonScen...-128-10039 com.oplus.nas                        D  transport layer data is invalid
2025-07-07 01:38:21.165  3804-4107  CommonScen...-128-10039 com.oplus.nas                        D  ActiveState EVENT_NETWORK_KPI_CHANGE score is invalid
2025-07-07 01:38:22.049  9453-9453  IHansComunication       hans                                 D  HANS sendMessageToKernel: threadId = 506395081904, netLinkSetup = 1, type = FROZEN_TRANS, targetUid = 10285, pkgCmd = PKG_CMD_MAX
2025-07-07 01:38:22.065  9453-9453  IHansComunication       hans                                 D  HANS sendMessageToKernel: threadId = 506395081904, netLinkSetup = 1, type = FROZEN_TRANS, targetUid = 10399, pkgCmd = PKG_CMD_MAX
2025-07-07 01:38:22.170  3181-3181  SystemUi--Keyguard      com.android.systemui                 I  KeyguardUtils-->density is 0 sInitialDisplayDensity:480
2025-07-07 01:38:22.188  3804-4107  CommonScen...-128-10039 com.oplus.nas                        D  transportLayerQosChange TransportLayerData{link_index=33, uid=10039, uplink_srtt=0, uplink_packets=0, uplink_retrans_packets=0, uplink_retrans_rate=0, downlink_srtt=0, downlink_packets=0, downlink_retrans_packets=0, downlink_retrans_rate=0, downlink_rate=0, uplink_udp_packets=0, downlink_udp_packets=0, uplink_tcp_rate=0, uplink_udp_rate=0, downlink_tcp_rate=0, downlink_udp_rate=0}
2025-07-07 01:38:22.188  3804-4107  CommonScen...-128-10039 com.oplus.nas                        D  ActiveState process message 2
2025-07-07 01:38:22.188  3804-4107  CommonScen...-128-10039 com.oplus.nas                        D  ActiveState EVENT_NETWORK_KPI_CHANGE
2025-07-07 01:38:22.188  3804-4107  CommonScen...-128-10039 com.oplus.nas                        D  transport layer data is invalid
2025-07-07 01:38:22.188  3804-4107  CommonScen...-128-10039 com.oplus.nas                        D  ActiveState EVENT_NETWORK_KPI_CHANGE score is invalid
2025-07-07 01:38:22.450  1623-2344  OplusSmart...Controller system_server                        D  handleMessage MSG_LUX_CHANGED, mLux:18.254253 luxQueue=[18.254253, 18.254253, 18.254253, 18.254253, 18.254253, 18.254253, 18.254253, 18.254253, 18.254253, 18.254253]
2025-07-07 01:38:22.450  1623-2344  OplusSmart...Controller system_server                        D  drag strategy, originLux:18.254253 updateLux:18.255219 Coefficient:4.7524357 queue:[18.256182, 18.256182, 18.254253, 18.254253]
2025-07-07 01:38:23.011 18782-18782 BoundBrokerSvc          com.google.android.gms               D  onUnbind: Intent { act=com.google.android.gms.common.BIND_SHARED_PREFS pkg=com.google.android.gms mCallingUid=10102 }
2025-07-07 01:38:23.084  1306-4410  SurfaceFlinger          surfaceflinger                       D  captureDisplay from pid 1306 uid -1 display 4630946198108318081
2025-07-07 01:38:23.152  1623-2924  WifiStaIfaceHidlImpl    system_server                        D  getCachedScanData is not implemented by HIDL
2025-07-07 01:38:23.180  1981-2056  LocSvc_xtra2            xtra-daemon                          E  resolve:1145] DNS resolution on path3.xtracloud.net failed with ret code 7 No address associated with hostname
2025-07-07 01:38:23.181  1981-2050  xtra-daemon             xtra-daemon                          W  onXtraDownloadResultInternal:361] XTRA download result status:2 starting timer for 300 sec mXtraRetryTimes:0 
2025-07-07 01:38:23.199 20119-11179 AudioManagerExtImpl     com.facebook.orca                    D  getStreamVolume packageName=com.facebook.orca, index=16, streamType=1
2025-07-07 01:38:23.201  3758-4297  OplusCellu...workConfig com.android.phone                    D  getDnsQueryPriority value=https://connectivitycheck.gstatic.com/generate_204
2025-07-07 01:38:23.203  3804-4107  CommonScen...-128-10039 com.oplus.nas                        D  trigger ourself dns check requestId1 4374
2025-07-07 01:38:23.213  3804-4107  CommonScen...-128-10039 com.oplus.nas                        D  transportLayerQosChange TransportLayerData{link_index=33, uid=10039, uplink_srtt=0, uplink_packets=0, uplink_retrans_packets=0, uplink_retrans_rate=0, downlink_srtt=0, downlink_packets=0, downlink_retrans_packets=0, downlink_retrans_rate=0, downlink_rate=0, uplink_udp_packets=0, downlink_udp_packets=0, uplink_tcp_rate=0, uplink_udp_rate=0, downlink_tcp_rate=0, downlink_udp_rate=0}
2025-07-07 01:38:23.213  3804-4107  CommonScen...-128-10039 com.oplus.nas                        D  ActiveState process message 2
2025-07-07 01:38:23.214  3804-4107  CommonScen...-128-10039 com.oplus.nas                        D  ActiveState EVENT_NETWORK_KPI_CHANGE
2025-07-07 01:38:23.214  3804-4107  CommonScen...-128-10039 com.oplus.nas                        D  transport layer data is invalid
2025-07-07 01:38:23.214  3804-4107  CommonScen...-128-10039 com.oplus.nas                        D  ActiveState EVENT_NETWORK_KPI_CHANGE score is invalid
2025-07-07 01:38:23.217  3804-11987 System.err              com.oplus.nas                        W  android.system.ErrnoException: setsockopt failed: EPERM (Operation not permitted)
2025-07-07 01:38:23.217  3804-11987 System.err              com.oplus.nas                        W  	at libcore.io.Linux.setsockoptIfreq(Native Method)
2025-07-07 01:38:23.218  3804-11987 System.err              com.oplus.nas                        W  	at libcore.io.ForwardingOs.setsockoptIfreq(ForwardingOs.java:779)
2025-07-07 01:38:23.218  3804-11987 System.err              com.oplus.nas                        W  	at libcore.io.ForwardingOs.setsockoptIfreq(ForwardingOs.java:779)
2025-07-07 01:38:23.218  3804-11987 System.err              com.oplus.nas                        W  	at android.system.Os.setsockoptIfreq(Os.java:782)
2025-07-07 01:38:23.218  3804-11987 System.err              com.oplus.nas                        W  	at android.net.util.SocketUtils.bindSocketToInterface(SocketUtils.java:54)
2025-07-07 01:38:23.218  3804-11987 System.err              com.oplus.nas                        W  	at com.oplus.nas.network.comm.c.a(SourceFile:44)
2025-07-07 01:38:23.218  3804-11987 System.err              com.oplus.nas                        W  	at com.oplus.nas.network.comm.i.run(SourceFile:5)
2025-07-07 01:38:23.218  3804-11987 System.err              com.oplus.nas                        W  	at java.util.concurrent.Executors$RunnableAdapter.call(Executors.java:524)
2025-07-07 01:38:23.218  3804-11987 System.err              com.oplus.nas                        W  	at java.util.concurrent.FutureTask.run(FutureTask.java:317)
2025-07-07 01:38:23.218  3804-11987 System.err              com.oplus.nas                        W  	at java.util.concurrent.ScheduledThreadPoolExecutor$ScheduledFutureTask.run(ScheduledThreadPoolExecutor.java:348)
2025-07-07 01:38:23.218  3804-11987 System.err              com.oplus.nas                        W  	at java.util.concurrent.ThreadPoolExecutor.runWorker(ThreadPoolExecutor.java:1156)
2025-07-07 01:38:23.218  3804-11987 System.err              com.oplus.nas                        W  	at java.util.concurrent.ThreadPoolExecutor$Worker.run(ThreadPoolExecutor.java:651)
2025-07-07 01:38:23.218  3804-11987 System.err              com.oplus.nas                        W  	at java.lang.Thread.run(Thread.java:1119)
2025-07-07 01:38:23.219  3804-4107  CommonScen...-128-10039 com.oplus.nas                        D  ActiveState process message 3
