2025-07-07 01:37:29.097 17492-17492 CloudinaryService       com.example.khaddobondhu             D  CLOUD_NAME: ''
2025-07-07 01:37:29.097 17492-17492 CloudinaryService       com.example.khaddobondhu             D  API_KEY: ''
2025-07-07 01:37:29.097 17492-17492 CloudinaryService       com.example.khaddobondhu             D  API_SECRET: ''
2025-07-07 01:37:29.097 17492-17492 CloudinaryService       com.example.khaddobondhu             D  Initializing Cloudinary with cloud_name: 
2025-07-07 01:37:29.097 17492-17492 CloudinaryService       com.example.khaddobondhu             D  API Key: 
2025-07-07 01:37:29.097 17492-17492 CloudinaryService       com.example.khaddobondhu             D  API Secret: ...
2025-07-07 01:37:29.097 17492-17492 CloudinaryService       com.example.khaddobondhu             E  Cloudinary cloud_name is null or empty!

2025-07-07 01:37:43.291 17492-18011 CloudinaryService       com.example.khaddobondhu             E  Cloudinary is not initialized. Cannot upload image.
2025-07-07 01:37:43.292 17492-18011 CloudinaryService       com.example.khaddobondhu             E  Error uploading image to Cloudinary (Ask Gemini)
                                                                                                    java.lang.RuntimeException: Cloudinary is not initialized. Please check your credentials.
                                                                                                    	at com.example.khaddobondhu.service.CloudinaryService.lambda$uploadImage$2$com-example-khaddobondhu-service-CloudinaryService(CloudinaryService.java:81)
                                                                                                    	at com.example.khaddobondhu.service.CloudinaryService$$ExternalSyntheticLambda1.run(D8$$SyntheticClass:0)
                                                                                                    	at java.util.concurrent.ThreadPoolExecutor.runWorker(ThreadPoolExecutor.java:1156)
                                                                                                    	at java.util.concurrent.ThreadPoolExecutor$Worker.run(ThreadPoolExecutor.java:651)
                                                                                                    	at java.lang.Thread.run(Thread.java:1119)

2025-07-07 01:37:52.889   628-628   hwservicemanager        hwservicemanager                     I  getTransport: Cannot find entry vendor.qti.hardware.iop@2.0::IIop/default in either framework or device VINTF manifest.
2025-07-07 01:37:52.903  1623-2291  libprocessgroup         system_server                        I  Successfully killed process cgroup uid 10235 pid 16698 in 15ms
2025-07-07 01:37:52.963   953-953   Zygote                  pid-953                              I  Process 16698 exited due to signal 9 (Killed)
2025-07-07 01:37:52.965  1623-2933  ConnectivityService     system_server                        D  releasing NetworkRequest [ REQUEST id=5934, [ Capabilities: INTERNET&NOT_RESTRICTED&TRUSTED&NOT_VCN_MANAGED Uid: 10235 RequestorUid: 10235 RequestorPkg: com.heytap.pictorial UnderlyingNetworks: Null] ] (release request)
2025-07-07 01:37:52.966  1623-2933  ConnectivityService     system_server                        D  releasing NetworkRequest [ REQUEST id=5930, [ Capabilities: INTERNET&NOT_RESTRICTED&TRUSTED&NOT_VCN_MANAGED Uid: 10235 RequestorUid: 10235 RequestorPkg: com.heytap.pictorial UnderlyingNetworks: Null] ] (release request)
2025-07-07 01:37:52.966   628-628   hwservicemanager        hwservicemanager                     I  getTransport: Cannot find entry vendor.qti.hardware.iop@2.0::IIop/default in either framework or device VINTF manifest.
2025-07-07 01:37:52.969  4704-4736  OplusAtlas...ntDispatch com.oplus.persist.multimedia         D  setEvent:atlas_event_on_process_died info:pid:16698,uid:10235
2025-07-07 01:37:52.969 13506-7973  UMS.HostLifeObserver    com.oplus.pantanal.ums               I  onProcessDied, pid=16698, uid=10235 [UMS|com.oplus.pantanal.ums|1.4.50-10659ce]
2025-07-07 01:37:52.970  4704-6782  OplusAtlas...ageHandler com.oplus.persist.multimedia         D  handleMessage: Msg { when=0 what=1 obj=com.oplus.atlas.OplusAtlasEvent@91645a9 target=com.oplus.atlas.OplusMessageHandler$MyHandler }
2025-07-07 01:37:52.970  3181-6196  SeedlingSd...kInterface com.android.systemui                 I  (SeedingBg) 8 gainSeedlingManager no callback begin isInitialed:2,[sdk:v1.1.36-8ce39c1,plugin:v15.0.796-3ecfa748]
2025-07-07 01:37:52.970 13506-17118 UMS.HostPidManager      com.oplus.pantanal.ums               I  queryHostCardType, pidSet=[16698]
2025-07-07 01:37:52.970  3181-6196  SeedlingSd...ginManager com.android.systemui                 I  (SeedingBg) gainSeedlingManager, entranceType:8, Start gain seedling manager.,[sdk:v1.1.36-8ce39c1,plugin:v15.0.796-3ecfa748]
2025-07-07 01:37:52.970 13506-17118 UMS.HostPidManager      com.oplus.pantanal.ums               I  queryHostCardType, hostPidCache: {}
2025-07-07 01:37:52.970  3181-6196  SeedlingSd...ginManager com.android.systemui                 I  (SeedingBg) gainSeedlingManager, entranceType:8, Seedling manager is already exist,step1.,[sdk:v1.1.36-8ce39c1,plugin:v15.0.796-3ecfa748]
2025-07-07 01:37:52.970 13506-17118 UMS.HostLifeObserver    com.oplus.pantanal.ums               I  clearDecisionResult, hostCardTypeMap = null
2025-07-07 01:37:52.971  3181-6196  SDP.SysUi....ingManager com.android.systemui                 I   sendKilledPid, entrance:status_bar[8,20][ssdk:v1.1.36-8ce39c1,sdplugin:v15.0.796-3ecfa748] [SeedlingSdk|com.android.systemui|1.4.50-10659ce]
2025-07-07 01:37:52.971  3181-6196  SDP.SysUi.PidHelper     com.android.systemui                 I   sendKilledPidToUms, from entrance, pidInfo:PidInfo(hostPidMap={}, umsPidSet=[6199], extras=null)[ssdk:v1.1.36-8ce39c1,sdplugin:v15.0.796-3ecfa748]
2025-07-07 01:37:52.973  3181-13819 SDP.SysUi.ContextProxy  com.android.systemui                 I   acquireClient with uri:content://com.oplus.pantanal.ums.HostPidProvider/pid, pkgName:com.android.systemui, use userContext, userId:0[ssdk:v1.1.36-8ce39c1,sdplugin:v15.0.796-3ecfa748]
2025-07-07 01:37:52.974  1623-2201  DisplayManagerService   system_server                        D  Drop pending events for gone uid 10235
2025-07-07 01:37:52.976  1623-3184  OAPM                    system_server                        E  activity preload is not enabled
2025-07-07 01:37:52.983  3181-13819 SDP.SysUi.PidHelper     com.android.systemui                 I   sendKilledPidToUms, send to ums, bundle:Bundle[{bundle_key_ums_pid_set=[6199], bundle_key_host_pid_map={}}][ssdk:v1.1.36-8ce39c1,sdplugin:v15.0.796-3ecfa748]
2025-07-07 01:37:52.984 13506-17118 UMS.HostPidManager      com.oplus.pantanal.ums               I  queryHostCardType, pidSet=[]
2025-07-07 01:37:52.986 27259-27305 [0]DCS                  com.oplus.statistics.rom             W  Common Record event failed. DCS reject event: [appId=20082,logTag=20082,eventId=seeding_fail] . Pls check server config.
2025-07-07 01:37:53.117  1981-2056  xtra-daemon             xtra-daemon                          W  onRequestXtraData:190] On Req XTRA data Xtrastate:0 retry:1 curReqSource:2 newreqSource:0xffff              isCon:1 isNonMetered:1 isGpsEnabled:1
2025-07-07 01:37:53.171  1623-3799  OplusHansManager        system_server                        I  uid=10285, pkg=com.gamma.scan can not transition from M to F. reason: AsyncBinder
2025-07-07 01:37:53.202  1623-3799  OplusHansManager        system_server                        I  uid=10399, pkg=com.imo.android.imoim can not transition from M to F. reason: AsyncBinder
2025-07-07 01:37:53.260 10785-10785 BoundBrokerSvc          com.google.android.gms.persistent    D  onRebind: Intent { act=com.google.android.gms.libs.gmscorelogger.service.START dat=chimera-action:/... cmp=com.google.android.gms/.chimera.PersistentDirectBootAwareApiService mCallingUid=10102 }
2025-07-07 01:37:53.449 17810-17814 system:ui               system                               W  Cleared Reference was only reachable from finalizer (only reported once)
2025-07-07 01:37:53.458 17810-17836 OpenGLRenderer          system                               D  SkiaOpenGLPipeline::setSurface: this=0xb400007965477b40, surface=NULL
2025-07-07 01:37:53.464 17810-17816 system:ui               system                               W  ApkAssets: Deleting an ApkAssets object '<empty> and /product/priv-app/OppoGallery2/OppoGallery2.apk' with 1 weak references
2025-07-07 01:37:53.465  1306-1471  SurfaceFlinger          surfaceflinger                       I  [SF client] REMOVE (0xb400007dc7374100) for (17810:system:ui)
2025-07-07 01:37:53.515  3804-4107  CommonScen...-128-10039 com.oplus.nas                        D  transportLayerQosChange TransportLayerData{link_index=33, uid=10039, uplink_srtt=0, uplink_packets=0, uplink_retrans_packets=0, uplink_retrans_rate=0, downlink_srtt=0, downlink_packets=0, downlink_retrans_packets=0, downlink_retrans_rate=0, downlink_rate=0, uplink_udp_packets=0, downlink_udp_packets=0, uplink_tcp_rate=0, uplink_udp_rate=0, downlink_tcp_rate=0, downlink_udp_rate=0}
2025-07-07 01:37:53.516  3804-4107  CommonScen...-128-10039 com.oplus.nas                        D  ActiveState process message 2
2025-07-07 01:37:53.516  3804-4107  CommonScen...-128-10039 com.oplus.nas                        D  ActiveState EVENT_NETWORK_KPI_CHANGE
2025-07-07 01:37:53.516  3804-4107  CommonScen...-128-10039 com.oplus.nas                        D  transport layer data is invalid
2025-07-07 01:37:53.516  3804-4107  CommonScen...-128-10039 com.oplus.nas                        D  ActiveState EVENT_NETWORK_KPI_CHANGE score is invalid
2025-07-07 01:37:54.089  3181-3181  SystemUi--Keyguard      com.android.systemui                 I  KeyguardUtils-->density is 0 sInitialDisplayDensity:480
2025-07-07 01:37:54.541  3804-4107  CommonScen...-128-10039 com.oplus.nas                        D  transportLayerQosChange TransportLayerData{link_index=33, uid=10039, uplink_srtt=0, uplink_packets=0, uplink_retrans_packets=0, uplink_retrans_rate=0, downlink_srtt=0, downlink_packets=0, downlink_retrans_packets=0, downlink_retrans_rate=0, downlink_rate=0, uplink_udp_packets=0, downlink_udp_packets=0, uplink_tcp_rate=0, uplink_udp_rate=0, downlink_tcp_rate=0, downlink_udp_rate=0}
2025-07-07 01:37:54.542  3804-4107  CommonScen...-128-10039 com.oplus.nas                        D  ActiveState process message 2
2025-07-07 01:37:54.542  3804-4107  CommonScen...-128-10039 com.oplus.nas                        D  ActiveState EVENT_NETWORK_KPI_CHANGE
2025-07-07 01:37:54.542  3804-4107  CommonScen...-128-10039 com.oplus.nas                        D  transport layer data is invalid
2025-07-07 01:37:54.542  3804-4107  CommonScen...-128-10039 com.oplus.nas                        D  ActiveState EVENT_NETWORK_KPI_CHANGE score is invalid
2025-07-07 01:37:54.695  1623-3799  OplusHansManager        system_server                        I  uid=10285, pkg=com.gamma.scan F enter(), M stay=3
2025-07-07 01:37:54.703  1623-3799  OplusHansManager        system_server                        I  freeze uid: 10285 com.gamma.scan pids: [11400, 11483] IsolatedUid: [99074] scene: LcdOn
2025-07-07 01:37:54.705  9453-9453  IHansComunication       hans                                 D  HANS sendMessageToKernel: threadId = 506395081904, netLinkSetup = 1, type = PKG, targetUid = 10285, pkgCmd = ADD_ONE_UID
2025-07-07 01:37:54.733  1623-3799  OplusHansManager        system_server                        I  uid=10399, pkg=com.imo.android.imoim F enter(), M stay=3
2025-07-07 01:37:54.765  1623-3802  OplusHansManager        system_server                        I  unfreeze uid: 10285 com.gamma.scan pids: [11400, 11483] reason: AsyncBinder scene: LcdOn
2025-07-07 01:37:54.771  1623-3799  OplusHansManager        system_server                        I  freeze uid: 10399 com.imo.android.imoim pids: [16697, 17058] IsolatedUid: [99110] scene: LcdOn
2025-07-07 01:37:54.772  1623-3799  OplusHansManager        system_server                        I  uid=10285, pkg=com.gamma.scan F exit(), F stay=0, reason=AsyncBinder
2025-07-07 01:37:54.772  9453-9453  IHansComunication       hans                                 D  HANS sendMessageToKernel: threadId = 506395081904, netLinkSetup = 1, type = PKG, targetUid = 10399, pkgCmd = ADD_ONE_UID
2025-07-07 01:37:54.785  1623-3802  OplusHansManager        system_server                        I  unfreeze uid: 10399 com.imo.android.imoim pids: [16697, 17058] reason: AsyncBinder scene: LcdOn
2025-07-07 01:37:54.786  1623-3799  OplusHansManager        system_server                        I  uid=10399, pkg=com.imo.android.imoim F exit(), F stay=0, reason=AsyncBinder
2025-07-07 01:37:54.818  1623-6082  UsageStatsService       system_server                        D  User[0] type=0 b=1751830456270 e=1751830674817 cb=1751815435375 ce=1751830674754 disk=0 all=22
2025-07-07 01:37:55.018  1623-2340  OplusSmart...Controller system_server                        I  deltaLux = 0.14278603, scale = 1.0
2025-07-07 01:37:55.019  1623-2344  OplusSmart...Controller system_server                        D  handleMessage MSG_LUX_CHANGED, mLux:18.489271 luxQueue=[18.489271, 18.489271, 18.489271, 18.489271, 18.489271, 18.489271, 18.489271, 18.489271, 18.489271, 18.489271, 18.489271]
2025-07-07 01:37:55.019  1623-2344  OplusSmart...Controller system_server                        D  drag strategy, originLux:18.489271 updateLux:18.698496 Coefficient:4.7524357 queue:[19.03614, 18.632057, 18.632057, 18.489271]
2025-07-07 01:37:55.563  3804-4107  CommonScen...-128-10039 com.oplus.nas                        D  transportLayerQosChange TransportLayerData{link_index=33, uid=10039, uplink_srtt=0, uplink_packets=0, uplink_retrans_packets=0, uplink_retrans_rate=0, downlink_srtt=0, downlink_packets=0, downlink_retrans_packets=0, downlink_retrans_rate=0, downlink_rate=0, uplink_udp_packets=0, downlink_udp_packets=0, uplink_tcp_rate=0, uplink_udp_rate=0, downlink_tcp_rate=0, downlink_udp_rate=0}
2025-07-07 01:37:55.564  3804-4107  CommonScen...-128-10039 com.oplus.nas                        D  ActiveState process message 2
2025-07-07 01:37:55.564  3804-4107  CommonScen...-128-10039 com.oplus.nas                        D  ActiveState EVENT_NETWORK_KPI_CHANGE
2025-07-07 01:37:55.564  3804-4107  CommonScen...-128-10039 com.oplus.nas                        D  transport layer data is invalid
2025-07-07 01:37:55.564  3804-4107  CommonScen...-128-10039 com.oplus.nas                        D  ActiveState EVENT_NETWORK_KPI_CHANGE score is invalid
2025-07-07 01:37:55.706  9453-9453  IHansComunication       hans                                 D  HANS sendMessageToKernel: threadId = 506395081904, netLinkSetup = 1, type = FROZEN_TRANS, targetUid = 10285, pkgCmd = PKG_CMD_MAX
2025-07-07 01:37:55.772  9453-9453  IHansComunication       hans                                 D  HANS sendMessageToKernel: threadId = 506395081904, netLinkSetup = 1, type = FROZEN_TRANS, targetUid = 10399, pkgCmd = PKG_CMD_MAX
2025-07-07 01:37:55.835  1623-2924  WifiStaIfaceHidlImpl    system_server                        D  getCachedScanData is not implemented by HIDL
2025-07-07 01:37:56.075  1623-3049  OplusNetKit             system_server                        D  in getLpByInterface name from LP: [wlan0]
2025-07-07 01:37:56.087  1623-3049  OplusNetRttKit          system_server                        D  getIcmpEchoRtt each addr:192.168.1.1 Rtt: 6
2025-07-07 01:37:56.099  1623-3049  OplusNetRttKit          system_server                        D  getIcmpEchoRtt each addr:192.168.1.1 Rtt: 12
2025-07-07 01:37:56.101  1623-3049  OplusNetRttKit          system_server                        D  getIcmpEchoRtt each addr:192.168.1.1 Rtt: 2
2025-07-07 01:37:56.101  1623-3049  OplusNetRttKit          system_server                        D  getIcmpEchoRtt addr:192.168.1.1 avgRtt: 6
2025-07-07 01:37:56.288  1623-3799  OplusHansManager        system_server                        I  uid=10285, pkg=com.gamma.scan can not transition from M to F. reason: AsyncBinder
2025-07-07 01:37:56.308  1623-3799  OplusHansManager        system_server                        I  uid=10399, pkg=com.imo.android.imoim can not transition from M to F. reason: AsyncBinder
2025-07-07 01:37:56.587  3804-4107  CommonScen...-128-10039 com.oplus.nas                        D  transportLayerQosChange TransportLayerData{link_index=33, uid=10039, uplink_srtt=0, uplink_packets=0, uplink_retrans_packets=0, uplink_retrans_rate=0, downlink_srtt=0, downlink_packets=0, downlink_retrans_packets=0, downlink_retrans_rate=0, downlink_rate=0, uplink_udp_packets=0, downlink_udp_packets=0, uplink_tcp_rate=0, uplink_udp_rate=0, downlink_tcp_rate=0, downlink_udp_rate=0}
2025-07-07 01:37:56.587  3804-4107  CommonScen...-128-10039 com.oplus.nas                        D  ActiveState process message 2
2025-07-07 01:37:56.588  3804-4107  CommonScen...-128-10039 com.oplus.nas                        D  ActiveState EVENT_NETWORK_KPI_CHANGE
2025-07-07 01:37:56.588  3804-4107  CommonScen...-128-10039 com.oplus.nas                        D  transport layer data is invalid
2025-07-07 01:37:56.588  3804-4107  CommonScen...-128-10039 com.oplus.nas                        D  ActiveState EVENT_NETWORK_KPI_CHANGE score is invalid
2025-07-07 01:37:56.638  1623-3799  OplusHansManager        system_server                        I  uid=10195, pkg=com.lemon.lvoverseas F enter(), M stay=5
2025-07-07 01:37:56.656  1623-3799  OplusHansManager        system_server                        I  freeze uid: 10195 com.lemon.lvoverseas pids: [19095, 19011, 19858] IsolatedUid: [99056] scene: LcdOn
2025-07-07 01:37:56.657  9453-9453  IHansComunication       hans                                 D  HANS sendMessageToKernel: threadId = 506395081904, netLinkSetup = 1, type = PKG, targetUid = 10195, pkgCmd = ADD_ONE_UID
2025-07-07 01:37:56.888 20477-20576 ScreenStatusProducer    com.oplus.midas                      D  Current queue status: isIdle = true, isPolling = true
2025-07-07 01:37:57.127  1623-2344  OplusSmart...Controller system_server                        D  handleMessage MSG_LUX_CHANGED, mLux:18.489271 luxQueue=[18.489271, 18.489271, 18.489271, 18.489271, 18.489271, 18.489271, 18.489271, 18.489271, 18.489271, 18.489271]
2025-07-07 01:37:57.127  1623-2344  OplusSmart...Controller system_server                        D  drag strategy, originLux:18.489271 updateLux:18.560802 Coefficient:4.7524357 queue:[18.632057, 18.632057, 18.489271, 18.489271]
2025-07-07 01:37:57.209 17856-17886 OpenGLRenderer          com.google.android.apps.photos       D  RenderThread::destroyRenderingContext: this=0xb40000795aad6d80
2025-07-07 01:37:57.612  3804-4107  CommonScen...-128-10039 com.oplus.nas                        D  transportLayerQosChange TransportLayerData{link_index=33, uid=10039, uplink_srtt=0, uplink_packets=0, uplink_retrans_packets=0, uplink_retrans_rate=0, downlink_srtt=0, downlink_packets=0, downlink_retrans_packets=0, downlink_retrans_rate=0, downlink_rate=0, uplink_udp_packets=0, downlink_udp_packets=0, uplink_tcp_rate=0, uplink_udp_rate=0, downlink_tcp_rate=0, downlink_udp_rate=0}
2025-07-07 01:37:57.613  3804-4107  CommonScen...-128-10039 com.oplus.nas                        D  ActiveState process message 2
2025-07-07 01:37:57.613  3804-4107  CommonScen...-128-10039 com.oplus.nas                        D  ActiveState EVENT_NETWORK_KPI_CHANGE
2025-07-07 01:37:57.613  3804-4107  CommonScen...-128-10039 com.oplus.nas                        D  transport layer data is invalid
2025-07-07 01:37:57.613  3804-4107  CommonScen...-128-10039 com.oplus.nas                        D  ActiveState EVENT_NETWORK_KPI_CHANGE score is invalid
2025-07-07 01:37:57.661  9453-9453  IHansComunication       hans                                 D  HANS sendMessageToKernel: threadId = 506395081904, netLinkSetup = 1, type = FROZEN_TRANS, targetUid = 10195, pkgCmd = PKG_CMD_MAX
2025-07-07 01:37:57.760  1306-4410  SurfaceFlinger          surfaceflinger                       D  captureDisplay from pid 1306 uid -1 display 4630946198108318081
2025-07-07 01:37:57.821  1623-3799  OplusHansManager        system_server                        I  uid=10285, pkg=com.gamma.scan F enter(), M stay=3
2025-07-07 01:37:57.832  1623-3799  OplusHansManager        system_server                        I  freeze uid: 10285 com.gamma.scan pids: [11400, 11483] IsolatedUid: [99074] scene: LcdOn
2025-07-07 01:37:57.834  9453-9453  IHansComunication       hans                                 D  HANS sendMessageToKernel: threadId = 506395081904, netLinkSetup = 1, type = PKG, targetUid = 10285, pkgCmd = ADD_ONE_UID
2025-07-07 01:37:57.840  3932-3932  SubsysBroadcastManager  com.oplus.subsys                     D  onReceive action:android.intent.action.BATTERY_CHANGED
2025-07-07 01:37:57.841  1623-3799  OplusHansManager        system_server                        I  uid=10399, pkg=com.imo.android.imoim F enter(), M stay=3
2025-07-07 01:37:57.846  3181-3181  SystemUi--Statusbar     com.android.systemui                 I  BatteryControllerExt-->handleBroadcast() : broadcast = android.intent.action.BATTERY_CHANGED, charging = false, wirelessCharging = false, wirelessChargingReverse = false, pluggedIn = false, full = true, error = false, plugged = 0, status = 5, notifyCode = 100000000000010000000, wirelessReverseChgType = 0, level = 100
2025-07-07 01:37:57.847  3181-3181  SystemUi--Statusbar     com.android.systemui                 I  BatteryRepository-->model: BatteryStateModel:(level: 100, pluggedInWireless: false, charging: false, wirelessChargingReverse: false)
2025-07-07 01:37:57.847  3181-3181  SystemUi--Keyguard      com.android.systemui                 I  SingleClockController-->onBatteryLevelChange, mBatteryIsLow : false
2025-07-07 01:37:57.847  3181-3181  SystemUi--Keyguard      com.android.systemui                 I  ChargingAnimationImpl-->level :100 , charging : false , mPluggedInWireless : false , pluggedInWireless : false , mWirelessChargingReverse : false , mIsCharging : false , mFastChargeIntent : null , mIsPluggedIn : false
2025-07-07 01:37:57.847  3181-3181  OplusCharge--           com.android.systemui                 I  OplusChargeAnimFlavorOneImpl-->updateChargeAnimState , state : cancel charge anim , reason : plugged out , mChargeColorType : 0
2025-07-07 01:37:57.848  3181-3181  SystemUi--Keyguard      com.android.systemui                 I  SingleClockController-->animChargeHasChanged , state : 4 , isCharging : false ,mIsCharging : false, mChargingAnimState : 4
2025-07-07 01:37:57.848  3181-3181  SystemUi--Keyguard      com.android.systemui                 W  SingleClockController-->state and charging is same , return
2025-07-07 01:37:57.848  3181-3181  SystemUi--Keyguard      com.android.systemui                 I  ChargingAnimationImpl-->onAnimStateChanged , mChargeState : 4 , isScreenOn : true , mStateChanged : false , isGoingToSleep : false
2025-07-07 01:37:57.848  3181-3181  OplusCharge--           com.android.systemui                 I  OplusChargeAnimFlavorOneImpl-->clearChargeAnim , reason : plugged out,mChargeAnimLayoutVfx : null, mFrameChargeLayout: null, this: com.oplus.systemui.keyguard.charginganim.siphonanim.viewmodel.OplusChargeAnimFlavorOneImpl@c6e6165
2025-07-07 01:37:57.848  3181-3181  OplusCharge--           com.android.systemui                 I  OplusChargeAnimFlavorOneImpl-->clear charge info
2025-07-07 01:37:57.848  3181-3181  SystemUi--Keyguard      com.android.systemui                 I  SingleClockController-->animChargeHasChanged , state : 4 , isCharging : false ,mIsCharging : false, mChargingAnimState : 4
2025-07-07 01:37:57.848  3181-3181  SystemUi--Keyguard      com.android.systemui                 W  SingleClockController-->state and charging is same , return
2025-07-07 01:37:57.856  6281-7402  Battery                 com.oplus.battery                    E  ChargeProtectionUtils: First Alarm is Sat Jul 05 03:30:00 GMT+06:00 2025, nowRtc  = Mon Jul 07 01:37:57 GMT+06:00 2025, too close , ignore it.
2025-07-07 01:37:57.856  6281-7402  Battery                 com.oplus.battery                    E  ChargeProtectionUtils: mCanlendarTmp.isEmpty()!
2025-07-07 01:37:57.857  1623-3799  OplusHansManager        system_server                        I  freeze uid: 10399 com.imo.android.imoim pids: [16697, 17058] IsolatedUid: [99110] scene: LcdOn
2025-07-07 01:37:57.859  3797-3797  DeviceStatisticsService com.qti.phone                        D  onReceive: action= android.intent.action.BATTERY_CHANGED
2025-07-07 01:37:57.860  9453-9453  IHansComunication       hans                                 D  HANS sendMessageToKernel: threadId = 506395081904, netLinkSetup = 1, type = PKG, targetUid = 10399, pkgCmd = ADD_ONE_UID
2025-07-07 01:37:58.095  3181-3181  SystemUi--Keyguard      com.android.systemui                 I  KeyguardUtils-->density is 0 sInitialDisplayDensity:480
2025-07-07 01:37:58.178  1306-1306  Layer                   surfaceflinger                       D  reparent to null sequence=23382, seq[1], name=WindowToken{12d2e6d type=2005 android.os.Binder@fae0684}#23382
2025-07-07 01:37:58.341 24602-24602 AIUnit-BatteryPublisher com.oplus.aiunit                     I  onReceive android.intent.action.BATTERY_CHANGED -> BatteryEvent[batteryPct:100.0, isCharging:false, isLowBattery:false, plugged:0]
2025-07-07 01:37:58.355  1623-3802  OplusHansManager        system_server                        I  unfreeze uid: 10195 com.lemon.lvoverseas pids: [19095, 19011, 19858] reason: AsyncBinder scene: LcdOn
2025-07-07 01:37:58.357  1623-3799  OplusHansManager        system_server                        I  uid=10195, pkg=com.lemon.lvoverseas F exit(), F stay=1, reason=AsyncBinder
2025-07-07 01:37:58.375  1623-6250  BroadcastQueue          system_server                        W  Ignoring finishReceiverLocked; no active broadcast for BroadcastProcessQueue{456772a 19095:com.lemon.lvoverseas/u0a195}
2025-07-07 01:37:58.393  1623-3963  ProcessStats            system_server                        W  Tracking association SourceState{1a962ad com.lemon.lvoverseas/10195 ImpFg #389260} whose proc state 5 is better than process ProcessState{66370ba com.lemon.lvoverseas:push/10195 pkg=com.lemon.lvoverseas} proc state 8 (214 skipped)
2025-07-07 01:37:58.394  1623-3802  OplusHansManager        system_server                        I  unfreeze uid: 10285 com.gamma.scan pids: [11400, 11483] reason: AsyncBinder scene: LcdOn
2025-07-07 01:37:58.397  1623-3799  OplusHansManager        system_server                        I  uid=10285, pkg=com.gamma.scan F exit(), F stay=0, reason=AsyncBinder
2025-07-07 01:37:58.401  1623-3802  OplusHansManager        system_server                        I  unfreeze uid: 10399 com.imo.android.imoim pids: [16697, 17058] reason: AsyncBinder scene: LcdOn
2025-07-07 01:37:58.402  1623-3799  OplusHansManager        system_server                        I  uid=10399, pkg=com.imo.android.imoim F exit(), F stay=0, reason=AsyncBinder
2025-07-07 01:37:58.635  3804-4107  CommonScen...-128-10039 com.oplus.nas                        D  transportLayerQosChange TransportLayerData{link_index=33, uid=10039, uplink_srtt=0, uplink_packets=0, uplink_retrans_packets=0, uplink_retrans_rate=0, downlink_srtt=0, downlink_packets=0, downlink_retrans_packets=0, downlink_retrans_rate=0, downlink_rate=0, uplink_udp_packets=0, downlink_udp_packets=0, uplink_tcp_rate=0, uplink_udp_rate=0, downlink_tcp_rate=0, downlink_udp_rate=0}
2025-07-07 01:37:58.635  3804-4107  CommonScen...-128-10039 com.oplus.nas                        D  ActiveState process message 2
2025-07-07 01:37:58.635  3804-4107  CommonScen...-128-10039 com.oplus.nas                        D  ActiveState EVENT_NETWORK_KPI_CHANGE
2025-07-07 01:37:58.635  3804-4107  CommonScen...-128-10039 com.oplus.nas                        D  transport layer data is invalid
2025-07-07 01:37:58.635  3804-4107  CommonScen...-128-10039 com.oplus.nas                        D  ActiveState EVENT_NETWORK_KPI_CHANGE score is invalid
2025-07-07 01:37:58.838  9453-9453  IHansComunication       hans                                 D  HANS sendMessageToKernel: threadId = 506395081904, netLinkSetup = 1, type = FROZEN_TRANS, targetUid = 10285, pkgCmd = PKG_CMD_MAX
2025-07-07 01:37:58.859  9453-9453  IHansComunication       hans                                 D  HANS sendMessageToKernel: threadId = 506395081904, netLinkSetup = 1, type = FROZEN_TRANS, targetUid = 10399, pkgCmd = PKG_CMD_MAX
2025-07-07 01:37:58.871  1623-2924  WifiStaIfaceHidlImpl    system_server                        D  getCachedScanData is not implemented by HIDL
2025-07-07 01:37:59.661  3804-4107  CommonScen...-128-10039 com.oplus.nas                        D  transportLayerQosChange TransportLayerData{link_index=33, uid=10039, uplink_srtt=0, uplink_packets=0, uplink_retrans_packets=0, uplink_retrans_rate=0, downlink_srtt=0, downlink_packets=0, downlink_retrans_packets=0, downlink_retrans_rate=0, downlink_rate=0, uplink_udp_packets=0, downlink_udp_packets=0, uplink_tcp_rate=0, uplink_udp_rate=0, downlink_tcp_rate=0, downlink_udp_rate=0}
2025-07-07 01:37:59.661  3804-4107  CommonScen...-128-10039 com.oplus.nas                        D  ActiveState process message 2
2025-07-07 01:37:59.661  3804-4107  CommonScen...-128-10039 com.oplus.nas                        D  ActiveState EVENT_NETWORK_KPI_CHANGE
2025-07-07 01:37:59.661  3804-4107  CommonScen...-128-10039 com.oplus.nas                        D  transport layer data is invalid
2025-07-07 01:37:59.661  3804-4107  CommonScen...-128-10039 com.oplus.nas                        D  ActiveState EVENT_NETWORK_KPI_CHANGE score is invalid
2025-07-07 01:37:59.866  1623-3799  OplusHansManager        system_server                        I  uid=10195, pkg=com.lemon.lvoverseas can not transition from M to F. reason: AsyncBinder
2025-07-07 01:37:59.905  1623-3799  OplusHansManager        system_server                        I  uid=10285, pkg=com.gamma.scan can not transition from M to F. reason: AsyncBinder
2025-07-07 01:37:59.913  1623-3799  OplusHansManager        system_server                        I  uid=10399, pkg=com.imo.android.imoim can not transition from M to F. reason: AsyncBinder
2025-07-07 01:38:00.002  1623-2840  AlarmManager            system_server                        V  sending alarm Alarm{e255cda type 3 origWhen 179492100 whenElapsed 179492100 android} uid 1000 whenElapsed 179492100 windowLength 0 maxWhenElapsed 179492100 repeatInterval 0 action null component null tag TIME_TICK flags 0x9 procName system_server
2025-07-07 01:38:00.016  1623-1623  LightsServiceExtImpl    system_server                        D  currentTime is not belong to 700 - 2330
2025-07-07 01:38:00.018  3932-3932  SubsysBroadcastManager  com.oplus.subsys                     D  onReceive action:android.intent.action.TIME_TICK
2025-07-07 01:38:00.022  6281-7098  PhoneUsageTime          com.oplus.battery                    D  affairType:231
2025-07-07 01:38:00.035  3181-3181  SystemUi--Keyguard      com.android.systemui                 I  KeyguardUtils-->density is 0 sInitialDisplayDensity:480
2025-07-07 01:38:00.036  6281-7098  PhoneScreenOnTime       com.oplus.battery                    D  affairType:231
2025-07-07 01:38:00.062  3181-3181  SingleClockView         com.android.systemui                 D  updateTime,  24hfmt=false, h=1, m=38
2025-07-07 01:38:00.069  3181-3181  SingleClockView         com.android.systemui                 D  updateTime,  24hfmt=false, h=1, m=38
2025-07-07 01:38:00.073  1623-6250  OplusCusto...gerService system_server                        E  isBiometricDisabled start
2025-07-07 01:38:00.082  1623-2340  OplusSmart...Controller system_server                        I  deltaLux = 0.22152519, scale = 1.0
2025-07-07 01:38:00.083  1623-2344  OplusSmart...Controller system_server                        D  handleMessage MSG_LUX_CHANGED, mLux:18.267746 luxQueue=[18.267746, 18.267746, 18.267746, 18.267746, 18.267746, 18.267746, 18.267746, 18.267746, 18.267746, 18.267746, 18.267746]
2025-07-07 01:38:00.083  1623-2344  OplusSmart...Controller system_server                        D  drag strategy, originLux:18.267746 updateLux:18.470047 Coefficient:4.7524357 queue:[18.632057, 18.489271, 18.489271, 18.267746]
2025-07-07 01:38:00.085  3181-3181  SystemUi--Keyguard      com.android.systemui                 I  KeyguardUtils-->density is 0 sInitialDisplayDensity:480
2025-07-07 01:38:00.685  3804-4107  CommonScen...-128-10039 com.oplus.nas                        D  transportLayerQosChange TransportLayerData{link_index=33, uid=10039, uplink_srtt=0, uplink_packets=0, uplink_retrans_packets=0, uplink_retrans_rate=0, downlink_srtt=0, downlink_packets=0, downlink_retrans_packets=0, downlink_retrans_rate=0, downlink_rate=0, uplink_udp_packets=0, downlink_udp_packets=0, uplink_tcp_rate=0, uplink_udp_rate=0, downlink_tcp_rate=0, downlink_udp_rate=0}
2025-07-07 01:38:00.686  3804-4107  CommonScen...-128-10039 com.oplus.nas                        D  ActiveState process message 2
2025-07-07 01:38:00.686  3804-4107  CommonScen...-128-10039 com.oplus.nas                        D  ActiveState EVENT_NETWORK_KPI_CHANGE
2025-07-07 01:38:00.686  3804-4107  CommonScen...-128-10039 com.oplus.nas                        D  transport layer data is invalid
2025-07-07 01:38:00.686  3804-4107  CommonScen...-128-10039 com.oplus.nas                        D  ActiveState EVENT_NETWORK_KPI_CHANGE score is invalid
2025-07-07 01:38:01.386  1623-3799  OplusHansManager        system_server                        I  uid=10195, pkg=com.lemon.lvoverseas F enter(), M stay=3
2025-07-07 01:38:01.404  1623-3799  OplusHansManager        system_server                        I  freeze uid: 10195 com.lemon.lvoverseas pids: [19095, 19011, 19858] IsolatedUid: [99056] scene: LcdOn
2025-07-07 01:38:01.406  9453-9453  IHansComunication       hans                                 D  HANS sendMessageToKernel: threadId = 506395081904, netLinkSetup = 1, type = PKG, targetUid = 10195, pkgCmd = ADD_ONE_UID
2025-07-07 01:38:01.424  1623-3799  OplusHansManager        system_server                        I  uid=10285, pkg=com.gamma.scan F enter(), M stay=3
2025-07-07 01:38:01.432  1623-3799  OplusHansManager        system_server                        I  freeze uid: 10285 com.gamma.scan pids: [11400, 11483] IsolatedUid: [99074] scene: LcdOn
2025-07-07 01:38:01.435  9453-9453  IHansComunication       hans                                 D  HANS sendMessageToKernel: threadId = 506395081904, netLinkSetup = 1, type = PKG, targetUid = 10285, pkgCmd = ADD_ONE_UID
2025-07-07 01:38:01.440  1623-3799  OplusHansManager        system_server                        I  uid=10399, pkg=com.imo.android.imoim F enter(), M stay=3
2025-07-07 01:38:01.452  1623-3799  OplusHansManager        system_server                        I  freeze uid: 10399 com.imo.android.imoim pids: [16697, 17058] IsolatedUid: [99110] scene: LcdOn
2025-07-07 01:38:01.454  9453-9453  IHansComunication       hans                                 D  HANS sendMessageToKernel: threadId = 506395081904, netLinkSetup = 1, type = PKG, targetUid = 10399, pkgCmd = ADD_ONE_UID
2025-07-07 01:38:01.709  3804-4107  CommonScen...-128-10039 com.oplus.nas                        D  transportLayerQosChange TransportLayerData{link_index=33, uid=10039, uplink_srtt=0, uplink_packets=0, uplink_retrans_packets=0, uplink_retrans_rate=0, downlink_srtt=0, downlink_packets=0, downlink_retrans_packets=0, downlink_retrans_rate=0, downlink_rate=0, uplink_udp_packets=0, downlink_udp_packets=0, uplink_tcp_rate=0, uplink_udp_rate=0, downlink_tcp_rate=0, downlink_udp_rate=0}
2025-07-07 01:38:01.709  3804-4107  CommonScen...-128-10039 com.oplus.nas                        D  ActiveState process message 2
2025-07-07 01:38:01.709  3804-4107  CommonScen...-128-10039 com.oplus.nas                        D  ActiveState EVENT_NETWORK_KPI_CHANGE
2025-07-07 01:38:01.709  3804-4107  CommonScen...-128-10039 com.oplus.nas                        D  transport layer data is invalid
2025-07-07 01:38:01.709  3804-4107  CommonScen...-128-10039 com.oplus.nas                        D  ActiveState EVENT_NETWORK_KPI_CHANGE score is invalid
2025-07-07 01:38:01.909  1623-2924  WifiStaIfaceHidlImpl    system_server                        D  getCachedScanData is not implemented by HIDL
2025-07-07 01:38:02.102  3181-3181  SystemUi--Keyguard      com.android.systemui                 I  KeyguardUtils-->density is 0 sInitialDisplayDensity:480
2025-07-07 01:38:02.192  1623-2344  OplusSmart...Controller system_server                        D  handleMessage MSG_LUX_CHANGED, mLux:18.267746 luxQueue=[18.267746, 18.267746, 18.267746, 18.267746, 18.267746, 18.267746, 18.267746, 18.267746, 18.267746, 18.267746]
2025-07-07 01:38:02.193  1623-2344  OplusSmart...Controller system_server                        D  drag strategy, originLux:18.267746 updateLux:18.378843 Coefficient:4.7524357 queue:[18.489271, 18.489271, 18.267746, 18.267746]
2025-07-07 01:38:02.407  9453-9453  IHansComunication       hans                                 D  HANS sendMessageToKernel: threadId = 506395081904, netLinkSetup = 1, type = FROZEN_TRANS, targetUid = 10195, pkgCmd = PKG_CMD_MAX
2025-07-07 01:38:02.435  9453-9453  IHansComunication       hans                                 D  HANS sendMessageToKernel: threadId = 506395081904, netLinkSetup = 1, type = FROZEN_TRANS, targetUid = 10285, pkgCmd = PKG_CMD_MAX
2025-07-07 01:38:02.454  9453-9453  IHansComunication       hans                                 D  HANS sendMessageToKernel: threadId = 506395081904, netLinkSetup = 1, type = FROZEN_TRANS, targetUid = 10399, pkgCmd = PKG_CMD_MAX
2025-07-07 01:38:02.733  3804-4107  CommonScen...-128-10039 com.oplus.nas                        D  transportLayerQosChange TransportLayerData{link_index=33, uid=10039, uplink_srtt=0, uplink_packets=0, uplink_retrans_packets=0, uplink_retrans_rate=0, downlink_srtt=0, downlink_packets=0, downlink_retrans_packets=0, downlink_retrans_rate=0, downlink_rate=0, uplink_udp_packets=0, downlink_udp_packets=0, uplink_tcp_rate=0, uplink_udp_rate=0, downlink_tcp_rate=0, downlink_udp_rate=0}
2025-07-07 01:38:02.733  3804-4107  CommonScen...-128-10039 com.oplus.nas                        D  ActiveState process message 2
2025-07-07 01:38:02.733  3804-4107  CommonScen...-128-10039 com.oplus.nas                        D  ActiveState EVENT_NETWORK_KPI_CHANGE
2025-07-07 01:38:02.733  3804-4107  CommonScen...-128-10039 com.oplus.nas                        D  transport layer data is invalid
2025-07-07 01:38:02.733  3804-4107  CommonScen...-128-10039 com.oplus.nas                        D  ActiveState EVENT_NETWORK_KPI_CHANGE score is invalid
2025-07-07 01:38:02.827  1306-4410  SurfaceFlinger          surfaceflinger                       D  captureDisplay from pid 1306 uid -1 display 4630946198108318081
2025-07-07 01:38:03.136  1981-2056  LocSvc_xtra2            xtra-daemon                          E  resolve:1145] DNS resolution on path2.xtracloud.net failed with ret code 7 No address associated with hostname
2025-07-07 01:38:03.157 20119-11179 AudioManagerExtImpl     com.facebook.orca                    D  getStreamVolume packageName=com.facebook.orca, index=16, streamType=1
2025-07-07 01:38:03.167  3758-3758  OplusTelep...Controller com.android.phone                    D  onSignalStrengthChanged: SignalStrength=SignalStrength:{mCdma=CellSignalStrengthCdma: cdmaDbm=2147483647 cdmaEcio=2147483647 evdoDbm=2147483647 evdoEcio=2147483647 evdoSnr=2147483647 level=0,mGsm=CellSignalStrengthGsm: rssi=2147483647 ber=2147483647 mTa=2147483647 mLevel=0,mWcdma=CellSignalStrengthWcdma: ss=2147483647 ber=2147483647 rscp=2147483647 ecno=2147483647 level=0,mTdscdma=CellSignalStrengthTdscdma: rssi=2147483647 ber=2147483647 rscp=2147483647 level=0,mLte=CellSignalStrengthLte: rssi=-69 rsrp=-97 rsrq=-12 rssnr=19 cqiTableIndex=2147483647 cqi=2147483647 ta=2147483647 level=4 parametersUseForLevel=0,mNr=CellSignalStrengthNr:{ csiRsrp = 2147483647 csiRsrq = 2147483647 csiCqiTableIndex = 2147483647 csiCqiReport = [] ssRsrp = 2147483647 ssRsrq = 2147483647 ssSinr = 2147483647 level = 0 parametersUseForLevel = 0 timingAdvance = 2147483647 },primary=CellSignalStrengthLte}
2025-07-07 01:38:03.169  3758-5007  OplusCellu...workConfig com.android.phone                    D  getDnsQueryPriority value=http://developers.google.com/generate_204
2025-07-07 01:38:03.172  3804-4107  CommonScen...-128-10039 com.oplus.nas                        D  trigger ourself dns check requestId1 4372
2025-07-07 01:38:03.177 20119-11179 AudioManagerExtImpl     com.facebook.orca                    D  getStreamVolume packageName=com.facebook.orca, index=16, streamType=1
2025-07-07 01:38:03.193  3804-11987 System.err              com.oplus.nas                        W  android.system.ErrnoException: setsockopt failed: EPERM (Operation not permitted)
2025-07-07 01:38:03.194  3804-11987 System.err              com.oplus.nas                        W  	at libcore.io.Linux.setsockoptIfreq(Native Method)
2025-07-07 01:38:03.194  3804-11987 System.err              com.oplus.nas                        W  	at libcore.io.ForwardingOs.setsockoptIfreq(ForwardingOs.java:779)
2025-07-07 01:38:03.195  3804-11987 System.err              com.oplus.nas                        W  	at libcore.io.ForwardingOs.setsockoptIfreq(ForwardingOs.java:779)
2025-07-07 01:38:03.195  3804-11987 System.err              com.oplus.nas                        W  	at android.system.Os.setsockoptIfreq(Os.java:782)
2025-07-07 01:38:03.195  3804-11987 System.err              com.oplus.nas                        W  	at android.net.util.SocketUtils.bindSocketToInterface(SocketUtils.java:54)
2025-07-07 01:38:03.195  3804-11987 System.err              com.oplus.nas                        W  	at com.oplus.nas.network.comm.c.a(SourceFile:44)
2025-07-07 01:38:03.195  3804-11987 System.err              com.oplus.nas                        W  	at com.oplus.nas.network.comm.i.run(SourceFile:5)
2025-07-07 01:38:03.195  3804-11987 System.err              com.oplus.nas                        W  	at java.util.concurrent.Executors$RunnableAdapter.call(Executors.java:524)
2025-07-07 01:38:03.195  3804-11987 System.err              com.oplus.nas                        W  	at java.util.concurrent.FutureTask.run(FutureTask.java:317)
2025-07-07 01:38:03.195  3804-11987 System.err              com.oplus.nas                        W  	at java.util.concurrent.ScheduledThreadPoolExecutor$ScheduledFutureTask.run(ScheduledThreadPoolExecutor.java:348)
2025-07-07 01:38:03.195  3804-11987 System.err              com.oplus.nas                        W  	at java.util.concurrent.ThreadPoolExecutor.runWorker(ThreadPoolExecutor.java:1156)
2025-07-07 01:38:03.195  3804-11987 System.err              com.oplus.nas                        W  	at java.util.concurrent.ThreadPoolExecutor$Worker.run(ThreadPoolExecutor.java:651)
2025-07-07 01:38:03.195  3804-11987 System.err              com.oplus.nas                        W  	at java.lang.Thread.run(Thread.java:1119)
2025-07-07 01:38:03.196  3804-4107  CommonScen...-128-10039 com.oplus.nas                        D  ActiveState process message 3
2025-07-07 01:38:03.196  3804-4107  CommonScen...-128-10039 com.oplus.nas                        D  ActiveState EVENT_DNS_CHECK_RESULT dns check delay=100
2025-07-07 01:38:03.198  4767-4827  horae                   horae                                E  0: back:31151,frame:30991,front:31728, 2, +(652), 1 ,32400,32857,32952,32589
2025-07-07 01:38:03.199 20477-2419  ShellSubsc...rkerThread com.oplus.midas                      D  the first 8 bytes empty, and RestData length > 8 
2025-07-07 01:38:03.468 17810-17836 OpenGLRenderer          system                               D  RenderThread::destroyRenderingContext: this=0xb4000079662e9780
2025-07-07 01:38:03.470 17810-17836 OpenGLRenderer          system                               D  EglManager::destroy: mEglDisplay=0xb40000797c4f4800, mEglContext=0xb4000079655fd480, mCurrentSurface=0x0
2025-07-07 01:38:03.731  3932-3932  SubsysBroadcastManager  com.oplus.subsys                     D  onReceive action:android.intent.action.BATTERY_CHANGED
2025-07-07 01:38:03.734  3797-3797  DeviceStatisticsService com.qti.phone                        D  onReceive: action= android.intent.action.BATTERY_CHANGED
2025-07-07 01:38:03.734  3181-3181  SystemUi--Statusbar     com.android.systemui                 I  BatteryControllerExt-->handleBroadcast() : broadcast = android.intent.action.BATTERY_CHANGED, charging = false, wirelessCharging = false, wirelessChargingReverse = false, pluggedIn = false, full = true, error = false, plugged = 0, status = 5, notifyCode = 100000000000010000000, wirelessReverseChgType = 0, level = 100
2025-07-07 01:38:03.735  3181-3181  SystemUi--Statusbar     com.android.systemui                 I  BatteryRepository-->model: BatteryStateModel:(level: 100, pluggedInWireless: false, charging: false, wirelessChargingReverse: false)
2025-07-07 01:38:03.735  3181-3181  SystemUi--Keyguard      com.android.systemui                 I  SingleClockController-->onBatteryLevelChange, mBatteryIsLow : false
2025-07-07 01:38:03.735  3181-3181  SystemUi--Keyguard      com.android.systemui                 I  ChargingAnimationImpl-->level :100 , charging : false , mPluggedInWireless : false , pluggedInWireless : false , mWirelessChargingReverse : false , mIsCharging : false , mFastChargeIntent : null , mIsPluggedIn : false
2025-07-07 01:38:03.735  3181-3181  OplusCharge--           com.android.systemui                 I  OplusChargeAnimFlavorOneImpl-->updateChargeAnimState , state : cancel charge anim , reason : plugged out , mChargeColorType : 0
2025-07-07 01:38:03.735  3181-3181  SystemUi--Keyguard      com.android.systemui                 I  SingleClockController-->animChargeHasChanged , state : 4 , isCharging : false ,mIsCharging : false, mChargingAnimState : 4
2025-07-07 01:38:03.735  3181-3181  SystemUi--Keyguard      com.android.systemui                 W  SingleClockController-->state and charging is same , return
2025-07-07 01:38:03.735  3181-3181  SystemUi--Keyguard      com.android.systemui                 I  ChargingAnimationImpl-->onAnimStateChanged , mChargeState : 4 , isScreenOn : true , mStateChanged : false , isGoingToSleep : false
2025-07-07 01:38:03.736  3181-3181  OplusCharge--           com.android.systemui                 I  OplusChargeAnimFlavorOneImpl-->clearChargeAnim , reason : plugged out,mChargeAnimLayoutVfx : null, mFrameChargeLayout: null, this: com.oplus.systemui.keyguard.charginganim.siphonanim.viewmodel.OplusChargeAnimFlavorOneImpl@c6e6165
2025-07-07 01:38:03.736  3181-3181  OplusCharge--           com.android.systemui                 I  OplusChargeAnimFlavorOneImpl-->clear charge info
2025-07-07 01:38:03.736  3181-3181  SystemUi--Keyguard      com.android.systemui                 I  SingleClockController-->animChargeHasChanged , state : 4 , isCharging : false ,mIsCharging : false, mChargingAnimState : 4
2025-07-07 01:38:03.736  3181-3181  SystemUi--Keyguard      com.android.systemui                 W  SingleClockController-->state and charging is same , return
2025-07-07 01:38:03.737  6281-7402  Battery                 com.oplus.battery                    E  ChargeProtectionUtils: First Alarm is Sat Jul 05 03:30:00 GMT+06:00 2025, nowRtc  = Mon Jul 07 01:38:03 GMT+06:00 2025, too close , ignore it.
2025-07-07 01:38:03.738  6281-7402  Battery                 com.oplus.battery                    E  ChargeProtectionUtils: mCanlendarTmp.isEmpty()!
2025-07-07 01:38:03.756  3804-4107  CommonScen...-128-10039 com.oplus.nas                        D  transportLayerQosChange TransportLayerData{link_index=33, uid=10039, uplink_srtt=0, uplink_packets=0, uplink_retrans_packets=0, uplink_retrans_rate=0, downlink_srtt=0, downlink_packets=0, downlink_retrans_packets=0, downlink_retrans_rate=0, downlink_rate=0, uplink_udp_packets=0, downlink_udp_packets=0, uplink_tcp_rate=0, uplink_udp_rate=0, downlink_tcp_rate=0, downlink_udp_rate=0}
2025-07-07 01:38:03.756  3804-4107  CommonScen...-128-10039 com.oplus.nas                        D  ActiveState process message 2
2025-07-07 01:38:03.756  3804-4107  CommonScen...-128-10039 com.oplus.nas                        D  ActiveState EVENT_NETWORK_KPI_CHANGE
2025-07-07 01:38:03.756  3804-4107  CommonScen...-128-10039 com.oplus.nas                        D  transport layer data is invalid
2025-07-07 01:38:03.756  3804-4107  CommonScen...-128-10039 com.oplus.nas                        D  ActiveState EVENT_NETWORK_KPI_CHANGE score is invalid
2025-07-07 01:38:04.234 24602-24602 AIUnit-BatteryPublisher com.oplus.aiunit                     I  onReceive android.intent.action.BATTERY_CHANGED -> BatteryEvent[batteryPct:100.0, isCharging:false, isLowBattery:false, plugged:0]
2025-07-07 01:38:04.255  1623-6189  BroadcastQueue          system_server                        W  Ignoring finishReceiverLocked; no active broadcast for BroadcastProcessQueue{456772a 19095:com.lemon.lvoverseas/u0a195}
2025-07-07 01:38:04.256  1623-3802  OplusHansManager        system_server                        I  unfreeze uid: 10195 com.lemon.lvoverseas pids: [19095, 19011, 19858] reason: AsyncBinder scene: LcdOn
2025-07-07 01:38:04.257  1623-3799  OplusHansManager        system_server                        I  uid=10195, pkg=com.lemon.lvoverseas F exit(), F stay=2, reason=AsyncBinder
2025-07-07 01:38:04.284  1623-3802  OplusHansManager        system_server                        I  unfreeze uid: 10285 com.gamma.scan pids: [11400, 11483] reason: AsyncBinder scene: LcdOn
2025-07-07 01:38:04.286  1623-3799  OplusHansManager        system_server                        I  uid=10285, pkg=com.gamma.scan F exit(), F stay=2, reason=AsyncBinder
